Component: ARM Compiler 5.06 update 6 (build 750) Tool: armlink [4d35ed]

==============================================================================

Section Cross References

    main.o(.text) refers to stm32f10x_gpio.o(.text) for GPIO_ResetBits
    main.o(.text) refers to delay.o(.text) for delay_ms
    main.o(.text) refers to sim900a.o(.text) for sim900a_send_cmd_tou_data
    main.o(.text) refers to stm32f10x_usart.o(.text) for USART_SendData
    main.o(.text) refers to misc.o(.text) for NVIC_PriorityGroupConfig
    main.o(.text) refers to usart.o(.text) for uart_init
    main.o(.text) refers to led.o(.text) for LED_Init
    main.o(.text) refers to usart2.o(.text) for USART2_Init
    main.o(.text) refers to usart3.o(.text) for USART3_Init
    main.o(.text) refers to usart4.o(.text) for USART4_Init
    main.o(.text) refers to printfa.o(i.__0printf) for __2printf
    main.o(.text) refers to lcd_u4.o(.text) for send_cmd_to_lcd_pic
    main.o(.text) refers to timer.o(.text) for TIM5_Int_Init
    system_stm32f10x.o(.text) refers to system_stm32f10x.o(.data) for SystemCoreClock
    md5.o(.text) refers to memcpya.o(.text) for __aeabi_memcpy
    md5.o(.text) refers to md5.o(.data) for PADDING
    led.o(.text) refers to stm32f10x_rcc.o(.text) for RCC_APB2PeriphClockCmd
    led.o(.text) refers to stm32f10x_gpio.o(.text) for GPIO_Init
    key.o(.text) refers to stm32f10x_rcc.o(.text) for RCC_APB2PeriphClockCmd
    key.o(.text) refers to stm32f10x_gpio.o(.text) for GPIO_PinRemapConfig
    key.o(.text) refers to delay.o(.text) for delay_ms
    key.o(.text) refers to key.o(.data) for key_up
    lcd.o(.text) refers to delay.o(.text) for delay_us
    lcd.o(.text) refers to lcd.o(.bss) for lcddev
    lcd.o(.text) refers to dfltui.o(.text) for __aeabi_ui2d
    lcd.o(.text) refers to dmul.o(.text) for __aeabi_dmul
    lcd.o(.text) refers to dfixui.o(.text) for __aeabi_d2uiz
    lcd.o(.text) refers to lcd.o(.data) for POINT_COLOR
    lcd.o(.text) refers to stm32f10x_rcc.o(.text) for RCC_APB2PeriphClockCmd
    lcd.o(.text) refers to stm32f10x_gpio.o(.text) for GPIO_PinRemapConfig
    lcd.o(.text) refers to printfa.o(i.__0printf) for __2printf
    lcd.o(.text) refers to lcd.o(.constdata) for asc2_1206
    spi.o(.text) refers to stm32f10x_spi.o(.text) for SPI_I2S_GetFlagStatus
    spi.o(.text) refers to stm32f10x_rcc.o(.text) for RCC_APB2PeriphClockCmd
    spi.o(.text) refers to stm32f10x_gpio.o(.text) for GPIO_Init
    spi.o(.text) refers to spi.o(.bss) for SPI_InitStructure
    flash.o(.text) refers to spi.o(.text) for SPI1_ReadWriteByte
    flash.o(.text) refers to stm32f10x_rcc.o(.text) for RCC_APB2PeriphClockCmd
    flash.o(.text) refers to stm32f10x_gpio.o(.text) for GPIO_Init
    flash.o(.text) refers to malloc.o(.text) for mymalloc
    flash.o(.text) refers to delay.o(.text) for delay_us
    flash.o(.text) refers to flash.o(.data) for SPI_FLASH_TYPE
    mmc_sd.o(.text) refers to spi.o(.text) for SPI1_ReadWriteByte
    mmc_sd.o(.text) refers to stm32f10x_rcc.o(.text) for RCC_APB2PeriphClockCmd
    mmc_sd.o(.text) refers to stm32f10x_gpio.o(.text) for GPIO_Init
    mmc_sd.o(.text) refers to mmc_sd.o(.data) for SD_Type
    myiic.o(.text) refers to stm32f10x_rcc.o(.text) for RCC_APB2PeriphClockCmd
    myiic.o(.text) refers to stm32f10x_gpio.o(.text) for GPIO_Init
    myiic.o(.text) refers to delay.o(.text) for delay_us
    24cxx.o(.text) refers to myiic.o(.text) for IIC_Init
    24cxx.o(.text) refers to delay.o(.text) for delay_ms
    touch.o(.text) refers to delay.o(.text) for delay_us
    touch.o(.text) refers to lcd.o(.text) for LCD_DrawLine
    touch.o(.text) refers to fflti.o(.text) for __aeabi_i2f
    touch.o(.text) refers to ffltui.o(.text) for __aeabi_ui2f
    touch.o(.text) refers to fmul.o(.text) for __aeabi_fmul
    touch.o(.text) refers to fadd.o(.text) for __aeabi_fadd
    touch.o(.text) refers to ffixui.o(.text) for __aeabi_f2uiz
    touch.o(.text) refers to ffixi.o(.text) for __aeabi_f2iz
    touch.o(.text) refers to 24cxx.o(.text) for AT24CXX_WriteLenByte
    touch.o(.text) refers to touch.o(.data) for CMD_RDX
    touch.o(.text) refers to lcd.o(.data) for POINT_COLOR
    touch.o(.text) refers to fdiv.o(.text) for __aeabi_fdiv
    touch.o(.text) refers to dfltui.o(.text) for __aeabi_ui2d
    touch.o(.text) refers to sqrt.o(i.sqrt) for sqrt
    touch.o(.text) refers to dfixui.o(.text) for __aeabi_d2uiz
    touch.o(.text) refers to lcd.o(.bss) for lcddev
    touch.o(.text) refers to touch.o(.constdata) for TP_ADJDIS_TBL
    touch.o(.text) refers to f2d.o(.text) for __aeabi_f2d
    touch.o(.text) refers to cdcmple.o(.text) for __aeabi_cdcmple
    touch.o(.text) refers to cdrcmple.o(.text) for __aeabi_cdrcmple
    touch.o(.text) refers to gt9147.o(.text) for GT9147_Init
    touch.o(.text) refers to ott2001a.o(.text) for OTT2001A_Init
    touch.o(.text) refers to ft5206.o(.text) for FT5206_Init
    touch.o(.text) refers to stm32f10x_rcc.o(.text) for RCC_APB2PeriphClockCmd
[...]
    tbl_upper                                0x08012024   Data         480  mycc936.o(.constdata)
    .constdata                               0x08012204   Section       64  ctype_c.o(.constdata)
    .conststring                             0x08012244   Section      147  sim900a.o(.conststring)
    .data                                    0x20000000   Section       20  system_stm32f10x.o(.data)
    .data                                    0x20000014   Section       64  md5.o(.data)
    .data                                    0x20000054   Section        4  lcd.o(.data)
    .data                                    0x20000058   Section        2  flash.o(.data)
    .data                                    0x2000005a   Section        2  usart2.o(.data)
    .data                                    0x2000005c   Section        2  usart3.o(.data)
    .data                                    0x2000005e   Section        2  usart4.o(.data)
    .data                                    0x20000060   Section       20  cjson.o(.data)
    global_error                             0x20000060   Data           8  cjson.o(.data)
    global_hooks                             0x20000068   Data          12  cjson.o(.data)
    .data                                    0x20000074   Section       11  lcd_u4.o(.data)
    .data                                    0x2000007f   Section        2  timer.o(.data)
    .data                                    0x20000082   Section        4  delay.o(.data)
    fac_us                                   0x20000082   Data           1  delay.o(.data)
    fac_ms                                   0x20000084   Data           2  delay.o(.data)
    .data                                    0x20000088   Section        6  usart.o(.data)
    .data                                    0x2000008e   Section       20  stm32f10x_rcc.o(.data)
    APBAHBPrescTable                         0x2000008e   Data          16  stm32f10x_rcc.o(.data)
    ADCPrescTable                            0x2000009e   Data           4  stm32f10x_rcc.o(.data)
    .data                                    0x200000a4   Section       20  malloc.o(.data)
    .data                                    0x200000b8   Section        8  sim900a.o(.data)
    .data                                    0x200000c0   Section        4  mvars.o(.data)
    .data                                    0x200000c4   Section        4  mvars.o(.data)
    .bss                                     0x200000c8   Section       14  lcd.o(.bss)
    .bss                                     0x200000d6   Section       18  spi.o(.bss)
    .bss                                     0x200000e8   Section     2048  usart2.o(.bss)
    .bss                                     0x200008e8   Section     2048  usart3.o(.bss)
    .bss                                     0x200010e8   Section     2048  usart4.o(.bss)
    .bss                                     0x200018e8   Section       15  cjson.o(.bss)
    version                                  0x200018e8   Data          15  cjson.o(.bss)
    .bss                                     0x200018f7   Section      200  usart.o(.bss)
    .bss                                     0x200019c0   Section    30464  malloc.o(.bss)
    .bss                                     0x200090c0   Section       33  fontupd.o(.bss)
    .bss                                     0x200090e1   Section      193  sim900a.o(.bss)
    HEAP                                     0x200091a8   Section    10240  startup_stm32f10x_hd.o(HEAP)
    STACK                                    0x2000b9a8   Section     1024  startup_stm32f10x_hd.o(STACK)

    Global Symbols

    Symbol Name                              Value     Ov Type        Size  Object(Section)

    BuildAttributes$$THM_ISAv4$P$D$K$B$S$PE$A:L22UL41UL21$X:L11$S22US41US21$IEEE1$IW$USESV6$~STKCKD$USESV7$~SHL$OTIME$ROPI$IEEEJ$EBA8$MICROLIB$REQ8$PRES8$EABIv2 0x00000000   Number         0  anon$$obj.o ABSOLUTE
    __ARM_use_no_argv                        0x00000000   Number         0  main.o ABSOLUTE
    __use_no_errno                           0x00000000   Number         0  useno.o ABSOLUTE
    __use_no_exception_handling              0x00000000   Number         0  useno.o ABSOLUTE
    __use_no_fp                              0x00000000   Number         0  useno.o ABSOLUTE
    __use_no_heap                            0x00000000   Number         0  useno.o ABSOLUTE
    __use_no_heap_region                     0x00000000   Number         0  useno.o ABSOLUTE
    __use_no_semihosting                     0x00000000   Number         0  useno.o ABSOLUTE
    __use_no_semihosting_swi                 0x00000000   Number         0  useno.o ABSOLUTE
    __use_no_signal_handling                 0x00000000   Number         0  useno.o ABSOLUTE
    _printf_a                                0x00000000   Number         0  stubs.o ABSOLUTE
    _printf_c                                0x00000000   Number         0  stubs.o ABSOLUTE
    _printf_charcount                        0x00000000   Number         0  stubs.o ABSOLUTE
    _printf_d                                0x00000000   Number         0  stubs.o ABSOLUTE
    _printf_e                                0x00000000   Number         0  stubs.o ABSOLUTE
    _printf_f                                0x00000000   Number         0  stubs.o ABSOLUTE
    _printf_flags                            0x00000000   Number         0  stubs.o ABSOLUTE
    _printf_fp_dec                           0x00000000   Number         0  stubs.o ABSOLUTE
    _printf_fp_hex                           0x00000000   Number         0  stubs.o ABSOLUTE
    _printf_g                                0x00000000   Number         0  stubs.o ABSOLUTE
    _printf_i                                0x00000000   Number         0  stubs.o ABSOLUTE
    _printf_int_dec                          0x00000000   Number         0  stubs.o ABSOLUTE
    _printf_l                                0x00000000   Number         0  stubs.o ABSOLUTE
    _printf_lc                               0x00000000   Number         0  stubs.o ABSOLUTE
    _printf_ll                               0x00000000   Number         0  stubs.o ABSOLUTE
    _printf_lld                              0x00000000   Number         0  stubs.o ABSOLUTE
    _printf_lli                              0x00000000   Number         0  stubs.o ABSOLUTE
    _printf_llo                              0x00000000   Number         0  stubs.o ABSOLUTE
    _printf_llu                              0x00000000   Number         0  stubs.o ABSOLUTE
    _printf_llx                              0x00000000   Number         0  stubs.o ABSOLUTE
    _printf_longlong_dec                     0x00000000   Number         0  stubs.o ABSOLUTE
    _printf_longlong_hex                     0x00000000   Number         0  stubs.o ABSOLUTE
    _printf_longlong_oct                     0x00000000   Number         0  stubs.o ABSOLUTE
    _printf_ls                               0x00000000   Number         0  stubs.o ABSOLUTE
    _printf_mbtowc                           0x00000000   Number         0  stubs.o ABSOLUTE
    _printf_n                                0x00000000   Number         0  stubs.o ABSOLUTE
    _printf_o                                0x00000000   Number         0  stubs.o ABSOLUTE
    _printf_p                                0x00000000   Number         0  stubs.o ABSOLUTE
    _printf_percent                          0x00000000   Number         0  stubs.o ABSOLUTE
    _printf_pre_padding                      0x00000000   Number         0  stubs.o ABSOLUTE
    _printf_return_value                     0x00000000   Number         0  stubs.o ABSOLUTE
    _printf_s                                0x00000000   Number         0  stubs.o ABSOLUTE
    _printf_sizespec                         0x00000000   Number         0  stubs.o ABSOLUTE
    _printf_str                              0x00000000   Number         0  stubs.o ABSOLUTE
    _printf_truncate_signed                  0x00000000   Number         0  stubs.o ABSOLUTE
    _printf_truncate_unsigned                0x00000000   Number         0  stubs.o ABSOLUTE
    _printf_u                                0x00000000   Number         0  stubs.o ABSOLUTE
    _printf_wc                               0x00000000   Number         0  stubs.o ABSOLUTE
    _printf_wctomb                           0x00000000   Number         0  stubs.o ABSOLUTE
    _printf_widthprec                        0x00000000   Number         0  stubs.o ABSOLUTE
    _printf_x                                0x00000000   Number         0  stubs.o ABSOLUTE
    __cpp_initialize__aeabi_                  - Undefined Weak Reference
    __cxa_finalize                            - Undefined Weak Reference
    __decompress                              - Undefined Weak Reference
    _clock_init                               - Undefined Weak Reference
    _microlib_exit                            - Undefined Weak Reference
    _scanf_int                                - Undefined Weak Reference
    _scanf_longlong                           - Undefined Weak Reference
    _scanf_string                             - Undefined Weak Reference
    __Vectors_Size                           0x00000130   Number         0  startup_stm32f10x_hd.o ABSOLUTE
    __Vectors                                0x08000000   Data           4  startup_stm32f10x_hd.o(RESET)
    __Vectors_End                            0x08000130   Data           0  startup_stm32f10x_hd.o(RESET)
    __main                                   0x08000131   Thumb Code     0  entry.o(.ARM.Collect$$$$00000000)
    _main_stk                                0x08000131   Thumb Code     0  entry2.o(.ARM.Collect$$$$00000001)
    _main_scatterload                        0x08000135   Thumb Code     0  entry5.o(.ARM.Collect$$$$00000004)
    __main_after_scatterload                 0x08000139   Thumb Code     0  entry5.o(.ARM.Collect$$$$00000004)
    _main_clock                              0x08000139   Thumb Code     0  entry7b.o(.ARM.Collect$$$$00000008)
    _main_cpp_init                           0x08000139   Thumb Code     0  entry8b.o(.ARM.Collect$$$$0000000A)
    _main_init                               0x08000139   Thumb Code     0  entry9a.o(.ARM.Collect$$$$0000000B)
    __rt_final_cpp                           0x08000141   Thumb Code     0  entry10a.o(.ARM.Collect$$$$0000000D)
    __rt_final_exit                          0x08000141   Thumb Code     0  entry11a.o(.ARM.Collect$$$$0000000F)
    uart0_debug_str                          0x08000157   Thumb Code    14  main.o(.text)
    uart0_debug_data_h                       0x08000165   Thumb Code    14  main.o(.text)
    uart0_debug_data_d                       0x08000173   Thumb Code    14  main.o(.text)
    Soft_Reset                               0x08000181   Thumb Code    38  main.o(.text)
    power_down_reset_ec20                    0x080001a7   Thumb Code    56  main.o(.text)
    reset_ec20                               0x080001df   Thumb Code    28  main.o(.text)
    at_mode_go                               0x080001fb   Thumb Code    30  main.o(.text)
    Usart_SendByte                           0x08000219   Thumb Code    30  main.o(.text)
    Usart_SendArray                          0x08000237   Thumb Code    48  main.o(.text)
    Usart_SendString                         0x08000267   Thumb Code    42  main.o(.text)
    main                                     0x08000291   Thumb Code   106  main.o(.text)
    NMI_Handler                              0x0800032d   Thumb Code     2  stm32f10x_it.o(.text)
    HardFault_Handler                        0x0800032f   Thumb Code     4  stm32f10x_it.o(.text)
    MemManage_Handler                        0x08000333   Thumb Code     4  stm32f10x_it.o(.text)
    BusFault_Handler                         0x08000337   Thumb Code     4  stm32f10x_it.o(.text)
    UsageFault_Handler                       0x0800033b   Thumb Code     4  stm32f10x_it.o(.text)
    SVC_Handler                              0x0800033f   Thumb Code     2  stm32f10x_it.o(.text)
    DebugMon_Handler                         0x08000341   Thumb Code     2  stm32f10x_it.o(.text)
    PendSV_Handler                           0x08000343   Thumb Code     2  stm32f10x_it.o(.text)
    SysTick_Handler                          0x08000345   Thumb Code     2  stm32f10x_it.o(.text)
    SystemInit                               0x08000427   Thumb Code    78  system_stm32f10x.o(.text)
    SystemCoreClockUpdate                    0x08000475   Thumb Code   142  system_stm32f10x.o(.text)
    MD5Init                                  0x08000529   Thumb Code    26  md5.o(.text)
    MD5Decode                                0x08000543   Thumb Code    50  md5.o(.text)
    MD5Transform                             0x08000575   Thumb Code  1886  md5.o(.text)
    MD5Update                                0x08000cd3   Thumb Code   140  md5.o(.text)
    MD5Encode                                0x08000d5f   Thumb Code    62  md5.o(.text)
    MD5Final                                 0x08000d9d   Thumb Code   204  md5.o(.text)
    LED_Init                                 0x08000e7f   Thumb Code   132  led.o(.text)
    LCD_WR_REG                               0x08000f0d   Thumb Code    28  lcd.o(.text)
    LCD_WR_DATAX                             0x08000f29   Thumb Code    28  lcd.o(.text)
    LCD_RD_DATA                              0x08000f45   Thumb Code    98  lcd.o(.text)
    LCD_WriteReg                             0x08000fa7   Thumb Code    40  lcd.o(.text)
    LCD_ReadReg                              0x08000fcf   Thumb Code    16  lcd.o(.text)
    LCD_WriteRAM_Prepare                     0x08000fdf   Thumb Code    12  lcd.o(.text)
    LCD_WriteRAM                             0x08000feb   Thumb Code    28  lcd.o(.text)
    LCD_BGR2RGB                              0x08001007   Thumb Code    26  lcd.o(.text)
    opt_delay                                0x08001021   Thumb Code    14  lcd.o(.text)
    LCD_SetCursor                            0x0800102f   Thumb Code   956  lcd.o(.text)
    LCD_ReadPoint                            0x080013eb   Thumb Code   506  lcd.o(.text)
    LCD_DisplayOn                            0x080015e5   Thumb Code    92  lcd.o(.text)
    LCD_DisplayOff                           0x08001641   Thumb Code    90  lcd.o(.text)
    LCD_Scan_Dir                             0x0800169b   Thumb Code  1126  lcd.o(.text)
    LCD_DrawPoint                            0x08001b01   Thumb Code    52  lcd.o(.text)
    LCD_Fast_DrawPoint                       0x08001b35   Thumb Code   854  lcd.o(.text)
    LCD_SSD_BackLightSet                     0x08001e8b   Thumb Code   220  lcd.o(.text)
    LCD_Display_Dir                          0x08001f67   Thumb Code   444  lcd.o(.text)
    LCD_Set_Window                           0x08002123   Thumb Code  1078  lcd.o(.text)
    LCD_Clear                                0x08002559   Thumb Code   122  lcd.o(.text)
    LCD_Init                                 0x080025d3   Thumb Code 15298  lcd.o(.text)
    LCD_Fill                                 0x08006195   Thumb Code   200  lcd.o(.text)
    LCD_Color_Fill                           0x0800625d   Thumb Code   116  lcd.o(.text)
    LCD_DrawLine                             0x080062d1   Thumb Code   176  lcd.o(.text)
    LCD_DrawRectangle                        0x08006381   Thumb Code    60  lcd.o(.text)
    LCD_Draw_Circle                          0x080063bd   Thumb Code   152  lcd.o(.text)
    LCD_ShowChar                             0x08006455   Thumb Code   272  lcd.o(.text)
    LCD_Pow                                  0x08006565   Thumb Code    22  lcd.o(.text)
    LCD_ShowNum                              0x0800657b   Thumb Code   180  lcd.o(.text)
    LCD_ShowxNum                             0x0800662f   Thumb Code   190  lcd.o(.text)
    LCD_ShowString                           0x080066ed   Thumb Code   102  lcd.o(.text)
    SPI1_ReadWriteByte                       0x08006755   Thumb Code    78  spi.o(.text)
    SPI1_Init                                0x080067a3   Thumb Code   108  spi.o(.text)
    SPI1_SetSpeed                            0x0800680f   Thumb Code    34  spi.o(.text)
    SPI_USART_IO_SET                         0x0800683d   Thumb Code    82  flash.o(.text)
    SPI_Flash_ReadID                         0x0800688f   Thumb Code    64  flash.o(.text)
    SPI_Flash_Init                           0x080068cf   Thumb Code    64  flash.o(.text)
    SPI_Flash_ReadSR                         0x0800690f   Thumb Code    36  flash.o(.text)
    SPI_FLASH_Write_SR                       0x08006933   Thumb Code    32  flash.o(.text)
    SPI_FLASH_Write_Enable                   0x08006953   Thumb Code    24  flash.o(.text)
    SPI_FLASH_Write_Disable                  0x0800696b   Thumb Code    24  flash.o(.text)
    SPI_Flash_Read                           0x08006983   Thumb Code    84  flash.o(.text)
    SPI_Flash_Wait_Busy                      0x080069d7   Thumb Code    18  flash.o(.text)
    SPI_Flash_Write_Page                     0x080069e9   Thumb Code    80  flash.o(.text)
    SPI_Flash_Write_NoCheck                  0x08006a39   Thumb Code    70  flash.o(.text)
    SPI_Flash_Erase_Sector                   0x08006a7f   Thumb Code    62  flash.o(.text)
    SPI_Flash_Write                          0x08006abd   Thumb Code   208  flash.o(.text)
    SPI_Flash_Erase_Chip                     0x08006b8d   Thumb Code    36  flash.o(.text)
    SPI_Flash_PowerDown                      0x08006bb1   Thumb Code    30  flash.o(.text)
    SPI_Flash_WAKEUP                         0x08006bcf   Thumb Code    30  flash.o(.text)
    USART2_IRQHandler                        0x08006bfd   Thumb Code    58  usart2.o(.text)
    UART_DMA_Config                          0x08006c37   Thumb Code    72  usart2.o(.text)
    USART2_Init                              0x08006c7f   Thumb Code   188  usart2.o(.text)
    UART_DMA_Enable                          0x08006d3b   Thumb Code    32  usart2.o(.text)
    u2_printf                                0x08006d5b   Thumb Code    56  usart2.o(.text)
    TIM4_Set                                 0x08006d93   Thumb Code    34  usart2.o(.text)
    TIM4_IRQHandler                          0x08006db5   Thumb Code    34  usart2.o(.text)
    TIM4_Init                                0x08006dd7   Thumb Code    82  usart2.o(.text)
    TIM3_Set                                 0x08006e57   Thumb Code    34  usart3.o(.text)
    USART3_IRQHandler                        0x08006e79   Thumb Code    84  usart3.o(.text)
    TIM3_Init                                0x08006ecd   Thumb Code    78  usart3.o(.text)
    USART3_Init                              0x08006f1b   Thumb Code   184  usart3.o(.text)
    TIM3_IRQHandler                          0x08006fd3   Thumb Code    40  usart3.o(.text)
    spear_uart3_send_datas                   0x08006ffb   Thumb Code    44  usart3.o(.text)
    lock_at_response                         0x08007027   Thumb Code    86  usart3.o(.text)
    TIM2_Set                                 0x08007091   Thumb Code    38  usart4.o(.text)
    UART4_IRQHandler                         0x080070b7   Thumb Code    86  usart4.o(.text)
    TIM2_Init                                0x0800710d   Thumb Code    84  usart4.o(.text)
    USART4_Init                              0x08007161   Thumb Code   186  usart4.o(.text)
    TIM2_IRQHandler                          0x0800721b   Thumb Code    40  usart4.o(.text)
    spear_uart_send_datas                    0x08007243   Thumb Code    14  usart4.o(.text)
    debug_uart4_send_datas                   0x08007251   Thumb Code    14  usart4.o(.text)
    uart4_send_datas                         0x0800725f   Thumb Code    44  usart4.o(.text)
    cJSON_GetErrorPtr                        0x0800729d   Thumb Code    12  cjson.o(.text)
    cJSON_IsString                           0x080072a9   Thumb Code    22  cjson.o(.text)
    cJSON_GetStringValue                     0x080072bf   Thumb Code    20  cjson.o(.text)
    cJSON_Version                            0x080072d3   Thumb Code    22  cjson.o(.text)
    cJSON_InitHooks                          0x08007369   Thumb Code    82  cjson.o(.text)
    cJSON_Delete                             0x080073d5   Thumb Code    84  cjson.o(.text)
    cJSON_SetNumberHelper                    0x08007557   Thumb Code    72  cjson.o(.text)
    cJSON_ParseWithOpts                      0x08008013   Thumb Code   204  cjson.o(.text)
    cJSON_Parse                              0x080080df   Thumb Code    16  cjson.o(.text)
    cJSON_Print                              0x080084c3   Thumb Code    16  cjson.o(.text)
    cJSON_PrintUnformatted                   0x080084d3   Thumb Code    16  cjson.o(.text)
    cJSON_PrintBuffered                      0x080084e3   Thumb Code    90  cjson.o(.text)
    cJSON_PrintPreallocated                  0x0800853d   Thumb Code    64  cjson.o(.text)
    cJSON_GetArraySize                       0x0800857d   Thumb Code    28  cjson.o(.text)
    cJSON_GetArrayItem                       0x080085b7   Thumb Code    24  cjson.o(.text)
    cJSON_GetObjectItem                      0x08008621   Thumb Code    18  cjson.o(.text)
    cJSON_GetObjectItemCaseSensitive         0x08008633   Thumb Code    18  cjson.o(.text)
    cJSON_HasObjectItem                      0x08008645   Thumb Code    24  cjson.o(.text)
    cJSON_AddItemToArray                     0x080086cd   Thumb Code    16  cjson.o(.text)
    cJSON_AddItemToObject                    0x08008755   Thumb Code    26  cjson.o(.text)
    cJSON_AddItemToObjectCS                  0x0800876f   Thumb Code    26  cjson.o(.text)
    cJSON_AddItemReferenceToArray            0x08008789   Thumb Code    32  cjson.o(.text)
    cJSON_AddItemReferenceToObject           0x080087a9   Thumb Code    44  cjson.o(.text)
    cJSON_CreateNull                         0x080087d5   Thumb Code    20  cjson.o(.text)
    cJSON_AddNullToObject                    0x080087e9   Thumb Code    44  cjson.o(.text)
    cJSON_CreateTrue                         0x08008815   Thumb Code    20  cjson.o(.text)
    cJSON_AddTrueToObject                    0x08008829   Thumb Code    44  cjson.o(.text)
    cJSON_CreateFalse                        0x08008855   Thumb Code    20  cjson.o(.text)
    cJSON_AddFalseToObject                   0x08008869   Thumb Code    44  cjson.o(.text)
    cJSON_CreateBool                         0x08008895   Thumb Code    32  cjson.o(.text)
    cJSON_AddBoolToObject                    0x080088b5   Thumb Code    48  cjson.o(.text)
    cJSON_CreateNumber                       0x080088e5   Thumb Code    82  cjson.o(.text)
    cJSON_AddNumberToObject                  0x08008937   Thumb Code    56  cjson.o(.text)
    cJSON_CreateString                       0x0800896f   Thumb Code    46  cjson.o(.text)
    cJSON_AddStringToObject                  0x0800899d   Thumb Code    48  cjson.o(.text)
    cJSON_CreateRaw                          0x080089cd   Thumb Code    46  cjson.o(.text)
    cJSON_AddRawToObject                     0x080089fb   Thumb Code    48  cjson.o(.text)
    cJSON_CreateObject                       0x08008a2b   Thumb Code    20  cjson.o(.text)
    cJSON_AddObjectToObject                  0x08008a3f   Thumb Code    44  cjson.o(.text)
    cJSON_CreateArray                        0x08008a6b   Thumb Code    20  cjson.o(.text)
    cJSON_AddArrayToObject                   0x08008a7f   Thumb Code    44  cjson.o(.text)
    cJSON_DetachItemViaPointer               0x08008aab   Thumb Code    50  cjson.o(.text)
    cJSON_DetachItemFromArray                0x08008add   Thumb Code    34  cjson.o(.text)
    cJSON_DeleteItemFromArray                0x08008aff   Thumb Code    22  cjson.o(.text)
    cJSON_DetachItemFromObject               0x08008b15   Thumb Code    26  cjson.o(.text)
    cJSON_DetachItemFromObjectCaseSensitive  0x08008b2f   Thumb Code    26  cjson.o(.text)
    cJSON_DeleteItemFromObject               0x08008b49   Thumb Code    22  cjson.o(.text)
    cJSON_DeleteItemFromObjectCaseSensitive  0x08008b5f   Thumb Code    22  cjson.o(.text)
    cJSON_InsertItemInArray                  0x08008b75   Thumb Code    68  cjson.o(.text)
    cJSON_ReplaceItemViaPointer              0x08008bb9   Thumb Code    74  cjson.o(.text)
    cJSON_ReplaceItemInArray                 0x08008c03   Thumb Code    42  cjson.o(.text)
    cJSON_free                               0x08008c2d   Thumb Code    14  cjson.o(.text)
    cJSON_ReplaceItemInObject                0x08008c8f   Thumb Code    38  cjson.o(.text)
    cJSON_ReplaceItemInObjectCaseSensitive   0x08008cb5   Thumb Code    22  cjson.o(.text)
    cJSON_CreateStringReference              0x08008ccb   Thumb Code    32  cjson.o(.text)
    cJSON_CreateObjectReference              0x08008ceb   Thumb Code    32  cjson.o(.text)
    cJSON_CreateArrayReference               0x08008d0b   Thumb Code    32  cjson.o(.text)
    cJSON_CreateIntArray                     0x08008d2b   Thumb Code   102  cjson.o(.text)
    cJSON_CreateFloatArray                   0x08008d91   Thumb Code   102  cjson.o(.text)
    cJSON_CreateDoubleArray                  0x08008df7   Thumb Code   100  cjson.o(.text)
    cJSON_CreateStringArray                  0x08008e5b   Thumb Code    94  cjson.o(.text)
    cJSON_Duplicate                          0x08008eb9   Thumb Code   178  cjson.o(.text)
    cJSON_Minify                             0x0800903b   Thumb Code   158  cjson.o(.text)
    cJSON_IsInvalid                          0x080090d9   Thumb Code    20  cjson.o(.text)
    cJSON_IsFalse                            0x080090ed   Thumb Code    20  cjson.o(.text)
    cJSON_IsTrue                             0x08009101   Thumb Code    22  cjson.o(.text)
    cJSON_IsBool                             0x08009117   Thumb Code    24  cjson.o(.text)
    cJSON_IsNull                             0x0800912f   Thumb Code    22  cjson.o(.text)
    cJSON_IsNumber                           0x08009145   Thumb Code    22  cjson.o(.text)
    cJSON_IsArray                            0x0800915b   Thumb Code    22  cjson.o(.text)
    cJSON_IsObject                           0x08009171   Thumb Code    22  cjson.o(.text)
    cJSON_IsRaw                              0x08009187   Thumb Code    22  cjson.o(.text)
    cJSON_Compare                            0x0800919d   Thumb Code   392  cjson.o(.text)
    cJSON_malloc                             0x08009325   Thumb Code    14  cjson.o(.text)
    itoa                                     0x0800934b   Thumb Code   170  lcd_u4.o(.text)
    ltoa                                     0x080093f5   Thumb Code   170  lcd_u4.o(.text)
    HexToStr                                 0x0800949f   Thumb Code    82  lcd_u4.o(.text)
    StrToHex                                 0x080094f1   Thumb Code    80  lcd_u4.o(.text)
    send_cmd_to_lcd_pic                      0x08009541   Thumb Code   118  lcd_u4.o(.text)
    cjson_to_struct_info_qujianma_opendoor   0x080095b7   Thumb Code   220  lcd_u4.o(.text)
    send_cmd_to_lcd_bl_len                   0x08009693   Thumb Code   120  lcd_u4.o(.text)
    reset_qujianma_timeout                   0x0800970b   Thumb Code    54  lcd_u4.o(.text)
    send_cmd_to_lcd_bl                       0x08009741   Thumb Code   128  lcd_u4.o(.text)
    shangping_exe                            0x080097c1   Thumb Code  1278  lcd_u4.o(.text)
    uart0_debug_data_h2                      0x08009cbf   Thumb Code    38  lcd_u4.o(.text)
    lcd_at_response                          0x08009ce5   Thumb Code  1822  lcd_u4.o(.text)
    ComputXor                                0x0800a403   Thumb Code    26  lcd_u4.o(.text)
    send_cmd_to_lock                         0x0800a41d   Thumb Code   134  lcd_u4.o(.text)
    send_cmd_to_lock_all                     0x0800a4a3   Thumb Code   168  lcd_u4.o(.text)
    TIM5_Set                                 0x0800a567   Thumb Code    34  timer.o(.text)
    TIM5_Int_Init                            0x0800a589   Thumb Code    96  timer.o(.text)
    TIM5_IRQHandler                          0x0800a5e9   Thumb Code   150  timer.o(.text)
    IWDG_Init                                0x0800a6a7   Thumb Code    36  iwdg.o(.text)
    IWDG_Feed                                0x0800a6cb   Thumb Code     8  iwdg.o(.text)
    delay_init                               0x0800a6d5   Thumb Code    50  delay.o(.text)
    delay_us                                 0x0800a707   Thumb Code    72  delay.o(.text)
    delay_ms                                 0x0800a74f   Thumb Code    72  delay.o(.text)
    _sys_exit                                0x0800a7a9   Thumb Code     6  usart.o(.text)
    fputc                                    0x0800a7af   Thumb Code    24  usart.o(.text)
    uart_init                                0x0800a7c7   Thumb Code   152  usart.o(.text)
    USART1_IRQHandler                        0x0800a85f   Thumb Code   122  usart.o(.text)
    Reset_Handler                            0x0800a8e9   Thumb Code     8  startup_stm32f10x_hd.o(.text)
    ADC1_2_IRQHandler                        0x0800a903   Thumb Code     0  startup_stm32f10x_hd.o(.text)
    ADC3_IRQHandler                          0x0800a903   Thumb Code     0  startup_stm32f10x_hd.o(.text)
    CAN1_RX1_IRQHandler                      0x0800a903   Thumb Code     0  startup_stm32f10x_hd.o(.text)
    CAN1_SCE_IRQHandler                      0x0800a903   Thumb Code     0  startup_stm32f10x_hd.o(.text)
    DMA1_Channel1_IRQHandler                 0x0800a903   Thumb Code     0  startup_stm32f10x_hd.o(.text)
    DMA1_Channel2_IRQHandler                 0x0800a903   Thumb Code     0  startup_stm32f10x_hd.o(.text)
    DMA1_Channel3_IRQHandler                 0x0800a903   Thumb Code     0  startup_stm32f10x_hd.o(.text)
    DMA1_Channel4_IRQHandler                 0x0800a903   Thumb Code     0  startup_stm32f10x_hd.o(.text)
    DMA1_Channel5_IRQHandler                 0x0800a903   Thumb Code     0  startup_stm32f10x_hd.o(.text)
    DMA1_Channel6_IRQHandler                 0x0800a903   Thumb Code     0  startup_stm32f10x_hd.o(.text)
    DMA1_Channel7_IRQHandler                 0x0800a903   Thumb Code     0  startup_stm32f10x_hd.o(.text)
    DMA2_Channel1_IRQHandler                 0x0800a903   Thumb Code     0  startup_stm32f10x_hd.o(.text)
    DMA2_Channel2_IRQHandler                 0x0800a903   Thumb Code     0  startup_stm32f10x_hd.o(.text)
    DMA2_Channel3_IRQHandler                 0x0800a903   Thumb Code     0  startup_stm32f10x_hd.o(.text)
    DMA2_Channel4_5_IRQHandler               0x0800a903   Thumb Code     0  startup_stm32f10x_hd.o(.text)
    EXTI0_IRQHandler                         0x0800a903   Thumb Code     0  startup_stm32f10x_hd.o(.text)
    EXTI15_10_IRQHandler                     0x0800a903   Thumb Code     0  startup_stm32f10x_hd.o(.text)
    EXTI1_IRQHandler                         0x0800a903   Thumb Code     0  startup_stm32f10x_hd.o(.text)
    EXTI2_IRQHandler                         0x0800a903   Thumb Code     0  startup_stm32f10x_hd.o(.text)
    EXTI3_IRQHandler                         0x0800a903   Thumb Code     0  startup_stm32f10x_hd.o(.text)
    EXTI4_IRQHandler                         0x0800a903   Thumb Code     0  startup_stm32f10x_hd.o(.text)
    EXTI9_5_IRQHandler                       0x0800a903   Thumb Code     0  startup_stm32f10x_hd.o(.text)
    FLASH_IRQHandler                         0x0800a903   Thumb Code     0  startup_stm32f10x_hd.o(.text)
    FSMC_IRQHandler                          0x0800a903   Thumb Code     0  startup_stm32f10x_hd.o(.text)
    I2C1_ER_IRQHandler                       0x0800a903   Thumb Code     0  startup_stm32f10x_hd.o(.text)
    I2C1_EV_IRQHandler                       0x0800a903   Thumb Code     0  startup_stm32f10x_hd.o(.text)
    I2C2_ER_IRQHandler                       0x0800a903   Thumb Code     0  startup_stm32f10x_hd.o(.text)
    I2C2_EV_IRQHandler                       0x0800a903   Thumb Code     0  startup_stm32f10x_hd.o(.text)
    PVD_IRQHandler                           0x0800a903   Thumb Code     0  startup_stm32f10x_hd.o(.text)
    RCC_IRQHandler                           0x0800a903   Thumb Code     0  startup_stm32f10x_hd.o(.text)
    RTCAlarm_IRQHandler                      0x0800a903   Thumb Code     0  startup_stm32f10x_hd.o(.text)
    RTC_IRQHandler                           0x0800a903   Thumb Code     0  startup_stm32f10x_hd.o(.text)
    SDIO_IRQHandler                          0x0800a903   Thumb Code     0  startup_stm32f10x_hd.o(.text)
    SPI1_IRQHandler                          0x0800a903   Thumb Code     0  startup_stm32f10x_hd.o(.text)
    SPI2_IRQHandler                          0x0800a903   Thumb Code     0  startup_stm32f10x_hd.o(.text)
    SPI3_IRQHandler                          0x0800a903   Thumb Code     0  startup_stm32f10x_hd.o(.text)
    TAMPER_IRQHandler                        0x0800a903   Thumb Code     0  startup_stm32f10x_hd.o(.text)
    TIM1_BRK_IRQHandler                      0x0800a903   Thumb Code     0  startup_stm32f10x_hd.o(.text)
    TIM1_CC_IRQHandler                       0x0800a903   Thumb Code     0  startup_stm32f10x_hd.o(.text)
    TIM1_TRG_COM_IRQHandler                  0x0800a903   Thumb Code     0  startup_stm32f10x_hd.o(.text)
    TIM1_UP_IRQHandler                       0x0800a903   Thumb Code     0  startup_stm32f10x_hd.o(.text)
    TIM6_IRQHandler                          0x0800a903   Thumb Code     0  startup_stm32f10x_hd.o(.text)
    TIM7_IRQHandler                          0x0800a903   Thumb Code     0  startup_stm32f10x_hd.o(.text)
    TIM8_BRK_IRQHandler                      0x0800a903   Thumb Code     0  startup_stm32f10x_hd.o(.text)
    TIM8_CC_IRQHandler                       0x0800a903   Thumb Code     0  startup_stm32f10x_hd.o(.text)
    TIM8_TRG_COM_IRQHandler                  0x0800a903   Thumb Code     0  startup_stm32f10x_hd.o(.text)
    TIM8_UP_IRQHandler                       0x0800a903   Thumb Code     0  startup_stm32f10x_hd.o(.text)
    UART5_IRQHandler                         0x0800a903   Thumb Code     0  startup_stm32f10x_hd.o(.text)
    USBWakeUp_IRQHandler                     0x0800a903   Thumb Code     0  startup_stm32f10x_hd.o(.text)
    USB_HP_CAN1_TX_IRQHandler                0x0800a903   Thumb Code     0  startup_stm32f10x_hd.o(.text)
    USB_LP_CAN1_RX0_IRQHandler               0x0800a903   Thumb Code     0  startup_stm32f10x_hd.o(.text)
    WWDG_IRQHandler                          0x0800a903   Thumb Code     0  startup_stm32f10x_hd.o(.text)
    GPIO_DeInit                              0x0800a90d   Thumb Code   172  stm32f10x_gpio.o(.text)
    GPIO_AFIODeInit                          0x0800a9b9   Thumb Code    20  stm32f10x_gpio.o(.text)
    GPIO_Init                                0x0800a9cd   Thumb Code   278  stm32f10x_gpio.o(.text)
    GPIO_StructInit                          0x0800aae3   Thumb Code    16  stm32f10x_gpio.o(.text)
    GPIO_ReadInputDataBit                    0x0800aaf3   Thumb Code    18  stm32f10x_gpio.o(.text)
    GPIO_ReadInputData                       0x0800ab05   Thumb Code     8  stm32f10x_gpio.o(.text)
    GPIO_ReadOutputDataBit                   0x0800ab0d   Thumb Code    18  stm32f10x_gpio.o(.text)
    GPIO_ReadOutputData                      0x0800ab1f   Thumb Code     8  stm32f10x_gpio.o(.text)
    GPIO_SetBits                             0x0800ab27   Thumb Code     4  stm32f10x_gpio.o(.text)
    GPIO_ResetBits                           0x0800ab2b   Thumb Code     4  stm32f10x_gpio.o(.text)
    GPIO_WriteBit                            0x0800ab2f   Thumb Code    10  stm32f10x_gpio.o(.text)
    GPIO_Write                               0x0800ab39   Thumb Code     4  stm32f10x_gpio.o(.text)
    GPIO_PinLockConfig                       0x0800ab3d   Thumb Code    18  stm32f10x_gpio.o(.text)
    GPIO_EventOutputConfig                   0x0800ab4f   Thumb Code    26  stm32f10x_gpio.o(.text)
    GPIO_EventOutputCmd                      0x0800ab69   Thumb Code     6  stm32f10x_gpio.o(.text)
    GPIO_PinRemapConfig                      0x0800ab6f   Thumb Code   138  stm32f10x_gpio.o(.text)
    GPIO_EXTILineConfig                      0x0800abf9   Thumb Code    66  stm32f10x_gpio.o(.text)
    GPIO_ETH_MediaInterfaceConfig            0x0800ac3b   Thumb Code     8  stm32f10x_gpio.o(.text)
    RCC_DeInit                               0x0800ac69   Thumb Code    64  stm32f10x_rcc.o(.text)
    RCC_HSEConfig                            0x0800aca9   Thumb Code    70  stm32f10x_rcc.o(.text)
    RCC_GetFlagStatus                        0x0800acef   Thumb Code    56  stm32f10x_rcc.o(.text)
    RCC_WaitForHSEStartUp                    0x0800ad27   Thumb Code    56  stm32f10x_rcc.o(.text)
    RCC_AdjustHSICalibrationValue            0x0800ad5f   Thumb Code    20  stm32f10x_rcc.o(.text)
    RCC_HSICmd                               0x0800ad73   Thumb Code     6  stm32f10x_rcc.o(.text)
    RCC_PLLConfig                            0x0800ad79   Thumb Code    24  stm32f10x_rcc.o(.text)
    RCC_PLLCmd                               0x0800ad91   Thumb Code     6  stm32f10x_rcc.o(.text)
    RCC_SYSCLKConfig                         0x0800ad97   Thumb Code    18  stm32f10x_rcc.o(.text)
    RCC_GetSYSCLKSource                      0x0800ada9   Thumb Code    10  stm32f10x_rcc.o(.text)
    RCC_HCLKConfig                           0x0800adb3   Thumb Code    18  stm32f10x_rcc.o(.text)
    RCC_PCLK1Config                          0x0800adc5   Thumb Code    18  stm32f10x_rcc.o(.text)
    RCC_PCLK2Config                          0x0800add7   Thumb Code    20  stm32f10x_rcc.o(.text)
    RCC_ITConfig                             0x0800adeb   Thumb Code    26  stm32f10x_rcc.o(.text)
    RCC_USBCLKConfig                         0x0800ae05   Thumb Code     8  stm32f10x_rcc.o(.text)
    RCC_ADCCLKConfig                         0x0800ae0d   Thumb Code    18  stm32f10x_rcc.o(.text)
    RCC_LSEConfig                            0x0800ae1f   Thumb Code    50  stm32f10x_rcc.o(.text)
    RCC_LSICmd                               0x0800ae51   Thumb Code     6  stm32f10x_rcc.o(.text)
    RCC_RTCCLKConfig                         0x0800ae57   Thumb Code    12  stm32f10x_rcc.o(.text)
    RCC_RTCCLKCmd                            0x0800ae63   Thumb Code     8  stm32f10x_rcc.o(.text)
    RCC_GetClocksFreq                        0x0800ae6b   Thumb Code   192  stm32f10x_rcc.o(.text)
    RCC_AHBPeriphClockCmd                    0x0800af2b   Thumb Code    26  stm32f10x_rcc.o(.text)
    RCC_APB2PeriphClockCmd                   0x0800af45   Thumb Code    26  stm32f10x_rcc.o(.text)
    RCC_APB1PeriphClockCmd                   0x0800af5f   Thumb Code    26  stm32f10x_rcc.o(.text)
    RCC_APB2PeriphResetCmd                   0x0800af79   Thumb Code    26  stm32f10x_rcc.o(.text)
    RCC_APB1PeriphResetCmd                   0x0800af93   Thumb Code    26  stm32f10x_rcc.o(.text)
    RCC_BackupResetCmd                       0x0800afad   Thumb Code     8  stm32f10x_rcc.o(.text)
    RCC_ClockSecuritySystemCmd               0x0800afb5   Thumb Code     6  stm32f10x_rcc.o(.text)
    RCC_MCOConfig                            0x0800afbb   Thumb Code     6  stm32f10x_rcc.o(.text)
    RCC_ClearFlag                            0x0800afc1   Thumb Code    14  stm32f10x_rcc.o(.text)
    RCC_GetITStatus                          0x0800afcf   Thumb Code    20  stm32f10x_rcc.o(.text)
    RCC_ClearITPendingBit                    0x0800afe3   Thumb Code     6  stm32f10x_rcc.o(.text)
    USART_DeInit                             0x0800b00d   Thumb Code   134  stm32f10x_usart.o(.text)
    USART_Init                               0x0800b093   Thumb Code   210  stm32f10x_usart.o(.text)
    USART_StructInit                         0x0800b165   Thumb Code    24  stm32f10x_usart.o(.text)
    USART_ClockInit                          0x0800b17d   Thumb Code    34  stm32f10x_usart.o(.text)
    USART_ClockStructInit                    0x0800b19f   Thumb Code    12  stm32f10x_usart.o(.text)
    USART_Cmd                                0x0800b1ab   Thumb Code    24  stm32f10x_usart.o(.text)
    USART_ITConfig                           0x0800b1c3   Thumb Code    74  stm32f10x_usart.o(.text)
    USART_DMACmd                             0x0800b20d   Thumb Code    18  stm32f10x_usart.o(.text)
    USART_SetAddress                         0x0800b21f   Thumb Code    18  stm32f10x_usart.o(.text)
    USART_WakeUpConfig                       0x0800b231   Thumb Code    18  stm32f10x_usart.o(.text)
    USART_ReceiverWakeUpCmd                  0x0800b243   Thumb Code    24  stm32f10x_usart.o(.text)
    USART_LINBreakDetectLengthConfig         0x0800b25b   Thumb Code    18  stm32f10x_usart.o(.text)
    USART_LINCmd                             0x0800b26d   Thumb Code    24  stm32f10x_usart.o(.text)
    USART_SendData                           0x0800b285   Thumb Code     8  stm32f10x_usart.o(.text)
    USART_ReceiveData                        0x0800b28d   Thumb Code    10  stm32f10x_usart.o(.text)
    USART_SendBreak                          0x0800b297   Thumb Code    10  stm32f10x_usart.o(.text)
    USART_SetGuardTime                       0x0800b2a1   Thumb Code    16  stm32f10x_usart.o(.text)
    USART_SetPrescaler                       0x0800b2b1   Thumb Code    16  stm32f10x_usart.o(.text)
    USART_SmartCardCmd                       0x0800b2c1   Thumb Code    24  stm32f10x_usart.o(.text)
    USART_SmartCardNACKCmd                   0x0800b2d9   Thumb Code    24  stm32f10x_usart.o(.text)
    USART_HalfDuplexCmd                      0x0800b2f1   Thumb Code    24  stm32f10x_usart.o(.text)
    USART_OverSampling8Cmd                   0x0800b309   Thumb Code    22  stm32f10x_usart.o(.text)
    USART_OneBitMethodCmd                    0x0800b31f   Thumb Code    24  stm32f10x_usart.o(.text)
    USART_IrDAConfig                         0x0800b337   Thumb Code    18  stm32f10x_usart.o(.text)
    USART_IrDACmd                            0x0800b349   Thumb Code    24  stm32f10x_usart.o(.text)
    USART_GetFlagStatus                      0x0800b361   Thumb Code    26  stm32f10x_usart.o(.text)
    USART_ClearFlag                          0x0800b37b   Thumb Code    18  stm32f10x_usart.o(.text)
    USART_GetITStatus                        0x0800b38d   Thumb Code    84  stm32f10x_usart.o(.text)
    USART_ClearITPendingBit                  0x0800b3e1   Thumb Code    52  stm32f10x_usart.o(.text)
    NVIC_PriorityGroupConfig                 0x0800b415   Thumb Code    10  misc.o(.text)
    NVIC_Init                                0x0800b41f   Thumb Code   100  misc.o(.text)
    NVIC_SetVectorTable                      0x0800b483   Thumb Code    14  misc.o(.text)
    NVIC_SystemLPConfig                      0x0800b491   Thumb Code    34  misc.o(.text)
    SysTick_CLKSourceConfig                  0x0800b4b3   Thumb Code    40  misc.o(.text)
    SPI_I2S_DeInit                           0x0800b4f1   Thumb Code    76  stm32f10x_spi.o(.text)
    SPI_Init                                 0x0800b53d   Thumb Code    60  stm32f10x_spi.o(.text)
    I2S_Init                                 0x0800b579   Thumb Code   226  stm32f10x_spi.o(.text)
    SPI_StructInit                           0x0800b65b   Thumb Code    24  stm32f10x_spi.o(.text)
    I2S_StructInit                           0x0800b673   Thumb Code    20  stm32f10x_spi.o(.text)
    SPI_Cmd                                  0x0800b687   Thumb Code    24  stm32f10x_spi.o(.text)
    I2S_Cmd                                  0x0800b69f   Thumb Code    24  stm32f10x_spi.o(.text)
    SPI_I2S_ITConfig                         0x0800b6b7   Thumb Code    32  stm32f10x_spi.o(.text)
    SPI_I2S_DMACmd                           0x0800b6d7   Thumb Code    18  stm32f10x_spi.o(.text)
    SPI_I2S_SendData                         0x0800b6e9   Thumb Code     4  stm32f10x_spi.o(.text)
    SPI_I2S_ReceiveData                      0x0800b6ed   Thumb Code     6  stm32f10x_spi.o(.text)
    SPI_NSSInternalSoftwareConfig            0x0800b6f3   Thumb Code    30  stm32f10x_spi.o(.text)
    SPI_SSOutputCmd                          0x0800b711   Thumb Code    24  stm32f10x_spi.o(.text)
    SPI_DataSizeConfig                       0x0800b729   Thumb Code    18  stm32f10x_spi.o(.text)
    SPI_TransmitCRC                          0x0800b73b   Thumb Code    10  stm32f10x_spi.o(.text)
    SPI_CalculateCRC                         0x0800b745   Thumb Code    24  stm32f10x_spi.o(.text)
    SPI_GetCRC                               0x0800b75d   Thumb Code    16  stm32f10x_spi.o(.text)
    SPI_GetCRCPolynomial                     0x0800b76d   Thumb Code     6  stm32f10x_spi.o(.text)
    SPI_BiDirectionalLineConfig              0x0800b773   Thumb Code    28  stm32f10x_spi.o(.text)
    SPI_I2S_GetFlagStatus                    0x0800b78f   Thumb Code    18  stm32f10x_spi.o(.text)
    SPI_I2S_ClearFlag                        0x0800b7a1   Thumb Code     6  stm32f10x_spi.o(.text)
    SPI_I2S_GetITStatus                      0x0800b7a7   Thumb Code    52  stm32f10x_spi.o(.text)
    SPI_I2S_ClearITPendingBit                0x0800b7db   Thumb Code    20  stm32f10x_spi.o(.text)
    TIM_DeInit                               0x0800b7fd   Thumb Code   424  stm32f10x_tim.o(.text)
    TIM_TimeBaseInit                         0x0800b9a5   Thumb Code   122  stm32f10x_tim.o(.text)
    TIM_OC1Init                              0x0800ba1f   Thumb Code   132  stm32f10x_tim.o(.text)
    TIM_OC2Init                              0x0800baa3   Thumb Code   154  stm32f10x_tim.o(.text)
    TIM_OC3Init                              0x0800bb3d   Thumb Code   150  stm32f10x_tim.o(.text)
    TIM_OC4Init                              0x0800bbd3   Thumb Code   182  stm32f10x_tim.o(.text)
    TIM_SetIC4Prescaler                      0x0800bc89   Thumb Code    26  stm32f10x_tim.o(.text)
    TIM_SetIC3Prescaler                      0x0800bd25   Thumb Code    18  stm32f10x_tim.o(.text)
    TIM_SetIC2Prescaler                      0x0800bdb1   Thumb Code    26  stm32f10x_tim.o(.text)
    TIM_SetIC1Prescaler                      0x0800be4d   Thumb Code    18  stm32f10x_tim.o(.text)
    TIM_ICInit                               0x0800becb   Thumb Code   150  stm32f10x_tim.o(.text)
    TIM_PWMIConfig                           0x0800bf61   Thumb Code   124  stm32f10x_tim.o(.text)
    TIM_BDTRConfig                           0x0800bfdd   Thumb Code    32  stm32f10x_tim.o(.text)
    TIM_TimeBaseStructInit                   0x0800bffd   Thumb Code    18  stm32f10x_tim.o(.text)
    TIM_OCStructInit                         0x0800c00f   Thumb Code    20  stm32f10x_tim.o(.text)
    TIM_ICStructInit                         0x0800c023   Thumb Code    18  stm32f10x_tim.o(.text)
    TIM_BDTRStructInit                       0x0800c035   Thumb Code    40  stm32f10x_tim.o(.text)
    TIM_Cmd                                  0x0800c05d   Thumb Code    24  stm32f10x_tim.o(.text)
    TIM_CtrlPWMOutputs                       0x0800c075   Thumb Code    30  stm32f10x_tim.o(.text)
    TIM_ITConfig                             0x0800c093   Thumb Code    18  stm32f10x_tim.o(.text)
    TIM_GenerateEvent                        0x0800c0a5   Thumb Code     4  stm32f10x_tim.o(.text)
    TIM_DMAConfig                            0x0800c0a9   Thumb Code    10  stm32f10x_tim.o(.text)
    TIM_DMACmd                               0x0800c0b3   Thumb Code    18  stm32f10x_tim.o(.text)
    TIM_InternalClockConfig                  0x0800c0c5   Thumb Code    12  stm32f10x_tim.o(.text)
    TIM_SelectInputTrigger                   0x0800c0d1   Thumb Code    18  stm32f10x_tim.o(.text)
    TIM_ITRxExternalClockConfig              0x0800c0e3   Thumb Code    24  stm32f10x_tim.o(.text)
    TIM_TIxExternalClockConfig               0x0800c0fb   Thumb Code    62  stm32f10x_tim.o(.text)
    TIM_ETRConfig                            0x0800c139   Thumb Code    28  stm32f10x_tim.o(.text)
    TIM_ETRClockMode1Config                  0x0800c155   Thumb Code    54  stm32f10x_tim.o(.text)
    TIM_ETRClockMode2Config                  0x0800c18b   Thumb Code    32  stm32f10x_tim.o(.text)
    TIM_PrescalerConfig                      0x0800c1ab   Thumb Code     6  stm32f10x_tim.o(.text)
    TIM_CounterModeConfig                    0x0800c1b1   Thumb Code    18  stm32f10x_tim.o(.text)
    TIM_EncoderInterfaceConfig               0x0800c1c3   Thumb Code    66  stm32f10x_tim.o(.text)
    TIM_ForcedOC1Config                      0x0800c205   Thumb Code    18  stm32f10x_tim.o(.text)
    TIM_ForcedOC2Config                      0x0800c217   Thumb Code    26  stm32f10x_tim.o(.text)
    TIM_ForcedOC3Config                      0x0800c231   Thumb Code    18  stm32f10x_tim.o(.text)
    TIM_ForcedOC4Config                      0x0800c243   Thumb Code    26  stm32f10x_tim.o(.text)
    TIM_ARRPreloadConfig                     0x0800c25d   Thumb Code    24  stm32f10x_tim.o(.text)
    TIM_SelectCOM                            0x0800c275   Thumb Code    24  stm32f10x_tim.o(.text)
    TIM_SelectCCDMA                          0x0800c28d   Thumb Code    24  stm32f10x_tim.o(.text)
    TIM_CCPreloadControl                     0x0800c2a5   Thumb Code    24  stm32f10x_tim.o(.text)
    TIM_OC1PreloadConfig                     0x0800c2bd   Thumb Code    18  stm32f10x_tim.o(.text)
    TIM_OC2PreloadConfig                     0x0800c2cf   Thumb Code    26  stm32f10x_tim.o(.text)
    TIM_OC3PreloadConfig                     0x0800c2e9   Thumb Code    18  stm32f10x_tim.o(.text)
    TIM_OC4PreloadConfig                     0x0800c2fb   Thumb Code    26  stm32f10x_tim.o(.text)
    TIM_OC1FastConfig                        0x0800c315   Thumb Code    18  stm32f10x_tim.o(.text)
    TIM_OC2FastConfig                        0x0800c327   Thumb Code    26  stm32f10x_tim.o(.text)
    TIM_OC3FastConfig                        0x0800c341   Thumb Code    18  stm32f10x_tim.o(.text)
    TIM_OC4FastConfig                        0x0800c353   Thumb Code    26  stm32f10x_tim.o(.text)
    TIM_ClearOC1Ref                          0x0800c36d   Thumb Code    18  stm32f10x_tim.o(.text)
    TIM_ClearOC2Ref                          0x0800c37f   Thumb Code    24  stm32f10x_tim.o(.text)
    TIM_ClearOC3Ref                          0x0800c397   Thumb Code    18  stm32f10x_tim.o(.text)
    TIM_ClearOC4Ref                          0x0800c3a9   Thumb Code    24  stm32f10x_tim.o(.text)
    TIM_OC1PolarityConfig                    0x0800c3c1   Thumb Code    18  stm32f10x_tim.o(.text)
    TIM_OC1NPolarityConfig                   0x0800c3d3   Thumb Code    18  stm32f10x_tim.o(.text)
    TIM_OC2PolarityConfig                    0x0800c3e5   Thumb Code    26  stm32f10x_tim.o(.text)
    TIM_OC2NPolarityConfig                   0x0800c3ff   Thumb Code    26  stm32f10x_tim.o(.text)
    TIM_OC3PolarityConfig                    0x0800c419   Thumb Code    26  stm32f10x_tim.o(.text)
    TIM_OC3NPolarityConfig                   0x0800c433   Thumb Code    26  stm32f10x_tim.o(.text)
    TIM_OC4PolarityConfig                    0x0800c44d   Thumb Code    26  stm32f10x_tim.o(.text)
    TIM_CCxCmd                               0x0800c467   Thumb Code    30  stm32f10x_tim.o(.text)
    TIM_CCxNCmd                              0x0800c485   Thumb Code    30  stm32f10x_tim.o(.text)
    TIM_SelectOCxM                           0x0800c4a3   Thumb Code    82  stm32f10x_tim.o(.text)
    TIM_UpdateDisableConfig                  0x0800c4f5   Thumb Code    24  stm32f10x_tim.o(.text)
    TIM_UpdateRequestConfig                  0x0800c50d   Thumb Code    24  stm32f10x_tim.o(.text)
    TIM_SelectHallSensor                     0x0800c525   Thumb Code    24  stm32f10x_tim.o(.text)
    TIM_SelectOnePulseMode                   0x0800c53d   Thumb Code    18  stm32f10x_tim.o(.text)
    TIM_SelectOutputTrigger                  0x0800c54f   Thumb Code    18  stm32f10x_tim.o(.text)
    TIM_SelectSlaveMode                      0x0800c561   Thumb Code    18  stm32f10x_tim.o(.text)
    TIM_SelectMasterSlaveMode                0x0800c573   Thumb Code    18  stm32f10x_tim.o(.text)
    TIM_SetCounter                           0x0800c585   Thumb Code     4  stm32f10x_tim.o(.text)
    TIM_SetAutoreload                        0x0800c589   Thumb Code     4  stm32f10x_tim.o(.text)
    TIM_SetCompare1                          0x0800c58d   Thumb Code     4  stm32f10x_tim.o(.text)
    TIM_SetCompare2                          0x0800c591   Thumb Code     4  stm32f10x_tim.o(.text)
    TIM_SetCompare3                          0x0800c595   Thumb Code     4  stm32f10x_tim.o(.text)
    TIM_SetCompare4                          0x0800c599   Thumb Code     6  stm32f10x_tim.o(.text)
    TIM_SetClockDivision                     0x0800c59f   Thumb Code    18  stm32f10x_tim.o(.text)
    TIM_GetCapture1                          0x0800c5b1   Thumb Code     6  stm32f10x_tim.o(.text)
    TIM_GetCapture2                          0x0800c5b7   Thumb Code     6  stm32f10x_tim.o(.text)
    TIM_GetCapture3                          0x0800c5bd   Thumb Code     6  stm32f10x_tim.o(.text)
    TIM_GetCapture4                          0x0800c5c3   Thumb Code     8  stm32f10x_tim.o(.text)
    TIM_GetCounter                           0x0800c5cb   Thumb Code     6  stm32f10x_tim.o(.text)
    TIM_GetPrescaler                         0x0800c5d1   Thumb Code     6  stm32f10x_tim.o(.text)
    TIM_GetFlagStatus                        0x0800c5d7   Thumb Code    18  stm32f10x_tim.o(.text)
    TIM_ClearFlag                            0x0800c5e9   Thumb Code     6  stm32f10x_tim.o(.text)
    TIM_GetITStatus                          0x0800c5ef   Thumb Code    34  stm32f10x_tim.o(.text)
    TIM_ClearITPendingBit                    0x0800c611   Thumb Code     6  stm32f10x_tim.o(.text)
    DMA_DeInit                               0x0800c619   Thumb Code   324  stm32f10x_dma.o(.text)
    DMA_Init                                 0x0800c75d   Thumb Code    60  stm32f10x_dma.o(.text)
    DMA_StructInit                           0x0800c799   Thumb Code    26  stm32f10x_dma.o(.text)
    DMA_Cmd                                  0x0800c7b3   Thumb Code    24  stm32f10x_dma.o(.text)
    DMA_ITConfig                             0x0800c7cb   Thumb Code    18  stm32f10x_dma.o(.text)
    DMA_SetCurrDataCounter                   0x0800c7dd   Thumb Code     4  stm32f10x_dma.o(.text)
    DMA_GetCurrDataCounter                   0x0800c7e1   Thumb Code     8  stm32f10x_dma.o(.text)
    DMA_GetFlagStatus                        0x0800c7e9   Thumb Code    40  stm32f10x_dma.o(.text)
    DMA_ClearFlag                            0x0800c811   Thumb Code    22  stm32f10x_dma.o(.text)
    DMA_GetITStatus                          0x0800c827   Thumb Code    40  stm32f10x_dma.o(.text)
    DMA_ClearITPendingBit                    0x0800c84f   Thumb Code    22  stm32f10x_dma.o(.text)
    IWDG_WriteAccessCmd                      0x0800c86d   Thumb Code     6  stm32f10x_iwdg.o(.text)
    IWDG_SetPrescaler                        0x0800c873   Thumb Code     6  stm32f10x_iwdg.o(.text)
    IWDG_SetReload                           0x0800c879   Thumb Code     6  stm32f10x_iwdg.o(.text)
    IWDG_ReloadCounter                       0x0800c87f   Thumb Code    10  stm32f10x_iwdg.o(.text)
    IWDG_Enable                              0x0800c889   Thumb Code    10  stm32f10x_iwdg.o(.text)
    IWDG_GetFlagStatus                       0x0800c893   Thumb Code    20  stm32f10x_iwdg.o(.text)
    mymemcpy                                 0x0800c8ad   Thumb Code    26  malloc.o(.text)
    mymemset                                 0x0800c8c7   Thumb Code    20  malloc.o(.text)
    mem_init                                 0x0800c8db   Thumb Code    38  malloc.o(.text)
    mem_perused                              0x0800c901   Thumb Code    42  malloc.o(.text)
    mem_malloc                               0x0800c92b   Thumb Code   116  malloc.o(.text)
    mem_free                                 0x0800c99f   Thumb Code    66  malloc.o(.text)
    myfree                                   0x0800c9e1   Thumb Code    24  malloc.o(.text)
    mymalloc                                 0x0800c9f9   Thumb Code    28  malloc.o(.text)
    myrealloc                                0x0800ca15   Thumb Code    50  malloc.o(.text)
    ff_convert                               0x0800ca4d   Thumb Code   146  mycc936.o(.text)
    ff_wtoupper                              0x0800cadf   Thumb Code    46  mycc936.o(.text)
    Get_HzMat                                0x0800cb19   Thumb Code   220  text.o(.text)
    Show_Font                                0x0800cbf5   Thumb Code   190  text.o(.text)
    Show_Str                                 0x0800ccb3   Thumb Code   192  text.o(.text)
    Show_Str_Mid                             0x0800cd73   Thumb Code   106  text.o(.text)
    delay_xs                                 0x0800cdff   Thumb Code    26  sim900a.o(.text)
    cjson_to_struct_info_qrcode              0x0800ce19   Thumb Code   184  sim900a.o(.text)
    sim900a_check_cmd                        0x0800ced1   Thumb Code    28  sim900a.o(.text)
    sim900a_send_cmd                         0x0800ceed   Thumb Code   104  sim900a.o(.text)
    sim900a_send_cmd_tou_data                0x0800cf55   Thumb Code   110  sim900a.o(.text)
    cjson_to_struct_info_register            0x0800cfc3   Thumb Code  1080  sim900a.o(.text)
    cjson_to_struct_info_overtime_pay        0x0800d3fb   Thumb Code   382  sim900a.o(.text)
    cjson_to_struct_info_tcp_rcv_overtime_pay_success 0x0800d579   Thumb Code   130  sim900a.o(.text)
    cjson_to_struct_info_tcp_rcv             0x0800d5fb   Thumb Code  1600  sim900a.o(.text)
    sim_at_response                          0x0800dc3b   Thumb Code    58  sim900a.o(.text)
    sim900a_send_cmd_noclean                 0x0800dc75   Thumb Code    70  sim900a.o(.text)
    sim900a_chr2hex                          0x0800dcbb   Thumb Code    54  sim900a.o(.text)
    sim900a_hex2chr                          0x0800dcf1   Thumb Code    34  sim900a.o(.text)
    sim900a_unigbk_exchange                  0x0800dd13   Thumb Code   584  sim900a.o(.text)
    sim900a_gprs_test                        0x0800df5b   Thumb Code  1920  sim900a.o(.text)
    sim900a_mtest_ui                         0x0800e6db   Thumb Code   474  sim900a.o(.text)
    sim900a_gsminfo_show                     0x0800e8b5   Thumb Code   734  sim900a.o(.text)
    toupper                                  0x0800eb99   Thumb Code    12  toupper.o(.text)
    tolower                                  0x0800eba5   Thumb Code    12  tolower.o(.text)
    __aeabi_memcpy                           0x0800ebb1   Thumb Code    36  memcpya.o(.text)
    __aeabi_memcpy4                          0x0800ebb1   Thumb Code     0  memcpya.o(.text)
    __aeabi_memcpy8                          0x0800ebb1   Thumb Code     0  memcpya.o(.text)
    __aeabi_memset                           0x0800ebd5   Thumb Code    14  memseta.o(.text)
    __aeabi_memset4                          0x0800ebd5   Thumb Code     0  memseta.o(.text)
    __aeabi_memset8                          0x0800ebd5   Thumb Code     0  memseta.o(.text)
    __aeabi_memclr                           0x0800ebe3   Thumb Code     4  memseta.o(.text)
    __aeabi_memclr4                          0x0800ebe3   Thumb Code     0  memseta.o(.text)
    __aeabi_memclr8                          0x0800ebe3   Thumb Code     0  memseta.o(.text)
    _memset$wrapper                          0x0800ebe7   Thumb Code    18  memseta.o(.text)
    strstr                                   0x0800ebf9   Thumb Code    36  strstr.o(.text)
    strchr                                   0x0800ec1d   Thumb Code    20  strchr.o(.text)
    strlen                                   0x0800ec31   Thumb Code    14  strlen.o(.text)
    strcmp                                   0x0800ec3f   Thumb Code    28  strcmp.o(.text)
    strcpy                                   0x0800ec5b   Thumb Code    18  strcpy.o(.text)
    strncmp                                  0x0800ec6d   Thumb Code    30  strncmp.o(.text)
    strrchr                                  0x0800ec8b   Thumb Code    32  strrchr.o(.text)
    __0sscanf                                0x0800ecad   Thumb Code    48  __0sscanf.o(.text)
    _scanf_real                              0x0800ee0d   Thumb Code     0  scanf_fp.o(.text)
    _scanf_really_real                       0x0800ee0d   Thumb Code   556  scanf_fp.o(.text)
    __aeabi_dadd                             0x0800f045   Thumb Code   322  dadd.o(.text)
    __aeabi_dsub                             0x0800f187   Thumb Code     6  dadd.o(.text)
    __aeabi_drsub                            0x0800f18d   Thumb Code     6  dadd.o(.text)
    __aeabi_dmul                             0x0800f193   Thumb Code   228  dmul.o(.text)
    __aeabi_ddiv                             0x0800f277   Thumb Code   222  ddiv.o(.text)
    __aeabi_i2d                              0x0800f355   Thumb Code    34  dflti.o(.text)
    __aeabi_ui2d                             0x0800f377   Thumb Code    26  dfltui.o(.text)
    __aeabi_d2iz                             0x0800f391   Thumb Code    62  dfixi.o(.text)
    __aeabi_d2uiz                            0x0800f3cf   Thumb Code    50  dfixui.o(.text)
    __aeabi_f2d                              0x0800f401   Thumb Code    38  f2d.o(.text)
    __aeabi_cdcmpeq                          0x0800f429   Thumb Code     0  cdcmple.o(.text)
    __aeabi_cdcmple                          0x0800f429   Thumb Code    48  cdcmple.o(.text)
    __aeabi_cdrcmple                         0x0800f459   Thumb Code    48  cdrcmple.o(.text)
    __aeabi_uidiv                            0x0800f489   Thumb Code     0  uidiv.o(.text)
    __aeabi_uidivmod                         0x0800f489   Thumb Code    44  uidiv.o(.text)
    __aeabi_uldivmod                         0x0800f4b5   Thumb Code    98  uldiv.o(.text)
    __aeabi_llsl                             0x0800f517   Thumb Code    30  llshl.o(.text)
    _ll_shift_l                              0x0800f517   Thumb Code     0  llshl.o(.text)
    __aeabi_llsr                             0x0800f535   Thumb Code    32  llushr.o(.text)
    _ll_ushift_r                             0x0800f535   Thumb Code     0  llushr.o(.text)
    __aeabi_lasr                             0x0800f555   Thumb Code    36  llsshr.o(.text)
    _ll_sshift_r                             0x0800f555   Thumb Code     0  llsshr.o(.text)
    __vfscanf_char                           0x0800f585   Thumb Code    20  scanf_char.o(.text)
    _sgetc                                   0x0800f5a1   Thumb Code    30  _sgetc.o(.text)
    _sbackspace                              0x0800f5bf   Thumb Code    34  _sgetc.o(.text)
    __strtod_int                             0x0800f617   Thumb Code    90  strtod.o(.text)
    __I$use$fp                               0x0800f67d   Thumb Code     0  iusefp.o(.text)
    _float_round                             0x0800f67d   Thumb Code    18  fepilogue.o(.text)
    _float_epilogue                          0x0800f68f   Thumb Code    92  fepilogue.o(.text)
    _double_round                            0x0800f6eb   Thumb Code    30  depilogue.o(.text)
    _double_epilogue                         0x0800f709   Thumb Code   156  depilogue.o(.text)
    __aeabi_ul2d                             0x0800f7a5   Thumb Code    24  dfltul.o(.text)
    __aeabi_d2ulz                            0x0800f7bd   Thumb Code    48  dfixul.o(.text)
    __aeabi_d2f                              0x0800f7ed   Thumb Code    56  d2f.o(.text)
    __scatterload                            0x0800f825   Thumb Code    28  init.o(.text)
    __scatterload_rt2                        0x0800f825   Thumb Code     0  init.o(.text)
    isspace                                  0x0800f849   Thumb Code    10  isspace_c.o(.text)
    __vfscanf                                0x0800f855   Thumb Code   808  _scanf.o(.text)
    __ctype_lookup                           0x0800fb81   Thumb Code    34  ctype_c.o(.text)
    __0printf                                0x0800fba9   Thumb Code    22  printfa.o(i.__0printf)
    __1printf                                0x0800fba9   Thumb Code     0  printfa.o(i.__0printf)
    __2printf                                0x0800fba9   Thumb Code     0  printfa.o(i.__0printf)
    __c89printf                              0x0800fba9   Thumb Code     0  printfa.o(i.__0printf)
    printf                                   0x0800fba9   Thumb Code     0  printfa.o(i.__0printf)
    __0sprintf                               0x0800fbc9   Thumb Code    34  printfa.o(i.__0sprintf)
    __1sprintf                               0x0800fbc9   Thumb Code     0  printfa.o(i.__0sprintf)
    __2sprintf                               0x0800fbc9   Thumb Code     0  printfa.o(i.__0sprintf)
    __c89sprintf                             0x0800fbc9   Thumb Code     0  printfa.o(i.__0sprintf)
    sprintf                                  0x0800fbc9   Thumb Code     0  printfa.o(i.__0sprintf)
    __0vsprintf                              0x0800fbf1   Thumb Code    30  printfa.o(i.__0vsprintf)
    __1vsprintf                              0x0800fbf1   Thumb Code     0  printfa.o(i.__0vsprintf)
    __2vsprintf                              0x0800fbf1   Thumb Code     0  printfa.o(i.__0vsprintf)
    __c89vsprintf                            0x0800fbf1   Thumb Code     0  printfa.o(i.__0vsprintf)
    vsprintf                                 0x0800fbf1   Thumb Code     0  printfa.o(i.__0vsprintf)
    free                                     0x0800fc15   Thumb Code    88  mallocr.o(i.__free$realloc)
    malloc                                   0x0800fc71   Thumb Code    64  mallocr.o(i.__malloc$realloc)
    __scatterload_copy                       0x0800fcc1   Thumb Code    14  handlers.o(i.__scatterload_copy)
    __scatterload_null                       0x0800fccf   Thumb Code     2  handlers.o(i.__scatterload_null)
    __scatterload_zeroinit                   0x0800fcd1   Thumb Code    14  handlers.o(i.__scatterload_zeroinit)
    _is_digit                                0x0800fe65   Thumb Code    14  scanf_fp.o(i._is_digit)
    realloc                                  0x080105fd   Thumb Code   102  mallocr.o(i.realloc)
    strtod                                   0x08010669   Thumb Code    28  strtod.o(i.strtod)
    asc2_1206                                0x08010684   Data        1140  lcd.o(.constdata)
    asc2_1608                                0x08010af8   Data        1520  lcd.o(.constdata)
    asc2_2412                                0x080110e8   Data        3420  lcd.o(.constdata)
    __ctype_categories                       0x08012204   Data          64  ctype_c.o(.constdata)
    Region$$Table$$Base                      0x080122d8   Number         0  anon$$obj.o(Region$$Table)
    Region$$Table$$Limit                     0x080122f8   Number         0  anon$$obj.o(Region$$Table)
    SystemCoreClock                          0x20000000   Data           4  system_stm32f10x.o(.data)
    AHBPrescTable                            0x20000004   Data          16  system_stm32f10x.o(.data)
    PADDING                                  0x20000014   Data          64  md5.o(.data)
    POINT_COLOR                              0x20000054   Data           2  lcd.o(.data)
    BACK_COLOR                               0x20000056   Data           2  lcd.o(.data)
    SPI_FLASH_TYPE                           0x20000058   Data           2  flash.o(.data)
    USART2_RX_STA                            0x2000005a   Data           2  usart2.o(.data)
    USART3_RX_STA                            0x2000005c   Data           2  usart3.o(.data)
    USART4_RX_STA                            0x2000005e   Data           2  usart4.o(.data)
    qujianma_wait_tcp_flag                   0x20000074   Data           1  lcd_u4.o(.data)
    qujian_num                               0x20000075   Data           8  lcd_u4.o(.data)
    qujian_num_input_len                     0x2000007d   Data           1  lcd_u4.o(.data)
    daojishi_ongo_flag                       0x2000007e   Data           1  lcd_u4.o(.data)
    daojishi_time                            0x2000007f   Data           1  timer.o(.data)
    mtimer_flag                              0x20000080   Data           1  timer.o(.data)
    __stdout                                 0x20000088   Data           4  usart.o(.data)
    USART_RX_STA                             0x2000008c   Data           2  usart.o(.data)
    mallco_dev                               0x200000a4   Data          20  malloc.o(.data)
    captcha_id                               0x200000b8   Data           4  sim900a.o(.data)
    heart_beart_idx                          0x200000bc   Data           4  sim900a.o(.data)
    __microlib_freelist                      0x200000c0   Data           4  mvars.o(.data)
    __microlib_freelist_initialised          0x200000c4   Data           4  mvars.o(.data)
    lcddev                                   0x200000c8   Data          14  lcd.o(.bss)
    SPI_InitStructure                        0x200000d6   Data          18  spi.o(.bss)
    USART2_TX_BUF                            0x200000e8   Data        1024  usart2.o(.bss)
    USART2_RX_BUF                            0x200004e8   Data        1024  usart2.o(.bss)
    USART3_TX_BUF                            0x200008e8   Data        1024  usart3.o(.bss)
    USART3_RX_BUF                            0x20000ce8   Data        1024  usart3.o(.bss)
    USART4_TX_BUF                            0x200010e8   Data        1024  usart4.o(.bss)
    USART4_RX_BUF                            0x200014e8   Data        1024  usart4.o(.bss)
    USART_RX_BUF                             0x200018f7   Data         200  usart.o(.bss)
    membase                                  0x200019c0   Data       28672  malloc.o(.bss)
    memmapbase                               0x200089c0   Data        1792  malloc.o(.bss)
    ftinfo                                   0x200090c0   Data          33  fontupd.o(.bss)
    regst_key                                0x200090e1   Data          60  sim900a.o(.bss)
    IMEI_cRes                                0x2000911d   Data         100  sim900a.o(.bss)
    deviceid_decrypt_c                       0x20009181   Data          33  sim900a.o(.bss)
    __heap_base                              0x200091a8   Data           0  startup_stm32f10x_hd.o(HEAP)
    __heap_limit                             0x2000b9a8   Data           0  startup_stm32f10x_hd.o(HEAP)
    __initial_sp                             0x2000bda8   Data           0  startup_stm32f10x_hd.o(STACK)



==============================================================================

Memory Map of the image

  Image Entry point : 0x08000131

  Load Region LR_IROM1 (Base: 0x08000000, Size: 0x000123c0, Max: 0x00040000, ABSOLUTE)

    Execution Region ER_IROM1 (Exec base: 0x08000000, Load base: 0x08000000, Size: 0x000122f8, Max: 0x00040000, ABSOLUTE)

    Exec Addr    Load Addr    Size         Type   Attr      Idx    E Section Name        Object

    0x08000000   0x08000000   0x00000130   Data   RO          692    RESET               startup_stm32f10x_hd.o
    0x08000130   0x08000130   0x00000000   Code   RO         1001  * .ARM.Collect$$$$00000000  mc_w.l(entry.o)
    0x08000130   0x08000130   0x00000004   Code   RO         1359    .ARM.Collect$$$$00000001  mc_w.l(entry2.o)
    0x08000134   0x08000134   0x00000004   Code   RO         1362    .ARM.Collect$$$$00000004  mc_w.l(entry5.o)
    0x08000138   0x08000138   0x00000000   Code   RO         1364    .ARM.Collect$$$$00000008  mc_w.l(entry7b.o)
    0x08000138   0x08000138   0x00000000   Code   RO         1366    .ARM.Collect$$$$0000000A  mc_w.l(entry8b.o)
    0x08000138   0x08000138   0x00000008   Code   RO         1367    .ARM.Collect$$$$0000000B  mc_w.l(entry9a.o)
    0x08000140   0x08000140   0x00000000   Code   RO         1369    .ARM.Collect$$$$0000000D  mc_w.l(entry10a.o)
    0x08000140   0x08000140   0x00000000   Code   RO         1371    .ARM.Collect$$$$0000000F  mc_w.l(entry11a.o)
    0x08000140   0x08000140   0x00000004   Code   RO         1360    .ARM.Collect$$$$00002712  mc_w.l(entry2.o)
    0x08000144   0x08000144   0x000001e8   Code   RO            1    .text               main.o
    0x0800032c   0x0800032c   0x0000001a   Code   RO          157    .text               stm32f10x_it.o
    0x08000346   0x08000346   0x00000002   PAD
    0x08000348   0x08000348   0x000001e0   Code   RO          189    .text               system_stm32f10x.o
    0x08000528   0x08000528   0x00000944   Code   RO          207    .text               md5.o
    0x08000e6c   0x08000e6c   0x000000a0   Code   RO          232    .text               led.o
    0x08000f0c   0x08000f0c   0x00005846   Code   RO          261    .text               lcd.o
    0x08006752   0x08006752   0x00000002   PAD
    0x08006754   0x08006754   0x000000e8   Code   RO          291    .text               spi.o
    0x0800683c   0x0800683c   0x000003c0   Code   RO          309    .text               flash.o
    0x08006bfc   0x08006bfc   0x00000248   Code   RO          434    .text               usart2.o
    0x08006e44   0x08006e44   0x0000024c   Code   RO          492    .text               usart3.o
    0x08007090   0x08007090   0x0000020c   Code   RO          511    .text               usart4.o
    0x0800729c   0x0800729c   0x0000209c   Code   RO          530    .text               cjson.o
    0x08009338   0x08009338   0x0000121c   Code   RO          568    .text               lcd_u4.o
    0x0800a554   0x0800a554   0x00000140   Code   RO          593    .text               timer.o
    0x0800a694   0x0800a694   0x0000003e   Code   RO          611    .text               iwdg.o
    0x0800a6d2   0x0800a6d2   0x00000002   PAD
    0x0800a6d4   0x0800a6d4   0x000000d4   Code   RO          626    .text               delay.o
    0x0800a7a8   0x0800a7a8   0x00000140   Code   RO          657    .text               usart.o
    0x0800a8e8   0x0800a8e8   0x00000024   Code   RO          693    .text               startup_stm32f10x_hd.o
    0x0800a90c   0x0800a90c   0x0000035c   Code   RO          697    .text               stm32f10x_gpio.o
    0x0800ac68   0x0800ac68   0x000003a4   Code   RO          709    .text               stm32f10x_rcc.o
    0x0800b00c   0x0800b00c   0x00000408   Code   RO          723    .text               stm32f10x_usart.o
    0x0800b414   0x0800b414   0x000000dc   Code   RO          735    .text               misc.o
    0x0800b4f0   0x0800b4f0   0x0000030c   Code   RO          747    .text               stm32f10x_spi.o
    0x0800b7fc   0x0800b7fc   0x00000e1a   Code   RO          759    .text               stm32f10x_tim.o
    0x0800c616   0x0800c616   0x00000002   PAD
    0x0800c618   0x0800c618   0x00000254   Code   RO          771    .text               stm32f10x_dma.o
    0x0800c86c   0x0800c86c   0x00000040   Code   RO          798    .text               stm32f10x_iwdg.o
    0x0800c8ac   0x0800c8ac   0x000001a0   Code   RO          810    .text               malloc.o
    0x0800ca4c   0x0800ca4c   0x000000cc   Code   RO          913    .text               mycc936.o
    0x0800cb18   0x0800cb18   0x000002d4   Code   RO          947    .text               text.o
    0x0800cdec   0x0800cdec   0x00001dac   Code   RO          962    .text               sim900a.o
    0x0800eb98   0x0800eb98   0x0000000c   Code   RO         1004    .text               mc_w.l(toupper.o)
    0x0800eba4   0x0800eba4   0x0000000c   Code   RO         1006    .text               mc_w.l(tolower.o)
    0x0800ebb0   0x0800ebb0   0x00000024   Code   RO         1008    .text               mc_w.l(memcpya.o)
    0x0800ebd4   0x0800ebd4   0x00000024   Code   RO         1010    .text               mc_w.l(memseta.o)
    0x0800ebf8   0x0800ebf8   0x00000024   Code   RO         1012    .text               mc_w.l(strstr.o)
    0x0800ec1c   0x0800ec1c   0x00000014   Code   RO         1014    .text               mc_w.l(strchr.o)
    0x0800ec30   0x0800ec30   0x0000000e   Code   RO         1016    .text               mc_w.l(strlen.o)
    0x0800ec3e   0x0800ec3e   0x0000001c   Code   RO         1018    .text               mc_w.l(strcmp.o)
    0x0800ec5a   0x0800ec5a   0x00000012   Code   RO         1020    .text               mc_w.l(strcpy.o)
    0x0800ec6c   0x0800ec6c   0x0000001e   Code   RO         1022    .text               mc_w.l(strncmp.o)
    0x0800ec8a   0x0800ec8a   0x00000020   Code   RO         1024    .text               mc_w.l(strrchr.o)
    0x0800ecaa   0x0800ecaa   0x00000002   PAD
    0x0800ecac   0x0800ecac   0x00000038   Code   RO         1317    .text               mc_w.l(__0sscanf.o)
    0x0800ece4   0x0800ece4   0x00000360   Code   RO         1319    .text               mc_w.l(scanf_fp.o)
    0x0800f044   0x0800f044   0x0000014e   Code   RO         1329    .text               mf_w.l(dadd.o)
    0x0800f192   0x0800f192   0x000000e4   Code   RO         1331    .text               mf_w.l(dmul.o)
    0x0800f276   0x0800f276   0x000000de   Code   RO         1333    .text               mf_w.l(ddiv.o)
    0x0800f354   0x0800f354   0x00000022   Code   RO         1339    .text               mf_w.l(dflti.o)
    0x0800f376   0x0800f376   0x0000001a   Code   RO         1341    .text               mf_w.l(dfltui.o)
    0x0800f390   0x0800f390   0x0000003e   Code   RO         1347    .text               mf_w.l(dfixi.o)
    0x0800f3ce   0x0800f3ce   0x00000032   Code   RO         1349    .text               mf_w.l(dfixui.o)
    0x0800f400   0x0800f400   0x00000026   Code   RO         1351    .text               mf_w.l(f2d.o)
    0x0800f426   0x0800f426   0x00000002   PAD
    0x0800f428   0x0800f428   0x00000030   Code   RO         1353    .text               mf_w.l(cdcmple.o)
    0x0800f458   0x0800f458   0x00000030   Code   RO         1355    .text               mf_w.l(cdrcmple.o)
    0x0800f488   0x0800f488   0x0000002c   Code   RO         1373    .text               mc_w.l(uidiv.o)
    0x0800f4b4   0x0800f4b4   0x00000062   Code   RO         1375    .text               mc_w.l(uldiv.o)
    0x0800f516   0x0800f516   0x0000001e   Code   RO         1377    .text               mc_w.l(llshl.o)
    0x0800f534   0x0800f534   0x00000020   Code   RO         1379    .text               mc_w.l(llushr.o)
    0x0800f554   0x0800f554   0x00000024   Code   RO         1381    .text               mc_w.l(llsshr.o)
    0x0800f578   0x0800f578   0x00000028   Code   RO         1392    .text               mc_w.l(scanf_char.o)
    0x0800f5a0   0x0800f5a0   0x00000040   Code   RO         1394    .text               mc_w.l(_sgetc.o)
    0x0800f5e0   0x0800f5e0   0x0000009c   Code   RO         1396    .text               mc_w.l(strtod.o)
    0x0800f67c   0x0800f67c   0x00000000   Code   RO         1398    .text               mc_w.l(iusefp.o)
    0x0800f67c   0x0800f67c   0x0000006e   Code   RO         1399    .text               mf_w.l(fepilogue.o)
    0x0800f6ea   0x0800f6ea   0x000000ba   Code   RO         1401    .text               mf_w.l(depilogue.o)
    0x0800f7a4   0x0800f7a4   0x00000018   Code   RO         1405    .text               mf_w.l(dfltul.o)
    0x0800f7bc   0x0800f7bc   0x00000030   Code   RO         1407    .text               mf_w.l(dfixul.o)
    0x0800f7ec   0x0800f7ec   0x00000038   Code   RO         1409    .text               mf_w.l(d2f.o)
    0x0800f824   0x0800f824   0x00000024   Code   RO         1411    .text               mc_w.l(init.o)
    0x0800f848   0x0800f848   0x0000000a   Code   RO         1413    .text               mc_w.l(isspace_c.o)
    0x0800f852   0x0800f852   0x00000002   PAD
    0x0800f854   0x0800f854   0x0000032c   Code   RO         1415    .text               mc_w.l(_scanf.o)
    0x0800fb80   0x0800fb80   0x00000028   Code   RO         1417    .text               mc_w.l(ctype_c.o)
    0x0800fba8   0x0800fba8   0x00000020   Code   RO         1261    i.__0printf         mc_w.l(printfa.o)
    0x0800fbc8   0x0800fbc8   0x00000028   Code   RO         1263    i.__0sprintf        mc_w.l(printfa.o)
    0x0800fbf0   0x0800fbf0   0x00000024   Code   RO         1267    i.__0vsprintf       mc_w.l(printfa.o)
    0x0800fc14   0x0800fc14   0x0000005c   Code   RO         1293    i.__free$realloc    mc_w.l(mallocr.o)
    0x0800fc70   0x0800fc70   0x00000050   Code   RO         1294    i.__malloc$realloc  mc_w.l(mallocr.o)
    0x0800fcc0   0x0800fcc0   0x0000000e   Code   RO         1422    i.__scatterload_copy  mc_w.l(handlers.o)
    0x0800fcce   0x0800fcce   0x00000002   Code   RO         1423    i.__scatterload_null  mc_w.l(handlers.o)
    0x0800fcd0   0x0800fcd0   0x0000000e   Code   RO         1424    i.__scatterload_zeroinit  mc_w.l(handlers.o)
    0x0800fcde   0x0800fcde   0x00000002   PAD
    0x0800fce0   0x0800fce0   0x00000184   Code   RO         1268    i._fp_digits        mc_w.l(printfa.o)
    0x0800fe64   0x0800fe64   0x0000000e   Code   RO         1321    i._is_digit         mc_w.l(scanf_fp.o)
    0x0800fe72   0x0800fe72   0x00000002   PAD
    0x0800fe74   0x0800fe74   0x000006dc   Code   RO         1269    i._printf_core      mc_w.l(printfa.o)
    0x08010550   0x08010550   0x00000024   Code   RO         1270    i._printf_post_padding  mc_w.l(printfa.o)
    0x08010574   0x08010574   0x0000002e   Code   RO         1271    i._printf_pre_padding  mc_w.l(printfa.o)
    0x080105a2   0x080105a2   0x0000000a   Code   RO         1273    i._sputc            mc_w.l(printfa.o)
    0x080105ac   0x080105ac   0x00000050   Code   RO         1295    i.internal_alloc    mc_w.l(mallocr.o)
    0x080105fc   0x080105fc   0x0000006c   Code   RO         1296    i.realloc           mc_w.l(mallocr.o)
    0x08010668   0x08010668   0x0000001c   Code   RO          998    i.strtod            m_ws.l(strtod.o)
    0x08010684   0x08010684   0x000017c0   Data   RO          263    .constdata          lcd.o
    0x08011e44   0x08011e44   0x000003c0   Data   RO          914    .constdata          mycc936.o
    0x08012204   0x08012204   0x00000040   Data   RO         1418    .constdata          mc_w.l(ctype_c.o)
    0x08012244   0x08012244   0x00000093   Data   RO          964    .conststring        sim900a.o
    0x080122d7   0x080122d7   0x00000001   PAD
    0x080122d8   0x080122d8   0x00000020   Data   RO         1420    Region$$Table       anon$$obj.o


    Execution Region RW_IRAM1 (Exec base: 0x20000000, Load base: 0x080122f8, Size: 0x0000bda8, Max: 0x0000c000, ABSOLUTE)

    Exec Addr    Load Addr    Size         Type   Attr      Idx    E Section Name        Object

    0x20000000   0x080122f8   0x00000014   Data   RW          190    .data               system_stm32f10x.o
    0x20000014   0x0801230c   0x00000040   Data   RW          208    .data               md5.o
    0x20000054   0x0801234c   0x00000004   Data   RW          264    .data               lcd.o
    0x20000058   0x08012350   0x00000002   Data   RW          310    .data               flash.o
    0x2000005a   0x08012352   0x00000002   Data   RW          436    .data               usart2.o
    0x2000005c   0x08012354   0x00000002   Data   RW          494    .data               usart3.o
    0x2000005e   0x08012356   0x00000002   Data   RW          513    .data               usart4.o
    0x20000060   0x08012358   0x00000014   Data   RW          532    .data               cjson.o
    0x20000074   0x0801236c   0x0000000b   Data   RW          569    .data               lcd_u4.o
    0x2000007f   0x08012377   0x00000002   Data   RW          594    .data               timer.o
    0x20000081   0x08012379   0x00000001   PAD
    0x20000082   0x0801237a   0x00000004   Data   RW          627    .data               delay.o
    0x20000086   0x0801237e   0x00000002   PAD
    0x20000088   0x08012380   0x00000006   Data   RW          659    .data               usart.o
    0x2000008e   0x08012386   0x00000014   Data   RW          710    .data               stm32f10x_rcc.o
    0x200000a2   0x0801239a   0x00000002   PAD
    0x200000a4   0x0801239c   0x00000014   Data   RW          813    .data               malloc.o
    0x200000b8   0x080123b0   0x00000008   Data   RW          965    .data               sim900a.o
    0x200000c0   0x080123b8   0x00000004   Data   RW         1383    .data               mc_w.l(mvars.o)
    0x200000c4   0x080123bc   0x00000004   Data   RW         1384    .data               mc_w.l(mvars.o)
    0x200000c8        -       0x0000000e   Zero   RW          262    .bss                lcd.o
    0x200000d6        -       0x00000012   Zero   RW          292    .bss                spi.o
    0x200000e8        -       0x00000800   Zero   RW          435    .bss                usart2.o
    0x200008e8        -       0x00000800   Zero   RW          493    .bss                usart3.o
    0x200010e8        -       0x00000800   Zero   RW          512    .bss                usart4.o
    0x200018e8        -       0x0000000f   Zero   RW          531    .bss                cjson.o
    0x200018f7        -       0x000000c8   Zero   RW          658    .bss                usart.o
    0x200019bf   0x080123c0   0x00000001   PAD
    0x200019c0        -       0x00007700   Zero   RW          811    .bss                malloc.o
    0x200090c0        -       0x00000021   Zero   RW          927    .bss                fontupd.o
    0x200090e1        -       0x000000c1   Zero   RW          963    .bss                sim900a.o
    0x200091a2   0x080123c0   0x00000006   PAD
    0x200091a8        -       0x00002800   Zero   RW          691    HEAP                startup_stm32f10x_hd.o
    0x2000b9a8        -       0x00000400   Zero   RW          690    STACK               startup_stm32f10x_hd.o


==============================================================================

Image component sizes


      Code (inc. data)   RO Data    RW Data    ZI Data      Debug   Object Name

      8348        162          0         20         15      40318   cjson.o
       212         18          0          4          0       1163   delay.o
         0          0          0          0          0       2616   exfuns.o
       960         16          0          2          0       5012   flash.o
         0          0          0          0         33       1521   fontupd.o
        62          0          0          0          0        878   iwdg.o
     22598        208       6080          4         14      25311   lcd.o
      4636       1060          0         11          0      10428   lcd_u4.o
       160         10          0          0          0        727   led.o
       488         50          0          0          0     292111   main.o
       416          6          0         20      30464       4233   malloc.o
      2372        264          0         64          0       5272   md5.o
       220         22          0          0          0       1921   misc.o
       204         12        960          0          0       1733   mycc936.o
      7596       2248        147          8        193      15424   sim900a.o
       232         12          0          0         18       1425   spi.o
        36          8        304          0      11264        836   startup_stm32f10x_hd.o
       596          8          0          0          0       4486   stm32f10x_dma.o
       860         38          0          0          0       5853   stm32f10x_gpio.o
        26          0          0          0          0       1242   stm32f10x_it.o
        64          6          0          0          0       1337   stm32f10x_iwdg.o
       932         36          0         20          0       9092   stm32f10x_rcc.o
       780         14          0          0          0       6734   stm32f10x_spi.o
      3610         88          0          0          0      22960   stm32f10x_tim.o
      1032         22          0          0          0       8580   stm32f10x_usart.o
         0          0          0          0          0         32   sys.o
       480         38          0         20          0       1923   system_stm32f10x.o
       724         16          0          0          0       3208   text.o
       320         22          0          2          0       1633   timer.o
       320         16          0          6        200       3354   usart.o
       584         28          0          2       2048       3877   usart2.o
       588         20          0          2       2048       3199   usart3.o
       524         18          0          2       2048       3156   usart4.o

    ----------------------------------------------------------------------
     59988       4466       7524        192      48352     491595   Object Totals
         0          0         32          0          0          0   (incl. Generated)
         8          0          1          5          7          0   (incl. Padding)

    ----------------------------------------------------------------------

      Code (inc. data)   RO Data    RW Data    ZI Data      Debug   Library Member Name

        28          0          0          0          0         80   strtod.o
        56          8          0          0          0         84   __0sscanf.o
       812          4          0          0          0        112   _scanf.o
        64          0          0          0          0         84   _sgetc.o
        40          6         64          0          0         68   ctype_c.o
         0          0          0          0          0          0   entry.o
         0          0          0          0          0          0   entry10a.o
         0          0          0          0          0          0   entry11a.o
         8          4          0          0          0          0   entry2.o
         4          0          0          0          0          0   entry5.o
         0          0          0          0          0          0   entry7b.o
         0          0          0          0          0          0   entry8b.o
         8          4          0          0          0          0   entry9a.o
        30          0          0          0          0          0   handlers.o
        36          8          0          0          0         68   init.o
        10          0          0          0          0         68   isspace_c.o
         0          0          0          0          0          0   iusefp.o
        30          0          0          0          0         68   llshl.o
        36          0          0          0          0         68   llsshr.o
        32          0          0          0          0         68   llushr.o
       360         30          0          0          0        356   mallocr.o
        36          0          0          0          0         68   memcpya.o
        36          0          0          0          0        108   memseta.o
         0          0          0          8          0          0   mvars.o
      2344        102          0          0          0        684   printfa.o
        40          8          0          0          0         84   scanf_char.o
       878         12          0          0          0        216   scanf_fp.o
        20          0          0          0          0         68   strchr.o
        28          0          0          0          0         76   strcmp.o
        18          0          0          0          0         68   strcpy.o
        14          0          0          0          0         68   strlen.o
        30          0          0          0          0         80   strncmp.o
        32          0          0          0          0         68   strrchr.o
        36          0          0          0          0         80   strstr.o
       156         12          0          0          0        120   strtod.o
        12          0          0          0          0         68   tolower.o
        12          0          0          0          0         68   toupper.o
        44          0          0          0          0         80   uidiv.o
        98          0          0          0          0         92   uldiv.o
        48          0          0          0          0         68   cdcmple.o
        48          0          0          0          0         68   cdrcmple.o
        56          0          0          0          0         88   d2f.o
       334          0          0          0          0        148   dadd.o
       222          0          0          0          0        100   ddiv.o
       186          0          0          0          0        176   depilogue.o
        62          0          0          0          0         80   dfixi.o
        50          0          0          0          0         76   dfixui.o
        48          0          0          0          0         68   dfixul.o
        34          0          0          0          0         76   dflti.o
        26          0          0          0          0         76   dfltui.o
        24          0          0          0          0         76   dfltul.o
       228          0          0          0          0         96   dmul.o
        38          0          0          0          0         68   f2d.o
       110          0          0          0          0        168   fepilogue.o

    ----------------------------------------------------------------------
      6912        198         64          8          0       4652   Library Totals
        10          0          0          0          0          0   (incl. Padding)

    ----------------------------------------------------------------------

      Code (inc. data)   RO Data    RW Data    ZI Data      Debug   Library Name

        28          0          0          0          0         80   m_ws.l
      5360        198         64          8          0       3140   mc_w.l
      1514          0          0          0          0       1432   mf_w.l

    ----------------------------------------------------------------------
      6912        198         64          8          0       4652   Library Totals

    ----------------------------------------------------------------------

==============================================================================


      Code (inc. data)   RO Data    RW Data    ZI Data      Debug   

     66900       4664       7588        200      48352     491147   Grand Totals
     66900       4664       7588        200      48352     491147   ELF Image Totals
     66900       4664       7588        200          0          0   ROM Totals

==============================================================================

    Total RO  Size (Code + RO Data)                74488 (  72.74kB)
    Total RW  Size (RW Data + ZI Data)             48552 (  47.41kB)
    Total ROM Size (Code + RO Data + RW Data)      74688 (  72.94kB)

==============================================================================

