Component: ARM Compiler 5.06 update 6 (build 750) Tool: armlink [4d35ed]

==============================================================================

Section Cross References

    main.o(.text) refers to printfa.o(i.__0printf) for __2printf
    main.o(.text) refers to stm32f10x_usart.o(.text) for USART_SendData
    main.o(.text) refers to delay.o(.text) for delay_init
    main.o(.text) refers to misc.o(.text) for NVIC_PriorityGroupConfig
    main.o(.text) refers to usart.o(.text) for uart_init
    main.o(.text) refers to led.o(.text) for LED_Init
    main.o(.text) refers to usart2.o(.text) for USART2_Init
    main.o(.text) refers to usart3.o(.text) for USART3_Init
    main.o(.text) refers to usart4.o(.text) for USART4_Init
    main.o(.text) refers to lcd_u4.o(.text) for send_cmd_to_lcd_pic
    main.o(.text) refers to stm32f10x_gpio.o(.text) for GPIO_ResetBits
    main.o(.text) refers to sim900a.o(.text) for sim900a_test
    system_stm32f10x.o(.text) refers to system_stm32f10x.o(.data) for SystemCoreClock
    md5.o(.text) refers to memcpya.o(.text) for __aeabi_memcpy
    md5.o(.text) refers to md5.o(.data) for PADDING
    led.o(.text) refers to stm32f10x_rcc.o(.text) for RCC_APB2PeriphClockCmd
    led.o(.text) refers to stm32f10x_gpio.o(.text) for GPIO_Init
    key.o(.text) refers to stm32f10x_rcc.o(.text) for RCC_APB2PeriphClockCmd
    key.o(.text) refers to stm32f10x_gpio.o(.text) for GPIO_PinRemapConfig
    key.o(.text) refers to delay.o(.text) for delay_ms
    key.o(.text) refers to key.o(.data) for key_up
    lcd.o(.text) refers to delay.o(.text) for delay_us
    lcd.o(.text) refers to lcd.o(.bss) for lcddev
    lcd.o(.text) refers to dfltui.o(.text) for __aeabi_ui2d
    lcd.o(.text) refers to dmul.o(.text) for __aeabi_dmul
    lcd.o(.text) refers to dfixui.o(.text) for __aeabi_d2uiz
    lcd.o(.text) refers to lcd.o(.data) for POINT_COLOR
    lcd.o(.text) refers to stm32f10x_rcc.o(.text) for RCC_APB2PeriphClockCmd
    lcd.o(.text) refers to stm32f10x_gpio.o(.text) for GPIO_PinRemapConfig
    lcd.o(.text) refers to printfa.o(i.__0printf) for __2printf
    lcd.o(.text) refers to lcd.o(.constdata) for asc2_1206
    spi.o(.text) refers to stm32f10x_spi.o(.text) for SPI_I2S_GetFlagStatus
    spi.o(.text) refers to stm32f10x_rcc.o(.text) for RCC_APB2PeriphClockCmd
    spi.o(.text) refers to stm32f10x_gpio.o(.text) for GPIO_Init
    spi.o(.text) refers to spi.o(.bss) for SPI_InitStructure
    flash.o(.text) refers to spi.o(.text) for SPI1_ReadWriteByte
    flash.o(.text) refers to stm32f10x_rcc.o(.text) for RCC_APB2PeriphClockCmd
    flash.o(.text) refers to stm32f10x_gpio.o(.text) for GPIO_Init
    flash.o(.text) refers to malloc.o(.text) for mymalloc
    flash.o(.text) refers to delay.o(.text) for delay_us
    flash.o(.text) refers to flash.o(.data) for SPI_FLASH_TYPE
    mmc_sd.o(.text) refers to spi.o(.text) for SPI1_ReadWriteByte
    mmc_sd.o(.text) refers to stm32f10x_rcc.o(.text) for RCC_APB2PeriphClockCmd
    mmc_sd.o(.text) refers to stm32f10x_gpio.o(.text) for GPIO_Init
    mmc_sd.o(.text) refers to mmc_sd.o(.data) for SD_Type
    myiic.o(.text) refers to stm32f10x_rcc.o(.text) for RCC_APB2PeriphClockCmd
    myiic.o(.text) refers to stm32f10x_gpio.o(.text) for GPIO_Init
    myiic.o(.text) refers to delay.o(.text) for delay_us
    24cxx.o(.text) refers to myiic.o(.text) for IIC_Init
    24cxx.o(.text) refers to delay.o(.text) for delay_ms
    touch.o(.text) refers to delay.o(.text) for delay_us
    touch.o(.text) refers to lcd.o(.text) for LCD_DrawLine
    touch.o(.text) refers to fflti.o(.text) for __aeabi_i2f
    touch.o(.text) refers to ffltui.o(.text) for __aeabi_ui2f
    touch.o(.text) refers to fmul.o(.text) for __aeabi_fmul
    touch.o(.text) refers to fadd.o(.text) for __aeabi_fadd
    touch.o(.text) refers to ffixui.o(.text) for __aeabi_f2uiz
    touch.o(.text) refers to ffixi.o(.text) for __aeabi_f2iz
    touch.o(.text) refers to 24cxx.o(.text) for AT24CXX_WriteLenByte
    touch.o(.text) refers to touch.o(.data) for CMD_RDX
    touch.o(.text) refers to lcd.o(.data) for POINT_COLOR
    touch.o(.text) refers to fdiv.o(.text) for __aeabi_fdiv
    touch.o(.text) refers to dfltui.o(.text) for __aeabi_ui2d
    touch.o(.text) refers to sqrt.o(i.sqrt) for sqrt
    touch.o(.text) refers to dfixui.o(.text) for __aeabi_d2uiz
    touch.o(.text) refers to lcd.o(.bss) for lcddev
    touch.o(.text) refers to touch.o(.constdata) for TP_ADJDIS_TBL
    touch.o(.text) refers to f2d.o(.text) for __aeabi_f2d
    touch.o(.text) refers to cdcmple.o(.text) for __aeabi_cdcmple
    touch.o(.text) refers to cdrcmple.o(.text) for __aeabi_cdrcmple
    touch.o(.text) refers to gt9147.o(.text) for GT9147_Init
    touch.o(.text) refers to ott2001a.o(.text) for OTT2001A_Init
    touch.o(.text) refers to ft5206.o(.text) for FT5206_Init
    touch.o(.text) refers to stm32f10x_rcc.o(.text) for RCC_APB2PeriphClockCmd
    touch.o(.text) refers to stm32f10x_gpio.o(.text) for GPIO_Init
[...]
    _main_clock                              0x08000139   Thumb Code     0  entry7b.o(.ARM.Collect$$$$00000008)
    _main_cpp_init                           0x08000139   Thumb Code     0  entry8b.o(.ARM.Collect$$$$0000000A)
    _main_init                               0x08000139   Thumb Code     0  entry9a.o(.ARM.Collect$$$$0000000B)
    __rt_final_cpp                           0x08000141   Thumb Code     0  entry10a.o(.ARM.Collect$$$$0000000D)
    __rt_final_exit                          0x08000141   Thumb Code     0  entry11a.o(.ARM.Collect$$$$0000000F)
    uart0_debug_str                          0x08000157   Thumb Code    38  main.o(.text)
    uart0_debug_data_h                       0x0800017d   Thumb Code    38  main.o(.text)
    uart0_debug_data_d                       0x080001a3   Thumb Code    38  main.o(.text)
    Soft_Reset                               0x080001c9   Thumb Code    38  main.o(.text)
    Usart_SendByte                           0x080001ef   Thumb Code    30  main.o(.text)
    Usart_SendArray                          0x0800020d   Thumb Code    48  main.o(.text)
    Usart_SendString                         0x0800023d   Thumb Code    42  main.o(.text)
    main                                     0x08000267   Thumb Code   198  main.o(.text)
    NMI_Handler                              0x080003ed   Thumb Code     2  stm32f10x_it.o(.text)
    HardFault_Handler                        0x080003ef   Thumb Code     4  stm32f10x_it.o(.text)
    MemManage_Handler                        0x080003f3   Thumb Code     4  stm32f10x_it.o(.text)
    BusFault_Handler                         0x080003f7   Thumb Code     4  stm32f10x_it.o(.text)
    UsageFault_Handler                       0x080003fb   Thumb Code     4  stm32f10x_it.o(.text)
    SVC_Handler                              0x080003ff   Thumb Code     2  stm32f10x_it.o(.text)
    DebugMon_Handler                         0x08000401   Thumb Code     2  stm32f10x_it.o(.text)
    PendSV_Handler                           0x08000403   Thumb Code     2  stm32f10x_it.o(.text)
    SysTick_Handler                          0x08000405   Thumb Code     2  stm32f10x_it.o(.text)
    SystemInit                               0x080004e7   Thumb Code    78  system_stm32f10x.o(.text)
    SystemCoreClockUpdate                    0x08000535   Thumb Code   142  system_stm32f10x.o(.text)
    MD5Init                                  0x080005e9   Thumb Code    26  md5.o(.text)
    MD5Decode                                0x08000603   Thumb Code    50  md5.o(.text)
    MD5Transform                             0x08000635   Thumb Code  1886  md5.o(.text)
    MD5Update                                0x08000d93   Thumb Code   140  md5.o(.text)
    MD5Encode                                0x08000e1f   Thumb Code    62  md5.o(.text)
    MD5Final                                 0x08000e5d   Thumb Code   204  md5.o(.text)
    LED_Init                                 0x08000f3f   Thumb Code   132  led.o(.text)
    KEY_Init                                 0x08000fcd   Thumb Code    82  key.o(.text)
    KEY_Scan                                 0x0800101f   Thumb Code   154  key.o(.text)
    LCD_WR_REG                               0x080010c9   Thumb Code    28  lcd.o(.text)
    LCD_WR_DATAX                             0x080010e5   Thumb Code    28  lcd.o(.text)
    LCD_RD_DATA                              0x08001101   Thumb Code    98  lcd.o(.text)
    LCD_WriteReg                             0x08001163   Thumb Code    40  lcd.o(.text)
    LCD_ReadReg                              0x0800118b   Thumb Code    16  lcd.o(.text)
    LCD_WriteRAM_Prepare                     0x0800119b   Thumb Code    12  lcd.o(.text)
    LCD_WriteRAM                             0x080011a7   Thumb Code    28  lcd.o(.text)
    LCD_BGR2RGB                              0x080011c3   Thumb Code    26  lcd.o(.text)
    opt_delay                                0x080011dd   Thumb Code    14  lcd.o(.text)
    LCD_SetCursor                            0x080011eb   Thumb Code   956  lcd.o(.text)
    LCD_ReadPoint                            0x080015a7   Thumb Code   506  lcd.o(.text)
    LCD_DisplayOn                            0x080017a1   Thumb Code    92  lcd.o(.text)
    LCD_DisplayOff                           0x080017fd   Thumb Code    90  lcd.o(.text)
    LCD_Scan_Dir                             0x08001857   Thumb Code  1126  lcd.o(.text)
    LCD_DrawPoint                            0x08001cbd   Thumb Code    52  lcd.o(.text)
    LCD_Fast_DrawPoint                       0x08001cf1   Thumb Code   854  lcd.o(.text)
    LCD_SSD_BackLightSet                     0x08002047   Thumb Code   220  lcd.o(.text)
    LCD_Display_Dir                          0x08002123   Thumb Code   444  lcd.o(.text)
    LCD_Set_Window                           0x080022df   Thumb Code  1078  lcd.o(.text)
    LCD_Clear                                0x08002715   Thumb Code   122  lcd.o(.text)
    LCD_Init                                 0x0800278f   Thumb Code 15298  lcd.o(.text)
    LCD_Fill                                 0x08006351   Thumb Code   200  lcd.o(.text)
    LCD_Color_Fill                           0x08006419   Thumb Code   116  lcd.o(.text)
    LCD_DrawLine                             0x0800648d   Thumb Code   176  lcd.o(.text)
    LCD_DrawRectangle                        0x0800653d   Thumb Code    60  lcd.o(.text)
    LCD_Draw_Circle                          0x08006579   Thumb Code   152  lcd.o(.text)
    LCD_ShowChar                             0x08006611   Thumb Code   272  lcd.o(.text)
    LCD_Pow                                  0x08006721   Thumb Code    22  lcd.o(.text)
    LCD_ShowNum                              0x08006737   Thumb Code   180  lcd.o(.text)
    LCD_ShowxNum                             0x080067eb   Thumb Code   190  lcd.o(.text)
    LCD_ShowString                           0x080068a9   Thumb Code   102  lcd.o(.text)
    SPI1_ReadWriteByte                       0x08006911   Thumb Code    78  spi.o(.text)
    SPI1_Init                                0x0800695f   Thumb Code   108  spi.o(.text)
    SPI1_SetSpeed                            0x080069cb   Thumb Code    34  spi.o(.text)
    SPI_USART_IO_SET                         0x080069f9   Thumb Code    82  flash.o(.text)
    SPI_Flash_ReadID                         0x08006a4b   Thumb Code    64  flash.o(.text)
    SPI_Flash_Init                           0x08006a8b   Thumb Code    64  flash.o(.text)
    SPI_Flash_ReadSR                         0x08006acb   Thumb Code    36  flash.o(.text)
    SPI_FLASH_Write_SR                       0x08006aef   Thumb Code    32  flash.o(.text)
    SPI_FLASH_Write_Enable                   0x08006b0f   Thumb Code    24  flash.o(.text)
    SPI_FLASH_Write_Disable                  0x08006b27   Thumb Code    24  flash.o(.text)
    SPI_Flash_Read                           0x08006b3f   Thumb Code    84  flash.o(.text)
    SPI_Flash_Wait_Busy                      0x08006b93   Thumb Code    18  flash.o(.text)
    SPI_Flash_Write_Page                     0x08006ba5   Thumb Code    80  flash.o(.text)
    SPI_Flash_Write_NoCheck                  0x08006bf5   Thumb Code    70  flash.o(.text)
    SPI_Flash_Erase_Sector                   0x08006c3b   Thumb Code    62  flash.o(.text)
    SPI_Flash_Write                          0x08006c79   Thumb Code   208  flash.o(.text)
    SPI_Flash_Erase_Chip                     0x08006d49   Thumb Code    36  flash.o(.text)
    SPI_Flash_PowerDown                      0x08006d6d   Thumb Code    30  flash.o(.text)
    SPI_Flash_WAKEUP                         0x08006d8b   Thumb Code    30  flash.o(.text)
    IIC_Init                                 0x08006db9   Thumb Code    52  myiic.o(.text)
    IIC_Start                                0x08006ded   Thumb Code    68  myiic.o(.text)
    IIC_Stop                                 0x08006e31   Thumb Code    62  myiic.o(.text)
    IIC_Wait_Ack                             0x08006e6f   Thumb Code    86  myiic.o(.text)
    IIC_Ack                                  0x08006ec5   Thumb Code    66  myiic.o(.text)
    IIC_NAck                                 0x08006f07   Thumb Code    66  myiic.o(.text)
    IIC_Send_Byte                            0x08006f49   Thumb Code    90  myiic.o(.text)
    IIC_Read_Byte                            0x08006fa3   Thumb Code    98  myiic.o(.text)
    AT24CXX_Init                             0x08007011   Thumb Code     8  24cxx.o(.text)
    AT24CXX_ReadOneByte                      0x08007019   Thumb Code    88  24cxx.o(.text)
    AT24CXX_WriteOneByte                     0x08007071   Thumb Code    80  24cxx.o(.text)
    AT24CXX_WriteLenByte                     0x080070c1   Thumb Code    42  24cxx.o(.text)
    AT24CXX_ReadLenByte                      0x080070eb   Thumb Code    44  24cxx.o(.text)
    AT24CXX_Check                            0x08007117   Thumb Code    46  24cxx.o(.text)
    AT24CXX_Read                             0x08007145   Thumb Code    34  24cxx.o(.text)
    AT24CXX_Write                            0x08007167   Thumb Code    36  24cxx.o(.text)
    TP_Write_Byte                            0x0800718d   Thumb Code    56  touch.o(.text)
    TP_Read_AD                               0x080071c5   Thumb Code   132  touch.o(.text)
    TP_Read_XOY                              0x08007249   Thumb Code   120  touch.o(.text)
    TP_Read_XY                               0x080072c1   Thumb Code    38  touch.o(.text)
    TP_Read_XY2                              0x080072e7   Thumb Code   192  touch.o(.text)
    TP_Drow_Touch_Point                      0x080073a7   Thumb Code   108  touch.o(.text)
    TP_Draw_Big_Point                        0x08007413   Thumb Code    54  touch.o(.text)
    TP_Scan                                  0x08007449   Thumb Code   264  touch.o(.text)
    TP_Save_Adjdata                          0x08007551   Thumb Code   146  touch.o(.text)
    TP_Get_Adjdata                           0x080075e3   Thumb Code   152  touch.o(.text)
    TP_Adj_Info_Show                         0x0800767b   Thumb Code   376  touch.o(.text)
    TP_Adjust                                0x080077f3   Thumb Code  1250  touch.o(.text)
    TP_Init                                  0x08007cd5   Thumb Code   348  touch.o(.text)
    CT_Delay                                 0x08007e31   Thumb Code    10  ctiic.o(.text)
    CT_IIC_Init                              0x08007e3b   Thumb Code    62  ctiic.o(.text)
    CT_IIC_Start                             0x08007e79   Thumb Code    60  ctiic.o(.text)
    CT_IIC_Stop                              0x08007eb5   Thumb Code    64  ctiic.o(.text)
    CT_IIC_Wait_Ack                          0x08007ef5   Thumb Code    86  ctiic.o(.text)
    CT_IIC_Ack                               0x08007f4b   Thumb Code    66  ctiic.o(.text)
    CT_IIC_NAck                              0x08007f8d   Thumb Code    66  ctiic.o(.text)
    CT_IIC_Send_Byte                         0x08007fcf   Thumb Code    82  ctiic.o(.text)
    CT_IIC_Read_Byte                         0x08008021   Thumb Code    94  ctiic.o(.text)
    OTT2001A_WR_Reg                          0x08008091   Thumb Code    92  ott2001a.o(.text)
    OTT2001A_RD_Reg                          0x080080ed   Thumb Code    98  ott2001a.o(.text)
    OTT2001A_SensorControl                   0x0800814f   Thumb Code    28  ott2001a.o(.text)
    OTT2001A_Init                            0x0800816b   Thumb Code   156  ott2001a.o(.text)
    OTT2001A_Scan                            0x08008207   Thumb Code   446  ott2001a.o(.text)
    TIM4_Set                                 0x080083fd   Thumb Code    34  usart2.o(.text)
    USART2_IRQHandler                        0x0800841f   Thumb Code    84  usart2.o(.text)
    TIM4_Init                                0x08008473   Thumb Code    82  usart2.o(.text)
    UART_DMA_Config                          0x080084c5   Thumb Code    72  usart2.o(.text)
    USART2_Init                              0x0800850d   Thumb Code   204  usart2.o(.text)
    UART_DMA_Enable                          0x080085d9   Thumb Code    32  usart2.o(.text)
    u2_printf                                0x080085f9   Thumb Code    56  usart2.o(.text)
    TIM4_IRQHandler                          0x08008631   Thumb Code    40  usart2.o(.text)
    FT5206_WR_Reg                            0x08008675   Thumb Code    82  ft5206.o(.text)
    FT5206_RD_Reg                            0x080086c7   Thumb Code    88  ft5206.o(.text)
    FT5206_Init                              0x0800871f   Thumb Code   214  ft5206.o(.text)
    FT5206_Scan                              0x080087f5   Thumb Code   400  ft5206.o(.text)
    GT9147_WR_Reg                            0x080089a9   Thumb Code    92  gt9147.o(.text)
    GT9147_Send_Cfg                          0x08008a05   Thumb Code    86  gt9147.o(.text)
    GT9147_RD_Reg                            0x08008a5b   Thumb Code    98  gt9147.o(.text)
    GT9147_Init                              0x08008abd   Thumb Code   242  gt9147.o(.text)
    GT9147_Scan                              0x08008baf   Thumb Code   408  gt9147.o(.text)
    TIM3_Set                                 0x08008d9f   Thumb Code    34  usart3.o(.text)
    USART3_IRQHandler                        0x08008dc1   Thumb Code    84  usart3.o(.text)
    TIM3_Init                                0x08008e15   Thumb Code    78  usart3.o(.text)
    USART3_Init                              0x08008e63   Thumb Code   184  usart3.o(.text)
    TIM3_IRQHandler                          0x08008f1b   Thumb Code    40  usart3.o(.text)
    spear_uart3_send_datas                   0x08008f43   Thumb Code    44  usart3.o(.text)
    lock_at_response                         0x08008f6f   Thumb Code   104  usart3.o(.text)
    TIM2_Set                                 0x08008ff1   Thumb Code    38  usart4.o(.text)
    UART4_IRQHandler                         0x08009017   Thumb Code    86  usart4.o(.text)
    TIM2_Init                                0x0800906d   Thumb Code    84  usart4.o(.text)
    USART4_Init                              0x080090c1   Thumb Code   184  usart4.o(.text)
    TIM2_IRQHandler                          0x08009179   Thumb Code    40  usart4.o(.text)
    spear_uart_send_datas                    0x080091a1   Thumb Code    42  usart4.o(.text)
    debug_uart4_send_datas                   0x080091cb   Thumb Code    42  usart4.o(.text)
    uart4_send_datas                         0x080091f5   Thumb Code    44  usart4.o(.text)
    cJSON_GetErrorPtr                        0x08009265   Thumb Code    12  cjson.o(.text)
    cJSON_IsString                           0x08009271   Thumb Code    22  cjson.o(.text)
    cJSON_GetStringValue                     0x08009287   Thumb Code    20  cjson.o(.text)
    cJSON_Version                            0x0800929b   Thumb Code    22  cjson.o(.text)
    cJSON_InitHooks                          0x08009331   Thumb Code    82  cjson.o(.text)
    cJSON_Delete                             0x0800939d   Thumb Code    84  cjson.o(.text)
    cJSON_SetNumberHelper                    0x0800951f   Thumb Code    72  cjson.o(.text)
    cJSON_ParseWithOpts                      0x08009fdb   Thumb Code   204  cjson.o(.text)
    cJSON_Parse                              0x0800a0a7   Thumb Code    16  cjson.o(.text)
    cJSON_Print                              0x0800a48b   Thumb Code    16  cjson.o(.text)
    cJSON_PrintUnformatted                   0x0800a49b   Thumb Code    16  cjson.o(.text)
    cJSON_PrintBuffered                      0x0800a4ab   Thumb Code    90  cjson.o(.text)
    cJSON_PrintPreallocated                  0x0800a505   Thumb Code    64  cjson.o(.text)
    cJSON_GetArraySize                       0x0800a545   Thumb Code    28  cjson.o(.text)
    cJSON_GetArrayItem                       0x0800a57f   Thumb Code    24  cjson.o(.text)
    cJSON_GetObjectItem                      0x0800a5e9   Thumb Code    18  cjson.o(.text)
    cJSON_GetObjectItemCaseSensitive         0x0800a5fb   Thumb Code    18  cjson.o(.text)
    cJSON_HasObjectItem                      0x0800a60d   Thumb Code    24  cjson.o(.text)
    cJSON_AddItemToArray                     0x0800a695   Thumb Code    16  cjson.o(.text)
    cJSON_AddItemToObject                    0x0800a71d   Thumb Code    26  cjson.o(.text)
    cJSON_AddItemToObjectCS                  0x0800a737   Thumb Code    26  cjson.o(.text)
    cJSON_AddItemReferenceToArray            0x0800a751   Thumb Code    32  cjson.o(.text)
    cJSON_AddItemReferenceToObject           0x0800a771   Thumb Code    44  cjson.o(.text)
    cJSON_CreateNull                         0x0800a79d   Thumb Code    20  cjson.o(.text)
    cJSON_AddNullToObject                    0x0800a7b1   Thumb Code    44  cjson.o(.text)
    cJSON_CreateTrue                         0x0800a7dd   Thumb Code    20  cjson.o(.text)
    cJSON_AddTrueToObject                    0x0800a7f1   Thumb Code    44  cjson.o(.text)
    cJSON_CreateFalse                        0x0800a81d   Thumb Code    20  cjson.o(.text)
    cJSON_AddFalseToObject                   0x0800a831   Thumb Code    44  cjson.o(.text)
    cJSON_CreateBool                         0x0800a85d   Thumb Code    32  cjson.o(.text)
    cJSON_AddBoolToObject                    0x0800a87d   Thumb Code    48  cjson.o(.text)
    cJSON_CreateNumber                       0x0800a8ad   Thumb Code    82  cjson.o(.text)
    cJSON_AddNumberToObject                  0x0800a8ff   Thumb Code    56  cjson.o(.text)
    cJSON_CreateString                       0x0800a937   Thumb Code    46  cjson.o(.text)
    cJSON_AddStringToObject                  0x0800a965   Thumb Code    48  cjson.o(.text)
    cJSON_CreateRaw                          0x0800a995   Thumb Code    46  cjson.o(.text)
    cJSON_AddRawToObject                     0x0800a9c3   Thumb Code    48  cjson.o(.text)
    cJSON_CreateObject                       0x0800a9f3   Thumb Code    20  cjson.o(.text)
    cJSON_AddObjectToObject                  0x0800aa07   Thumb Code    44  cjson.o(.text)
    cJSON_CreateArray                        0x0800aa33   Thumb Code    20  cjson.o(.text)
    cJSON_AddArrayToObject                   0x0800aa47   Thumb Code    44  cjson.o(.text)
    cJSON_DetachItemViaPointer               0x0800aa73   Thumb Code    50  cjson.o(.text)
    cJSON_DetachItemFromArray                0x0800aaa5   Thumb Code    34  cjson.o(.text)
    cJSON_DeleteItemFromArray                0x0800aac7   Thumb Code    22  cjson.o(.text)
    cJSON_DetachItemFromObject               0x0800aadd   Thumb Code    26  cjson.o(.text)
    cJSON_DetachItemFromObjectCaseSensitive  0x0800aaf7   Thumb Code    26  cjson.o(.text)
    cJSON_DeleteItemFromObject               0x0800ab11   Thumb Code    22  cjson.o(.text)
    cJSON_DeleteItemFromObjectCaseSensitive  0x0800ab27   Thumb Code    22  cjson.o(.text)
    cJSON_InsertItemInArray                  0x0800ab3d   Thumb Code    68  cjson.o(.text)
    cJSON_ReplaceItemViaPointer              0x0800ab81   Thumb Code    74  cjson.o(.text)
    cJSON_ReplaceItemInArray                 0x0800abcb   Thumb Code    42  cjson.o(.text)
    cJSON_free                               0x0800abf5   Thumb Code    14  cjson.o(.text)
    cJSON_ReplaceItemInObject                0x0800ac57   Thumb Code    38  cjson.o(.text)
    cJSON_ReplaceItemInObjectCaseSensitive   0x0800ac7d   Thumb Code    22  cjson.o(.text)
    cJSON_CreateStringReference              0x0800ac93   Thumb Code    32  cjson.o(.text)
    cJSON_CreateObjectReference              0x0800acb3   Thumb Code    32  cjson.o(.text)
    cJSON_CreateArrayReference               0x0800acd3   Thumb Code    32  cjson.o(.text)
    cJSON_CreateIntArray                     0x0800acf3   Thumb Code   102  cjson.o(.text)
    cJSON_CreateFloatArray                   0x0800ad59   Thumb Code   102  cjson.o(.text)
    cJSON_CreateDoubleArray                  0x0800adbf   Thumb Code   100  cjson.o(.text)
    cJSON_CreateStringArray                  0x0800ae23   Thumb Code    94  cjson.o(.text)
    cJSON_Duplicate                          0x0800ae81   Thumb Code   178  cjson.o(.text)
    cJSON_Minify                             0x0800b003   Thumb Code   158  cjson.o(.text)
    cJSON_IsInvalid                          0x0800b0a1   Thumb Code    20  cjson.o(.text)
    cJSON_IsFalse                            0x0800b0b5   Thumb Code    20  cjson.o(.text)
    cJSON_IsTrue                             0x0800b0c9   Thumb Code    22  cjson.o(.text)
    cJSON_IsBool                             0x0800b0df   Thumb Code    24  cjson.o(.text)
    cJSON_IsNull                             0x0800b0f7   Thumb Code    22  cjson.o(.text)
    cJSON_IsNumber                           0x0800b10d   Thumb Code    22  cjson.o(.text)
    cJSON_IsArray                            0x0800b123   Thumb Code    22  cjson.o(.text)
    cJSON_IsObject                           0x0800b139   Thumb Code    22  cjson.o(.text)
    cJSON_IsRaw                              0x0800b14f   Thumb Code    22  cjson.o(.text)
    cJSON_Compare                            0x0800b165   Thumb Code   392  cjson.o(.text)
    cJSON_malloc                             0x0800b2ed   Thumb Code    14  cjson.o(.text)
    itoa                                     0x0800b313   Thumb Code   170  lcd_u4.o(.text)
    ltoa                                     0x0800b3bd   Thumb Code   170  lcd_u4.o(.text)
    HexToStr                                 0x0800b467   Thumb Code    82  lcd_u4.o(.text)
    StrToHex                                 0x0800b4b9   Thumb Code    80  lcd_u4.o(.text)
    lcd_at_response                          0x0800b509   Thumb Code    56  lcd_u4.o(.text)
    send_cmd_to_lcd_pic                      0x0800b541   Thumb Code   132  lcd_u4.o(.text)
    send_cmd_to_lcd_bl_len                   0x0800b5c5   Thumb Code   148  lcd_u4.o(.text)
    send_cmd_to_lcd_bl                       0x0800b659   Thumb Code   128  lcd_u4.o(.text)
    ComputXor                                0x0800b6d9   Thumb Code    26  lcd_u4.o(.text)
    send_cmd_to_lock                         0x0800b6f3   Thumb Code   140  lcd_u4.o(.text)
    send_cmd_to_lock_all                     0x0800b77f   Thumb Code   128  lcd_u4.o(.text)
    delay_init                               0x0800b8b1   Thumb Code    50  delay.o(.text)
    delay_us                                 0x0800b8e3   Thumb Code    72  delay.o(.text)
    delay_ms                                 0x0800b92b   Thumb Code    72  delay.o(.text)
    _sys_exit                                0x0800b985   Thumb Code     6  usart.o(.text)
    fputc                                    0x0800b98b   Thumb Code    24  usart.o(.text)
    uart_init                                0x0800b9a3   Thumb Code   152  usart.o(.text)
    USART1_IRQHandler                        0x0800ba3b   Thumb Code   122  usart.o(.text)
    Reset_Handler                            0x0800bac5   Thumb Code     8  startup_stm32f10x_hd.o(.text)
    ADC1_2_IRQHandler                        0x0800badf   Thumb Code     0  startup_stm32f10x_hd.o(.text)
    ADC3_IRQHandler                          0x0800badf   Thumb Code     0  startup_stm32f10x_hd.o(.text)
    CAN1_RX1_IRQHandler                      0x0800badf   Thumb Code     0  startup_stm32f10x_hd.o(.text)
    CAN1_SCE_IRQHandler                      0x0800badf   Thumb Code     0  startup_stm32f10x_hd.o(.text)
    DMA1_Channel1_IRQHandler                 0x0800badf   Thumb Code     0  startup_stm32f10x_hd.o(.text)
    DMA1_Channel2_IRQHandler                 0x0800badf   Thumb Code     0  startup_stm32f10x_hd.o(.text)
    DMA1_Channel3_IRQHandler                 0x0800badf   Thumb Code     0  startup_stm32f10x_hd.o(.text)
    DMA1_Channel4_IRQHandler                 0x0800badf   Thumb Code     0  startup_stm32f10x_hd.o(.text)
    DMA1_Channel5_IRQHandler                 0x0800badf   Thumb Code     0  startup_stm32f10x_hd.o(.text)
    DMA1_Channel6_IRQHandler                 0x0800badf   Thumb Code     0  startup_stm32f10x_hd.o(.text)
    DMA1_Channel7_IRQHandler                 0x0800badf   Thumb Code     0  startup_stm32f10x_hd.o(.text)
    DMA2_Channel1_IRQHandler                 0x0800badf   Thumb Code     0  startup_stm32f10x_hd.o(.text)
    DMA2_Channel2_IRQHandler                 0x0800badf   Thumb Code     0  startup_stm32f10x_hd.o(.text)
    DMA2_Channel3_IRQHandler                 0x0800badf   Thumb Code     0  startup_stm32f10x_hd.o(.text)
    DMA2_Channel4_5_IRQHandler               0x0800badf   Thumb Code     0  startup_stm32f10x_hd.o(.text)
    EXTI0_IRQHandler                         0x0800badf   Thumb Code     0  startup_stm32f10x_hd.o(.text)
    EXTI15_10_IRQHandler                     0x0800badf   Thumb Code     0  startup_stm32f10x_hd.o(.text)
    EXTI1_IRQHandler                         0x0800badf   Thumb Code     0  startup_stm32f10x_hd.o(.text)
    EXTI2_IRQHandler                         0x0800badf   Thumb Code     0  startup_stm32f10x_hd.o(.text)
    EXTI3_IRQHandler                         0x0800badf   Thumb Code     0  startup_stm32f10x_hd.o(.text)
    EXTI4_IRQHandler                         0x0800badf   Thumb Code     0  startup_stm32f10x_hd.o(.text)
    EXTI9_5_IRQHandler                       0x0800badf   Thumb Code     0  startup_stm32f10x_hd.o(.text)
    FLASH_IRQHandler                         0x0800badf   Thumb Code     0  startup_stm32f10x_hd.o(.text)
    FSMC_IRQHandler                          0x0800badf   Thumb Code     0  startup_stm32f10x_hd.o(.text)
    I2C1_ER_IRQHandler                       0x0800badf   Thumb Code     0  startup_stm32f10x_hd.o(.text)
    I2C1_EV_IRQHandler                       0x0800badf   Thumb Code     0  startup_stm32f10x_hd.o(.text)
    I2C2_ER_IRQHandler                       0x0800badf   Thumb Code     0  startup_stm32f10x_hd.o(.text)
    I2C2_EV_IRQHandler                       0x0800badf   Thumb Code     0  startup_stm32f10x_hd.o(.text)
    PVD_IRQHandler                           0x0800badf   Thumb Code     0  startup_stm32f10x_hd.o(.text)
    RCC_IRQHandler                           0x0800badf   Thumb Code     0  startup_stm32f10x_hd.o(.text)
    RTCAlarm_IRQHandler                      0x0800badf   Thumb Code     0  startup_stm32f10x_hd.o(.text)
    RTC_IRQHandler                           0x0800badf   Thumb Code     0  startup_stm32f10x_hd.o(.text)
    SDIO_IRQHandler                          0x0800badf   Thumb Code     0  startup_stm32f10x_hd.o(.text)
    SPI1_IRQHandler                          0x0800badf   Thumb Code     0  startup_stm32f10x_hd.o(.text)
    SPI2_IRQHandler                          0x0800badf   Thumb Code     0  startup_stm32f10x_hd.o(.text)
    SPI3_IRQHandler                          0x0800badf   Thumb Code     0  startup_stm32f10x_hd.o(.text)
    TAMPER_IRQHandler                        0x0800badf   Thumb Code     0  startup_stm32f10x_hd.o(.text)
    TIM1_BRK_IRQHandler                      0x0800badf   Thumb Code     0  startup_stm32f10x_hd.o(.text)
    TIM1_CC_IRQHandler                       0x0800badf   Thumb Code     0  startup_stm32f10x_hd.o(.text)
    TIM1_TRG_COM_IRQHandler                  0x0800badf   Thumb Code     0  startup_stm32f10x_hd.o(.text)
    TIM1_UP_IRQHandler                       0x0800badf   Thumb Code     0  startup_stm32f10x_hd.o(.text)
    TIM5_IRQHandler                          0x0800badf   Thumb Code     0  startup_stm32f10x_hd.o(.text)
    TIM6_IRQHandler                          0x0800badf   Thumb Code     0  startup_stm32f10x_hd.o(.text)
    TIM7_IRQHandler                          0x0800badf   Thumb Code     0  startup_stm32f10x_hd.o(.text)
    TIM8_BRK_IRQHandler                      0x0800badf   Thumb Code     0  startup_stm32f10x_hd.o(.text)
    TIM8_CC_IRQHandler                       0x0800badf   Thumb Code     0  startup_stm32f10x_hd.o(.text)
    TIM8_TRG_COM_IRQHandler                  0x0800badf   Thumb Code     0  startup_stm32f10x_hd.o(.text)
    TIM8_UP_IRQHandler                       0x0800badf   Thumb Code     0  startup_stm32f10x_hd.o(.text)
    UART5_IRQHandler                         0x0800badf   Thumb Code     0  startup_stm32f10x_hd.o(.text)
    USBWakeUp_IRQHandler                     0x0800badf   Thumb Code     0  startup_stm32f10x_hd.o(.text)
    USB_HP_CAN1_TX_IRQHandler                0x0800badf   Thumb Code     0  startup_stm32f10x_hd.o(.text)
    USB_LP_CAN1_RX0_IRQHandler               0x0800badf   Thumb Code     0  startup_stm32f10x_hd.o(.text)
    WWDG_IRQHandler                          0x0800badf   Thumb Code     0  startup_stm32f10x_hd.o(.text)
    GPIO_DeInit                              0x0800bae9   Thumb Code   172  stm32f10x_gpio.o(.text)
    GPIO_AFIODeInit                          0x0800bb95   Thumb Code    20  stm32f10x_gpio.o(.text)
    GPIO_Init                                0x0800bba9   Thumb Code   278  stm32f10x_gpio.o(.text)
    GPIO_StructInit                          0x0800bcbf   Thumb Code    16  stm32f10x_gpio.o(.text)
    GPIO_ReadInputDataBit                    0x0800bccf   Thumb Code    18  stm32f10x_gpio.o(.text)
    GPIO_ReadInputData                       0x0800bce1   Thumb Code     8  stm32f10x_gpio.o(.text)
    GPIO_ReadOutputDataBit                   0x0800bce9   Thumb Code    18  stm32f10x_gpio.o(.text)
    GPIO_ReadOutputData                      0x0800bcfb   Thumb Code     8  stm32f10x_gpio.o(.text)
    GPIO_SetBits                             0x0800bd03   Thumb Code     4  stm32f10x_gpio.o(.text)
    GPIO_ResetBits                           0x0800bd07   Thumb Code     4  stm32f10x_gpio.o(.text)
    GPIO_WriteBit                            0x0800bd0b   Thumb Code    10  stm32f10x_gpio.o(.text)
    GPIO_Write                               0x0800bd15   Thumb Code     4  stm32f10x_gpio.o(.text)
    GPIO_PinLockConfig                       0x0800bd19   Thumb Code    18  stm32f10x_gpio.o(.text)
    GPIO_EventOutputConfig                   0x0800bd2b   Thumb Code    26  stm32f10x_gpio.o(.text)
    GPIO_EventOutputCmd                      0x0800bd45   Thumb Code     6  stm32f10x_gpio.o(.text)
    GPIO_PinRemapConfig                      0x0800bd4b   Thumb Code   138  stm32f10x_gpio.o(.text)
    GPIO_EXTILineConfig                      0x0800bdd5   Thumb Code    66  stm32f10x_gpio.o(.text)
    GPIO_ETH_MediaInterfaceConfig            0x0800be17   Thumb Code     8  stm32f10x_gpio.o(.text)
    RCC_DeInit                               0x0800be45   Thumb Code    64  stm32f10x_rcc.o(.text)
    RCC_HSEConfig                            0x0800be85   Thumb Code    70  stm32f10x_rcc.o(.text)
    RCC_GetFlagStatus                        0x0800becb   Thumb Code    56  stm32f10x_rcc.o(.text)
    RCC_WaitForHSEStartUp                    0x0800bf03   Thumb Code    56  stm32f10x_rcc.o(.text)
    RCC_AdjustHSICalibrationValue            0x0800bf3b   Thumb Code    20  stm32f10x_rcc.o(.text)
    RCC_HSICmd                               0x0800bf4f   Thumb Code     6  stm32f10x_rcc.o(.text)
    RCC_PLLConfig                            0x0800bf55   Thumb Code    24  stm32f10x_rcc.o(.text)
    RCC_PLLCmd                               0x0800bf6d   Thumb Code     6  stm32f10x_rcc.o(.text)
    RCC_SYSCLKConfig                         0x0800bf73   Thumb Code    18  stm32f10x_rcc.o(.text)
    RCC_GetSYSCLKSource                      0x0800bf85   Thumb Code    10  stm32f10x_rcc.o(.text)
    RCC_HCLKConfig                           0x0800bf8f   Thumb Code    18  stm32f10x_rcc.o(.text)
    RCC_PCLK1Config                          0x0800bfa1   Thumb Code    18  stm32f10x_rcc.o(.text)
    RCC_PCLK2Config                          0x0800bfb3   Thumb Code    20  stm32f10x_rcc.o(.text)
    RCC_ITConfig                             0x0800bfc7   Thumb Code    26  stm32f10x_rcc.o(.text)
    RCC_USBCLKConfig                         0x0800bfe1   Thumb Code     8  stm32f10x_rcc.o(.text)
    RCC_ADCCLKConfig                         0x0800bfe9   Thumb Code    18  stm32f10x_rcc.o(.text)
    RCC_LSEConfig                            0x0800bffb   Thumb Code    50  stm32f10x_rcc.o(.text)
    RCC_LSICmd                               0x0800c02d   Thumb Code     6  stm32f10x_rcc.o(.text)
    RCC_RTCCLKConfig                         0x0800c033   Thumb Code    12  stm32f10x_rcc.o(.text)
    RCC_RTCCLKCmd                            0x0800c03f   Thumb Code     8  stm32f10x_rcc.o(.text)
    RCC_GetClocksFreq                        0x0800c047   Thumb Code   192  stm32f10x_rcc.o(.text)
    RCC_AHBPeriphClockCmd                    0x0800c107   Thumb Code    26  stm32f10x_rcc.o(.text)
    RCC_APB2PeriphClockCmd                   0x0800c121   Thumb Code    26  stm32f10x_rcc.o(.text)
    RCC_APB1PeriphClockCmd                   0x0800c13b   Thumb Code    26  stm32f10x_rcc.o(.text)
    RCC_APB2PeriphResetCmd                   0x0800c155   Thumb Code    26  stm32f10x_rcc.o(.text)
    RCC_APB1PeriphResetCmd                   0x0800c16f   Thumb Code    26  stm32f10x_rcc.o(.text)
    RCC_BackupResetCmd                       0x0800c189   Thumb Code     8  stm32f10x_rcc.o(.text)
    RCC_ClockSecuritySystemCmd               0x0800c191   Thumb Code     6  stm32f10x_rcc.o(.text)
    RCC_MCOConfig                            0x0800c197   Thumb Code     6  stm32f10x_rcc.o(.text)
    RCC_ClearFlag                            0x0800c19d   Thumb Code    14  stm32f10x_rcc.o(.text)
    RCC_GetITStatus                          0x0800c1ab   Thumb Code    20  stm32f10x_rcc.o(.text)
    RCC_ClearITPendingBit                    0x0800c1bf   Thumb Code     6  stm32f10x_rcc.o(.text)
    USART_DeInit                             0x0800c1e9   Thumb Code   134  stm32f10x_usart.o(.text)
    USART_Init                               0x0800c26f   Thumb Code   210  stm32f10x_usart.o(.text)
    USART_StructInit                         0x0800c341   Thumb Code    24  stm32f10x_usart.o(.text)
    USART_ClockInit                          0x0800c359   Thumb Code    34  stm32f10x_usart.o(.text)
    USART_ClockStructInit                    0x0800c37b   Thumb Code    12  stm32f10x_usart.o(.text)
    USART_Cmd                                0x0800c387   Thumb Code    24  stm32f10x_usart.o(.text)
    USART_ITConfig                           0x0800c39f   Thumb Code    74  stm32f10x_usart.o(.text)
    USART_DMACmd                             0x0800c3e9   Thumb Code    18  stm32f10x_usart.o(.text)
    USART_SetAddress                         0x0800c3fb   Thumb Code    18  stm32f10x_usart.o(.text)
    USART_WakeUpConfig                       0x0800c40d   Thumb Code    18  stm32f10x_usart.o(.text)
    USART_ReceiverWakeUpCmd                  0x0800c41f   Thumb Code    24  stm32f10x_usart.o(.text)
    USART_LINBreakDetectLengthConfig         0x0800c437   Thumb Code    18  stm32f10x_usart.o(.text)
    USART_LINCmd                             0x0800c449   Thumb Code    24  stm32f10x_usart.o(.text)
    USART_SendData                           0x0800c461   Thumb Code     8  stm32f10x_usart.o(.text)
    USART_ReceiveData                        0x0800c469   Thumb Code    10  stm32f10x_usart.o(.text)
    USART_SendBreak                          0x0800c473   Thumb Code    10  stm32f10x_usart.o(.text)
    USART_SetGuardTime                       0x0800c47d   Thumb Code    16  stm32f10x_usart.o(.text)
    USART_SetPrescaler                       0x0800c48d   Thumb Code    16  stm32f10x_usart.o(.text)
    USART_SmartCardCmd                       0x0800c49d   Thumb Code    24  stm32f10x_usart.o(.text)
    USART_SmartCardNACKCmd                   0x0800c4b5   Thumb Code    24  stm32f10x_usart.o(.text)
    USART_HalfDuplexCmd                      0x0800c4cd   Thumb Code    24  stm32f10x_usart.o(.text)
    USART_OverSampling8Cmd                   0x0800c4e5   Thumb Code    22  stm32f10x_usart.o(.text)
    USART_OneBitMethodCmd                    0x0800c4fb   Thumb Code    24  stm32f10x_usart.o(.text)
    USART_IrDAConfig                         0x0800c513   Thumb Code    18  stm32f10x_usart.o(.text)
    USART_IrDACmd                            0x0800c525   Thumb Code    24  stm32f10x_usart.o(.text)
    USART_GetFlagStatus                      0x0800c53d   Thumb Code    26  stm32f10x_usart.o(.text)
    USART_ClearFlag                          0x0800c557   Thumb Code    18  stm32f10x_usart.o(.text)
    USART_GetITStatus                        0x0800c569   Thumb Code    84  stm32f10x_usart.o(.text)
    USART_ClearITPendingBit                  0x0800c5bd   Thumb Code    52  stm32f10x_usart.o(.text)
    NVIC_PriorityGroupConfig                 0x0800c5f1   Thumb Code    10  misc.o(.text)
    NVIC_Init                                0x0800c5fb   Thumb Code   100  misc.o(.text)
    NVIC_SetVectorTable                      0x0800c65f   Thumb Code    14  misc.o(.text)
    NVIC_SystemLPConfig                      0x0800c66d   Thumb Code    34  misc.o(.text)
    SysTick_CLKSourceConfig                  0x0800c68f   Thumb Code    40  misc.o(.text)
    SPI_I2S_DeInit                           0x0800c6cd   Thumb Code    76  stm32f10x_spi.o(.text)
    SPI_Init                                 0x0800c719   Thumb Code    60  stm32f10x_spi.o(.text)
    I2S_Init                                 0x0800c755   Thumb Code   226  stm32f10x_spi.o(.text)
    SPI_StructInit                           0x0800c837   Thumb Code    24  stm32f10x_spi.o(.text)
    I2S_StructInit                           0x0800c84f   Thumb Code    20  stm32f10x_spi.o(.text)
    SPI_Cmd                                  0x0800c863   Thumb Code    24  stm32f10x_spi.o(.text)
    I2S_Cmd                                  0x0800c87b   Thumb Code    24  stm32f10x_spi.o(.text)
    SPI_I2S_ITConfig                         0x0800c893   Thumb Code    32  stm32f10x_spi.o(.text)
    SPI_I2S_DMACmd                           0x0800c8b3   Thumb Code    18  stm32f10x_spi.o(.text)
    SPI_I2S_SendData                         0x0800c8c5   Thumb Code     4  stm32f10x_spi.o(.text)
    SPI_I2S_ReceiveData                      0x0800c8c9   Thumb Code     6  stm32f10x_spi.o(.text)
    SPI_NSSInternalSoftwareConfig            0x0800c8cf   Thumb Code    30  stm32f10x_spi.o(.text)
    SPI_SSOutputCmd                          0x0800c8ed   Thumb Code    24  stm32f10x_spi.o(.text)
    SPI_DataSizeConfig                       0x0800c905   Thumb Code    18  stm32f10x_spi.o(.text)
    SPI_TransmitCRC                          0x0800c917   Thumb Code    10  stm32f10x_spi.o(.text)
    SPI_CalculateCRC                         0x0800c921   Thumb Code    24  stm32f10x_spi.o(.text)
    SPI_GetCRC                               0x0800c939   Thumb Code    16  stm32f10x_spi.o(.text)
    SPI_GetCRCPolynomial                     0x0800c949   Thumb Code     6  stm32f10x_spi.o(.text)
    SPI_BiDirectionalLineConfig              0x0800c94f   Thumb Code    28  stm32f10x_spi.o(.text)
    SPI_I2S_GetFlagStatus                    0x0800c96b   Thumb Code    18  stm32f10x_spi.o(.text)
    SPI_I2S_ClearFlag                        0x0800c97d   Thumb Code     6  stm32f10x_spi.o(.text)
    SPI_I2S_GetITStatus                      0x0800c983   Thumb Code    52  stm32f10x_spi.o(.text)
    SPI_I2S_ClearITPendingBit                0x0800c9b7   Thumb Code    20  stm32f10x_spi.o(.text)
    TIM_DeInit                               0x0800c9d9   Thumb Code   424  stm32f10x_tim.o(.text)
    TIM_TimeBaseInit                         0x0800cb81   Thumb Code   122  stm32f10x_tim.o(.text)
    TIM_OC1Init                              0x0800cbfb   Thumb Code   132  stm32f10x_tim.o(.text)
    TIM_OC2Init                              0x0800cc7f   Thumb Code   154  stm32f10x_tim.o(.text)
    TIM_OC3Init                              0x0800cd19   Thumb Code   150  stm32f10x_tim.o(.text)
    TIM_OC4Init                              0x0800cdaf   Thumb Code   182  stm32f10x_tim.o(.text)
    TIM_SetIC4Prescaler                      0x0800ce65   Thumb Code    26  stm32f10x_tim.o(.text)
    TIM_SetIC3Prescaler                      0x0800cf01   Thumb Code    18  stm32f10x_tim.o(.text)
    TIM_SetIC2Prescaler                      0x0800cf8d   Thumb Code    26  stm32f10x_tim.o(.text)
    TIM_SetIC1Prescaler                      0x0800d029   Thumb Code    18  stm32f10x_tim.o(.text)
    TIM_ICInit                               0x0800d0a7   Thumb Code   150  stm32f10x_tim.o(.text)
    TIM_PWMIConfig                           0x0800d13d   Thumb Code   124  stm32f10x_tim.o(.text)
    TIM_BDTRConfig                           0x0800d1b9   Thumb Code    32  stm32f10x_tim.o(.text)
    TIM_TimeBaseStructInit                   0x0800d1d9   Thumb Code    18  stm32f10x_tim.o(.text)
    TIM_OCStructInit                         0x0800d1eb   Thumb Code    20  stm32f10x_tim.o(.text)
    TIM_ICStructInit                         0x0800d1ff   Thumb Code    18  stm32f10x_tim.o(.text)
    TIM_BDTRStructInit                       0x0800d211   Thumb Code    40  stm32f10x_tim.o(.text)
    TIM_Cmd                                  0x0800d239   Thumb Code    24  stm32f10x_tim.o(.text)
    TIM_CtrlPWMOutputs                       0x0800d251   Thumb Code    30  stm32f10x_tim.o(.text)
    TIM_ITConfig                             0x0800d26f   Thumb Code    18  stm32f10x_tim.o(.text)
    TIM_GenerateEvent                        0x0800d281   Thumb Code     4  stm32f10x_tim.o(.text)
    TIM_DMAConfig                            0x0800d285   Thumb Code    10  stm32f10x_tim.o(.text)
    TIM_DMACmd                               0x0800d28f   Thumb Code    18  stm32f10x_tim.o(.text)
    TIM_InternalClockConfig                  0x0800d2a1   Thumb Code    12  stm32f10x_tim.o(.text)
    TIM_SelectInputTrigger                   0x0800d2ad   Thumb Code    18  stm32f10x_tim.o(.text)
    TIM_ITRxExternalClockConfig              0x0800d2bf   Thumb Code    24  stm32f10x_tim.o(.text)
    TIM_TIxExternalClockConfig               0x0800d2d7   Thumb Code    62  stm32f10x_tim.o(.text)
    TIM_ETRConfig                            0x0800d315   Thumb Code    28  stm32f10x_tim.o(.text)
    TIM_ETRClockMode1Config                  0x0800d331   Thumb Code    54  stm32f10x_tim.o(.text)
    TIM_ETRClockMode2Config                  0x0800d367   Thumb Code    32  stm32f10x_tim.o(.text)
    TIM_PrescalerConfig                      0x0800d387   Thumb Code     6  stm32f10x_tim.o(.text)
    TIM_CounterModeConfig                    0x0800d38d   Thumb Code    18  stm32f10x_tim.o(.text)
    TIM_EncoderInterfaceConfig               0x0800d39f   Thumb Code    66  stm32f10x_tim.o(.text)
    TIM_ForcedOC1Config                      0x0800d3e1   Thumb Code    18  stm32f10x_tim.o(.text)
    TIM_ForcedOC2Config                      0x0800d3f3   Thumb Code    26  stm32f10x_tim.o(.text)
    TIM_ForcedOC3Config                      0x0800d40d   Thumb Code    18  stm32f10x_tim.o(.text)
    TIM_ForcedOC4Config                      0x0800d41f   Thumb Code    26  stm32f10x_tim.o(.text)
    TIM_ARRPreloadConfig                     0x0800d439   Thumb Code    24  stm32f10x_tim.o(.text)
    TIM_SelectCOM                            0x0800d451   Thumb Code    24  stm32f10x_tim.o(.text)
    TIM_SelectCCDMA                          0x0800d469   Thumb Code    24  stm32f10x_tim.o(.text)
    TIM_CCPreloadControl                     0x0800d481   Thumb Code    24  stm32f10x_tim.o(.text)
    TIM_OC1PreloadConfig                     0x0800d499   Thumb Code    18  stm32f10x_tim.o(.text)
    TIM_OC2PreloadConfig                     0x0800d4ab   Thumb Code    26  stm32f10x_tim.o(.text)
    TIM_OC3PreloadConfig                     0x0800d4c5   Thumb Code    18  stm32f10x_tim.o(.text)
    TIM_OC4PreloadConfig                     0x0800d4d7   Thumb Code    26  stm32f10x_tim.o(.text)
    TIM_OC1FastConfig                        0x0800d4f1   Thumb Code    18  stm32f10x_tim.o(.text)
    TIM_OC2FastConfig                        0x0800d503   Thumb Code    26  stm32f10x_tim.o(.text)
    TIM_OC3FastConfig                        0x0800d51d   Thumb Code    18  stm32f10x_tim.o(.text)
    TIM_OC4FastConfig                        0x0800d52f   Thumb Code    26  stm32f10x_tim.o(.text)
    TIM_ClearOC1Ref                          0x0800d549   Thumb Code    18  stm32f10x_tim.o(.text)
    TIM_ClearOC2Ref                          0x0800d55b   Thumb Code    24  stm32f10x_tim.o(.text)
    TIM_ClearOC3Ref                          0x0800d573   Thumb Code    18  stm32f10x_tim.o(.text)
    TIM_ClearOC4Ref                          0x0800d585   Thumb Code    24  stm32f10x_tim.o(.text)
    TIM_OC1PolarityConfig                    0x0800d59d   Thumb Code    18  stm32f10x_tim.o(.text)
    TIM_OC1NPolarityConfig                   0x0800d5af   Thumb Code    18  stm32f10x_tim.o(.text)
    TIM_OC2PolarityConfig                    0x0800d5c1   Thumb Code    26  stm32f10x_tim.o(.text)
    TIM_OC2NPolarityConfig                   0x0800d5db   Thumb Code    26  stm32f10x_tim.o(.text)
    TIM_OC3PolarityConfig                    0x0800d5f5   Thumb Code    26  stm32f10x_tim.o(.text)
    TIM_OC3NPolarityConfig                   0x0800d60f   Thumb Code    26  stm32f10x_tim.o(.text)
    TIM_OC4PolarityConfig                    0x0800d629   Thumb Code    26  stm32f10x_tim.o(.text)
    TIM_CCxCmd                               0x0800d643   Thumb Code    30  stm32f10x_tim.o(.text)
    TIM_CCxNCmd                              0x0800d661   Thumb Code    30  stm32f10x_tim.o(.text)
    TIM_SelectOCxM                           0x0800d67f   Thumb Code    82  stm32f10x_tim.o(.text)
    TIM_UpdateDisableConfig                  0x0800d6d1   Thumb Code    24  stm32f10x_tim.o(.text)
    TIM_UpdateRequestConfig                  0x0800d6e9   Thumb Code    24  stm32f10x_tim.o(.text)
    TIM_SelectHallSensor                     0x0800d701   Thumb Code    24  stm32f10x_tim.o(.text)
    TIM_SelectOnePulseMode                   0x0800d719   Thumb Code    18  stm32f10x_tim.o(.text)
    TIM_SelectOutputTrigger                  0x0800d72b   Thumb Code    18  stm32f10x_tim.o(.text)
    TIM_SelectSlaveMode                      0x0800d73d   Thumb Code    18  stm32f10x_tim.o(.text)
    TIM_SelectMasterSlaveMode                0x0800d74f   Thumb Code    18  stm32f10x_tim.o(.text)
    TIM_SetCounter                           0x0800d761   Thumb Code     4  stm32f10x_tim.o(.text)
    TIM_SetAutoreload                        0x0800d765   Thumb Code     4  stm32f10x_tim.o(.text)
    TIM_SetCompare1                          0x0800d769   Thumb Code     4  stm32f10x_tim.o(.text)
    TIM_SetCompare2                          0x0800d76d   Thumb Code     4  stm32f10x_tim.o(.text)
    TIM_SetCompare3                          0x0800d771   Thumb Code     4  stm32f10x_tim.o(.text)
    TIM_SetCompare4                          0x0800d775   Thumb Code     6  stm32f10x_tim.o(.text)
    TIM_SetClockDivision                     0x0800d77b   Thumb Code    18  stm32f10x_tim.o(.text)
    TIM_GetCapture1                          0x0800d78d   Thumb Code     6  stm32f10x_tim.o(.text)
    TIM_GetCapture2                          0x0800d793   Thumb Code     6  stm32f10x_tim.o(.text)
    TIM_GetCapture3                          0x0800d799   Thumb Code     6  stm32f10x_tim.o(.text)
    TIM_GetCapture4                          0x0800d79f   Thumb Code     8  stm32f10x_tim.o(.text)
    TIM_GetCounter                           0x0800d7a7   Thumb Code     6  stm32f10x_tim.o(.text)
    TIM_GetPrescaler                         0x0800d7ad   Thumb Code     6  stm32f10x_tim.o(.text)
    TIM_GetFlagStatus                        0x0800d7b3   Thumb Code    18  stm32f10x_tim.o(.text)
    TIM_ClearFlag                            0x0800d7c5   Thumb Code     6  stm32f10x_tim.o(.text)
    TIM_GetITStatus                          0x0800d7cb   Thumb Code    34  stm32f10x_tim.o(.text)
    TIM_ClearITPendingBit                    0x0800d7ed   Thumb Code     6  stm32f10x_tim.o(.text)
    DMA_DeInit                               0x0800d7f5   Thumb Code   324  stm32f10x_dma.o(.text)
    DMA_Init                                 0x0800d939   Thumb Code    60  stm32f10x_dma.o(.text)
    DMA_StructInit                           0x0800d975   Thumb Code    26  stm32f10x_dma.o(.text)
    DMA_Cmd                                  0x0800d98f   Thumb Code    24  stm32f10x_dma.o(.text)
    DMA_ITConfig                             0x0800d9a7   Thumb Code    18  stm32f10x_dma.o(.text)
    DMA_SetCurrDataCounter                   0x0800d9b9   Thumb Code     4  stm32f10x_dma.o(.text)
    DMA_GetCurrDataCounter                   0x0800d9bd   Thumb Code     8  stm32f10x_dma.o(.text)
    DMA_GetFlagStatus                        0x0800d9c5   Thumb Code    40  stm32f10x_dma.o(.text)
    DMA_ClearFlag                            0x0800d9ed   Thumb Code    22  stm32f10x_dma.o(.text)
    DMA_GetITStatus                          0x0800da03   Thumb Code    40  stm32f10x_dma.o(.text)
    DMA_ClearITPendingBit                    0x0800da2b   Thumb Code    22  stm32f10x_dma.o(.text)
    mymemcpy                                 0x0800da49   Thumb Code    26  malloc.o(.text)
    mymemset                                 0x0800da63   Thumb Code    20  malloc.o(.text)
    mem_init                                 0x0800da77   Thumb Code    38  malloc.o(.text)
    mem_perused                              0x0800da9d   Thumb Code    42  malloc.o(.text)
    mem_malloc                               0x0800dac7   Thumb Code   116  malloc.o(.text)
    mem_free                                 0x0800db3b   Thumb Code    66  malloc.o(.text)
    myfree                                   0x0800db7d   Thumb Code    24  malloc.o(.text)
    mymalloc                                 0x0800db95   Thumb Code    28  malloc.o(.text)
    myrealloc                                0x0800dbb1   Thumb Code    50  malloc.o(.text)
    ff_convert                               0x0800dbe9   Thumb Code   146  mycc936.o(.text)
    ff_wtoupper                              0x0800dc7b   Thumb Code    46  mycc936.o(.text)
    Get_HzMat                                0x0800dcb5   Thumb Code   220  text.o(.text)
    Show_Font                                0x0800dd91   Thumb Code   190  text.o(.text)
    Show_Str                                 0x0800de4f   Thumb Code   192  text.o(.text)
    Show_Str_Mid                             0x0800df0f   Thumb Code   106  text.o(.text)
    delay_xs                                 0x0800df9b   Thumb Code    32  sim900a.o(.text)
    UTF8toUnicode                            0x0800dfbb   Thumb Code   242  sim900a.o(.text)
    cjson_to_struct_info_qrcode              0x0800e0ad   Thumb Code   280  sim900a.o(.text)
    sim900a_check_cmd                        0x0800e1c5   Thumb Code    44  sim900a.o(.text)
    sim900a_send_cmd                         0x0800e1f1   Thumb Code   104  sim900a.o(.text)
    cjson_to_struct_info                     0x0800e259   Thumb Code  1740  sim900a.o(.text)
    sim_at_response_https                    0x0800e925   Thumb Code    58  sim900a.o(.text)
    sim_at_response                          0x0800e95f   Thumb Code   750  sim900a.o(.text)
    sim900a_chr2hex                          0x0800ec4d   Thumb Code    54  sim900a.o(.text)
    sim900a_hex2chr                          0x0800ec83   Thumb Code    34  sim900a.o(.text)
    sim900a_unigbk_exchange                  0x0800eca5   Thumb Code   236  sim900a.o(.text)
    sim900a_load_keyboard                    0x0800ed91   Thumb Code   292  sim900a.o(.text)
    sim900a_key_staset                       0x0800eeb5   Thumb Code   294  sim900a.o(.text)
    sim900a_get_keynum                       0x0800efdb   Thumb Code   230  sim900a.o(.text)
    sim900a_call_test                        0x0800f0c1   Thumb Code  1112  sim900a.o(.text)
    sim900a_sms_read_test                    0x0800f519   Thumb Code  1200  sim900a.o(.text)
    sim900a_sms_send_test                    0x0800f9c9   Thumb Code   854  sim900a.o(.text)
    sim900a_sms_ui                           0x0800fd1f   Thumb Code   152  sim900a.o(.text)
    sim900a_sms_test                         0x0800fdb7   Thumb Code   172  sim900a.o(.text)
    sim900a_tcpudp_test                      0x0800fe63   Thumb Code  1550  sim900a.o(.text)
    sim900a_gprs_ui                          0x08010471   Thumb Code   152  sim900a.o(.text)
    uart0_debug_data_h2                      0x08010509   Thumb Code    42  sim900a.o(.text)
    sim900a_gprs_test                        0x08010533   Thumb Code  1088  sim900a.o(.text)
    sim900a_mtest_ui                         0x08010973   Thumb Code  1226  sim900a.o(.text)
    sim900a_gsminfo_show                     0x08010e3d   Thumb Code   420  sim900a.o(.text)
    sim900a_test                             0x08010fe1   Thumb Code    10  sim900a.o(.text)
    toupper                                  0x080110b5   Thumb Code    12  toupper.o(.text)
    tolower                                  0x080110c1   Thumb Code    12  tolower.o(.text)
    __aeabi_memcpy                           0x080110cd   Thumb Code    36  memcpya.o(.text)
    __aeabi_memcpy4                          0x080110cd   Thumb Code     0  memcpya.o(.text)
    __aeabi_memcpy8                          0x080110cd   Thumb Code     0  memcpya.o(.text)
    __aeabi_memset                           0x080110f1   Thumb Code    14  memseta.o(.text)
    __aeabi_memset4                          0x080110f1   Thumb Code     0  memseta.o(.text)
    __aeabi_memset8                          0x080110f1   Thumb Code     0  memseta.o(.text)
    __aeabi_memclr                           0x080110ff   Thumb Code     4  memseta.o(.text)
    __aeabi_memclr4                          0x080110ff   Thumb Code     0  memseta.o(.text)
    __aeabi_memclr8                          0x080110ff   Thumb Code     0  memseta.o(.text)
    _memset$wrapper                          0x08011103   Thumb Code    18  memseta.o(.text)
    strstr                                   0x08011115   Thumb Code    36  strstr.o(.text)
    strchr                                   0x08011139   Thumb Code    20  strchr.o(.text)
    strlen                                   0x0801114d   Thumb Code    14  strlen.o(.text)
    strcmp                                   0x0801115b   Thumb Code    28  strcmp.o(.text)
    strcpy                                   0x08011177   Thumb Code    18  strcpy.o(.text)
    strncmp                                  0x08011189   Thumb Code    30  strncmp.o(.text)
    __0sscanf                                0x080111a9   Thumb Code    48  __0sscanf.o(.text)
    _scanf_real                              0x08011309   Thumb Code     0  scanf_fp.o(.text)
    _scanf_really_real                       0x08011309   Thumb Code   556  scanf_fp.o(.text)
    __aeabi_fadd                             0x08011541   Thumb Code   164  fadd.o(.text)
    __aeabi_fsub                             0x080115e5   Thumb Code     6  fadd.o(.text)
    __aeabi_frsub                            0x080115eb   Thumb Code     6  fadd.o(.text)
    __aeabi_fmul                             0x080115f1   Thumb Code   100  fmul.o(.text)
    __aeabi_fdiv                             0x08011655   Thumb Code   124  fdiv.o(.text)
    __aeabi_dadd                             0x080116d1   Thumb Code   322  dadd.o(.text)
    __aeabi_dsub                             0x08011813   Thumb Code     6  dadd.o(.text)
    __aeabi_drsub                            0x08011819   Thumb Code     6  dadd.o(.text)
    __aeabi_dmul                             0x0801181f   Thumb Code   228  dmul.o(.text)
    __aeabi_i2f                              0x08011903   Thumb Code    18  fflti.o(.text)
    __aeabi_ui2f                             0x08011915   Thumb Code    10  ffltui.o(.text)
    __aeabi_i2d                              0x0801191f   Thumb Code    34  dflti.o(.text)
    __aeabi_ui2d                             0x08011941   Thumb Code    26  dfltui.o(.text)
    __aeabi_f2iz                             0x0801195b   Thumb Code    50  ffixi.o(.text)
    __aeabi_f2uiz                            0x0801198d   Thumb Code    40  ffixui.o(.text)
    __aeabi_d2iz                             0x080119b5   Thumb Code    62  dfixi.o(.text)
    __aeabi_d2uiz                            0x080119f3   Thumb Code    50  dfixui.o(.text)
    __aeabi_f2d                              0x08011a25   Thumb Code    38  f2d.o(.text)
    __aeabi_cdcmpeq                          0x08011a4d   Thumb Code     0  cdcmple.o(.text)
    __aeabi_cdcmple                          0x08011a4d   Thumb Code    48  cdcmple.o(.text)
    __aeabi_cdrcmple                         0x08011a7d   Thumb Code    48  cdrcmple.o(.text)
    __aeabi_uidiv                            0x08011aad   Thumb Code     0  uidiv.o(.text)
    __aeabi_uidivmod                         0x08011aad   Thumb Code    44  uidiv.o(.text)
    __aeabi_uldivmod                         0x08011ad9   Thumb Code    98  uldiv.o(.text)
    __aeabi_llsl                             0x08011b3b   Thumb Code    30  llshl.o(.text)
    _ll_shift_l                              0x08011b3b   Thumb Code     0  llshl.o(.text)
    __aeabi_llsr                             0x08011b59   Thumb Code    32  llushr.o(.text)
    _ll_ushift_r                             0x08011b59   Thumb Code     0  llushr.o(.text)
    __aeabi_lasr                             0x08011b79   Thumb Code    36  llsshr.o(.text)
    _ll_sshift_r                             0x08011b79   Thumb Code     0  llsshr.o(.text)
    __vfscanf_char                           0x08011ba9   Thumb Code    20  scanf_char.o(.text)
    _sgetc                                   0x08011bc5   Thumb Code    30  _sgetc.o(.text)
    _sbackspace                              0x08011be3   Thumb Code    34  _sgetc.o(.text)
    __strtod_int                             0x08011c3b   Thumb Code    90  strtod.o(.text)
    __I$use$fp                               0x08011ca1   Thumb Code     0  iusefp.o(.text)
    _float_round                             0x08011ca1   Thumb Code    18  fepilogue.o(.text)
    _float_epilogue                          0x08011cb3   Thumb Code    92  fepilogue.o(.text)
    _double_round                            0x08011d0f   Thumb Code    30  depilogue.o(.text)
    _double_epilogue                         0x08011d2d   Thumb Code   156  depilogue.o(.text)
    __aeabi_ddiv                             0x08011dc9   Thumb Code   222  ddiv.o(.text)
    _dsqrt                                   0x08011ea7   Thumb Code   162  dsqrt.o(.text)
    __aeabi_ul2d                             0x08011f49   Thumb Code    24  dfltul.o(.text)
    __aeabi_d2ulz                            0x08011f61   Thumb Code    48  dfixul.o(.text)
    __aeabi_d2f                              0x08011f91   Thumb Code    56  d2f.o(.text)
    __scatterload                            0x08011fc9   Thumb Code    28  init.o(.text)
    __scatterload_rt2                        0x08011fc9   Thumb Code     0  init.o(.text)
    isspace                                  0x08011fed   Thumb Code    10  isspace_c.o(.text)
    __vfscanf                                0x08011ff9   Thumb Code   808  _scanf.o(.text)
    __ctype_lookup                           0x08012325   Thumb Code    34  ctype_c.o(.text)
    __decompress                             0x0801234d   Thumb Code     0  __dczerorl2.o(.text)
    __decompress1                            0x0801234d   Thumb Code    86  __dczerorl2.o(.text)
    __0printf                                0x080123a5   Thumb Code    22  printfa.o(i.__0printf)
    __1printf                                0x080123a5   Thumb Code     0  printfa.o(i.__0printf)
    __2printf                                0x080123a5   Thumb Code     0  printfa.o(i.__0printf)
    __c89printf                              0x080123a5   Thumb Code     0  printfa.o(i.__0printf)
    printf                                   0x080123a5   Thumb Code     0  printfa.o(i.__0printf)
    __0sprintf                               0x080123c5   Thumb Code    34  printfa.o(i.__0sprintf)
    __1sprintf                               0x080123c5   Thumb Code     0  printfa.o(i.__0sprintf)
    __2sprintf                               0x080123c5   Thumb Code     0  printfa.o(i.__0sprintf)
    __c89sprintf                             0x080123c5   Thumb Code     0  printfa.o(i.__0sprintf)
    sprintf                                  0x080123c5   Thumb Code     0  printfa.o(i.__0sprintf)
    __0vsprintf                              0x080123ed   Thumb Code    30  printfa.o(i.__0vsprintf)
    __1vsprintf                              0x080123ed   Thumb Code     0  printfa.o(i.__0vsprintf)
    __2vsprintf                              0x080123ed   Thumb Code     0  printfa.o(i.__0vsprintf)
    __c89vsprintf                            0x080123ed   Thumb Code     0  printfa.o(i.__0vsprintf)
    vsprintf                                 0x080123ed   Thumb Code     0  printfa.o(i.__0vsprintf)
    free                                     0x08012411   Thumb Code    88  mallocr.o(i.__free$realloc)
    malloc                                   0x0801246d   Thumb Code    64  mallocr.o(i.__malloc$realloc)
    __scatterload_copy                       0x080124bd   Thumb Code    14  handlers.o(i.__scatterload_copy)
    __scatterload_null                       0x080124cb   Thumb Code     2  handlers.o(i.__scatterload_null)
    __scatterload_zeroinit                   0x080124cd   Thumb Code    14  handlers.o(i.__scatterload_zeroinit)
    __set_errno                              0x080124dd   Thumb Code     6  errno.o(i.__set_errno)
    _is_digit                                0x0801266d   Thumb Code    14  scanf_fp.o(i._is_digit)
    realloc                                  0x08012e05   Thumb Code   102  mallocr.o(i.realloc)
    sqrt                                     0x08012e71   Thumb Code    76  sqrt.o(i.sqrt)
    strtod                                   0x08012ebd   Thumb Code    28  strtod.o(i.strtod)
    asc2_1206                                0x08012ed8   Data        1140  lcd.o(.constdata)
    asc2_1608                                0x0801334c   Data        1520  lcd.o(.constdata)
    asc2_2412                                0x0801393c   Data        3420  lcd.o(.constdata)
    TP_ADJDIS_TBL                            0x08014698   Data          12  touch.o(.constdata)
    OTT_TPX_TBL                              0x080146a4   Data          10  ott2001a.o(.constdata)
    FT5206_TPX_TBL                           0x080146ae   Data          10  ft5206.o(.constdata)
    GT9147_CFG_TBL                           0x080146b8   Data         184  gt9147.o(.constdata)
    GT9147_TPX_TBL                           0x08014770   Data          10  gt9147.o(.constdata)
    __ctype_categories                       0x08014b48   Data          64  ctype_c.o(.constdata)
    Region$$Table$$Base                      0x08014cd0   Number         0  anon$$obj.o(Region$$Table)
    Region$$Table$$Limit                     0x08014cf0   Number         0  anon$$obj.o(Region$$Table)
    SystemCoreClock                          0x20000000   Data           4  system_stm32f10x.o(.data)
    AHBPrescTable                            0x20000004   Data          16  system_stm32f10x.o(.data)
    PADDING                                  0x20000014   Data          64  md5.o(.data)
    POINT_COLOR                              0x20000056   Data           2  lcd.o(.data)
    BACK_COLOR                               0x20000058   Data           2  lcd.o(.data)
    SPI_FLASH_TYPE                           0x2000005a   Data           2  flash.o(.data)
    tp_dev                                   0x2000005c   Data          52  touch.o(.data)
    CMD_RDX                                  0x20000090   Data           1  touch.o(.data)
    CMD_RDY                                  0x20000091   Data           1  touch.o(.data)
    TP_REMIND_MSG_TBL                        0x20000094   Data           4  touch.o(.data)
    USART2_RX_STA                            0x2000009a   Data           2  usart2.o(.data)
    USART3_RX_STA                            0x2000009e   Data           2  usart3.o(.data)
    USART4_RX_STA                            0x200000a0   Data           2  usart4.o(.data)
    __stdout                                 0x200000bc   Data           4  usart.o(.data)
    USART_RX_STA                             0x200000c0   Data           2  usart.o(.data)
    mallco_dev                               0x200000d8   Data          20  malloc.o(.data)
    kbd_tbl1                                 0x200000ec   Data          52  sim900a.o(.data)
    kbd_tbl2                                 0x20000120   Data          52  sim900a.o(.data)
    kbd_tbl                                  0x20000154   Data           4  sim900a.o(.data)
    kbd_fn_tbl                               0x20000158   Data           8  sim900a.o(.data)
    sim900a_test_msg                         0x20000160   Data           4  sim900a.o(.data)
    modetbl                                  0x20000164   Data           8  sim900a.o(.data)
    __microlib_freelist                      0x20000170   Data           4  mvars.o(.data)
    __microlib_freelist_initialised          0x20000174   Data           4  mvars.o(.data)
    lcddev                                   0x2000017c   Data          14  lcd.o(.bss)
    SPI_InitStructure                        0x2000018a   Data          18  spi.o(.bss)
    USART2_TX_BUF                            0x200001a0   Data        1024  usart2.o(.bss)
    USART2_RX_BUF                            0x200005a0   Data        1024  usart2.o(.bss)
    USART3_TX_BUF                            0x200009a0   Data        1024  usart3.o(.bss)
    USART3_RX_BUF                            0x20000da0   Data        1024  usart3.o(.bss)
    USART4_TX_BUF                            0x200011a0   Data        1024  usart4.o(.bss)
    USART4_RX_BUF                            0x200015a0   Data        1024  usart4.o(.bss)
    USART_RX_BUF                             0x200019af   Data         200  usart.o(.bss)
    membase                                  0x20001a78   Data       35840  malloc.o(.bss)
    memmapbase                               0x2000a678   Data        2240  malloc.o(.bss)
    ftinfo                                   0x2000af38   Data          33  fontupd.o(.bss)
    IMEI_cRes                                0x2000af59   Data         100  sim900a.o(.bss)
    deviceid_decrypt_c                       0x2000afbd   Data          33  sim900a.o(.bss)
    __heap_base                              0x2000afe0   Data           0  startup_stm32f10x_hd.o(HEAP)
    __heap_limit                             0x2000bbe0   Data           0  startup_stm32f10x_hd.o(HEAP)
    __initial_sp                             0x2000bfe0   Data           0  startup_stm32f10x_hd.o(STACK)



==============================================================================

Memory Map of the image

  Image Entry point : 0x08000131

  Load Region LR_IROM1 (Base: 0x08000000, Size: 0x00014e6c, Max: 0x00040000, ABSOLUTE, COMPRESSED[0x00014d7c])

    Execution Region ER_IROM1 (Exec base: 0x08000000, Load base: 0x08000000, Size: 0x00014cf0, Max: 0x00040000, ABSOLUTE)

    Exec Addr    Load Addr    Size         Type   Attr      Idx    E Section Name        Object

    0x08000000   0x08000000   0x00000130   Data   RO          712    RESET               startup_stm32f10x_hd.o
    0x08000130   0x08000130   0x00000000   Code   RO         1041  * .ARM.Collect$$$$00000000  mc_w.l(entry.o)
    0x08000130   0x08000130   0x00000004   Code   RO         1395    .ARM.Collect$$$$00000001  mc_w.l(entry2.o)
    0x08000134   0x08000134   0x00000004   Code   RO         1398    .ARM.Collect$$$$00000004  mc_w.l(entry5.o)
    0x08000138   0x08000138   0x00000000   Code   RO         1400    .ARM.Collect$$$$00000008  mc_w.l(entry7b.o)
    0x08000138   0x08000138   0x00000000   Code   RO         1402    .ARM.Collect$$$$0000000A  mc_w.l(entry8b.o)
    0x08000138   0x08000138   0x00000008   Code   RO         1403    .ARM.Collect$$$$0000000B  mc_w.l(entry9a.o)
    0x08000140   0x08000140   0x00000000   Code   RO         1405    .ARM.Collect$$$$0000000D  mc_w.l(entry10a.o)
    0x08000140   0x08000140   0x00000000   Code   RO         1407    .ARM.Collect$$$$0000000F  mc_w.l(entry11a.o)
    0x08000140   0x08000140   0x00000004   Code   RO         1396    .ARM.Collect$$$$00002712  mc_w.l(entry2.o)
    0x08000144   0x08000144   0x000002a8   Code   RO            1    .text               main.o
    0x080003ec   0x080003ec   0x0000001a   Code   RO          149    .text               stm32f10x_it.o
    0x08000406   0x08000406   0x00000002   PAD
    0x08000408   0x08000408   0x000001e0   Code   RO          199    .text               system_stm32f10x.o
    0x080005e8   0x080005e8   0x00000944   Code   RO          217    .text               md5.o
    0x08000f2c   0x08000f2c   0x000000a0   Code   RO          245    .text               led.o
    0x08000fcc   0x08000fcc   0x000000fc   Code   RO          280    .text               key.o
    0x080010c8   0x080010c8   0x00005846   Code   RO          299    .text               lcd.o
    0x0800690e   0x0800690e   0x00000002   PAD
    0x08006910   0x08006910   0x000000e8   Code   RO          333    .text               spi.o
    0x080069f8   0x080069f8   0x000003c0   Code   RO          351    .text               flash.o
    0x08006db8   0x08006db8   0x00000258   Code   RO          391    .text               myiic.o
    0x08007010   0x08007010   0x0000017a   Code   RO          406    .text               24cxx.o
    0x0800718a   0x0800718a   0x00000002   PAD
    0x0800718c   0x0800718c   0x00000ca4   Code   RO          421    .text               touch.o
    0x08007e30   0x08007e30   0x00000260   Code   RO          458    .text               ctiic.o
    0x08008090   0x08008090   0x0000036c   Code   RO          473    .text               ott2001a.o
    0x080083fc   0x080083fc   0x00000278   Code   RO          493    .text               usart2.o
    0x08008674   0x08008674   0x00000334   Code   RO          519    .text               ft5206.o
    0x080089a8   0x080089a8   0x000003e4   Code   RO          535    .text               gt9147.o
    0x08008d8c   0x08008d8c   0x00000264   Code   RO          551    .text               usart3.o
    0x08008ff0   0x08008ff0   0x00000274   Code   RO          570    .text               usart4.o
    0x08009264   0x08009264   0x0000209c   Code   RO          589    .text               cjson.o
    0x0800b300   0x0800b300   0x000005b0   Code   RO          627    .text               lcd_u4.o
    0x0800b8b0   0x0800b8b0   0x000000d4   Code   RO          646    .text               delay.o
    0x0800b984   0x0800b984   0x00000140   Code   RO          677    .text               usart.o
    0x0800bac4   0x0800bac4   0x00000024   Code   RO          713    .text               startup_stm32f10x_hd.o
    0x0800bae8   0x0800bae8   0x0000035c   Code   RO          717    .text               stm32f10x_gpio.o
    0x0800be44   0x0800be44   0x000003a4   Code   RO          729    .text               stm32f10x_rcc.o
    0x0800c1e8   0x0800c1e8   0x00000408   Code   RO          743    .text               stm32f10x_usart.o
    0x0800c5f0   0x0800c5f0   0x000000dc   Code   RO          755    .text               misc.o
    0x0800c6cc   0x0800c6cc   0x0000030c   Code   RO          767    .text               stm32f10x_spi.o
    0x0800c9d8   0x0800c9d8   0x00000e1a   Code   RO          779    .text               stm32f10x_tim.o
    0x0800d7f2   0x0800d7f2   0x00000002   PAD
    0x0800d7f4   0x0800d7f4   0x00000254   Code   RO          791    .text               stm32f10x_dma.o
    0x0800da48   0x0800da48   0x000001a0   Code   RO          818    .text               malloc.o
    0x0800dbe8   0x0800dbe8   0x000000cc   Code   RO          938    .text               mycc936.o
    0x0800dcb4   0x0800dcb4   0x000002d4   Code   RO          976    .text               text.o
    0x0800df88   0x0800df88   0x0000312c   Code   RO          994    .text               sim900a.o
    0x080110b4   0x080110b4   0x0000000c   Code   RO         1044    .text               mc_w.l(toupper.o)
    0x080110c0   0x080110c0   0x0000000c   Code   RO         1046    .text               mc_w.l(tolower.o)
    0x080110cc   0x080110cc   0x00000024   Code   RO         1048    .text               mc_w.l(memcpya.o)
    0x080110f0   0x080110f0   0x00000024   Code   RO         1050    .text               mc_w.l(memseta.o)
    0x08011114   0x08011114   0x00000024   Code   RO         1052    .text               mc_w.l(strstr.o)
    0x08011138   0x08011138   0x00000014   Code   RO         1054    .text               mc_w.l(strchr.o)
    0x0801114c   0x0801114c   0x0000000e   Code   RO         1056    .text               mc_w.l(strlen.o)
    0x0801115a   0x0801115a   0x0000001c   Code   RO         1058    .text               mc_w.l(strcmp.o)
    0x08011176   0x08011176   0x00000012   Code   RO         1060    .text               mc_w.l(strcpy.o)
    0x08011188   0x08011188   0x0000001e   Code   RO         1062    .text               mc_w.l(strncmp.o)
    0x080111a6   0x080111a6   0x00000002   PAD
    0x080111a8   0x080111a8   0x00000038   Code   RO         1355    .text               mc_w.l(__0sscanf.o)
    0x080111e0   0x080111e0   0x00000360   Code   RO         1357    .text               mc_w.l(scanf_fp.o)
    0x08011540   0x08011540   0x000000b0   Code   RO         1361    .text               mf_w.l(fadd.o)
    0x080115f0   0x080115f0   0x00000064   Code   RO         1363    .text               mf_w.l(fmul.o)
    0x08011654   0x08011654   0x0000007c   Code   RO         1365    .text               mf_w.l(fdiv.o)
    0x080116d0   0x080116d0   0x0000014e   Code   RO         1367    .text               mf_w.l(dadd.o)
    0x0801181e   0x0801181e   0x000000e4   Code   RO         1369    .text               mf_w.l(dmul.o)
    0x08011902   0x08011902   0x00000012   Code   RO         1371    .text               mf_w.l(fflti.o)
    0x08011914   0x08011914   0x0000000a   Code   RO         1373    .text               mf_w.l(ffltui.o)
    0x0801191e   0x0801191e   0x00000022   Code   RO         1375    .text               mf_w.l(dflti.o)
    0x08011940   0x08011940   0x0000001a   Code   RO         1377    .text               mf_w.l(dfltui.o)
    0x0801195a   0x0801195a   0x00000032   Code   RO         1379    .text               mf_w.l(ffixi.o)
    0x0801198c   0x0801198c   0x00000028   Code   RO         1381    .text               mf_w.l(ffixui.o)
    0x080119b4   0x080119b4   0x0000003e   Code   RO         1383    .text               mf_w.l(dfixi.o)
    0x080119f2   0x080119f2   0x00000032   Code   RO         1385    .text               mf_w.l(dfixui.o)
    0x08011a24   0x08011a24   0x00000026   Code   RO         1387    .text               mf_w.l(f2d.o)
    0x08011a4a   0x08011a4a   0x00000002   PAD
    0x08011a4c   0x08011a4c   0x00000030   Code   RO         1389    .text               mf_w.l(cdcmple.o)
    0x08011a7c   0x08011a7c   0x00000030   Code   RO         1391    .text               mf_w.l(cdrcmple.o)
    0x08011aac   0x08011aac   0x0000002c   Code   RO         1409    .text               mc_w.l(uidiv.o)
    0x08011ad8   0x08011ad8   0x00000062   Code   RO         1411    .text               mc_w.l(uldiv.o)
    0x08011b3a   0x08011b3a   0x0000001e   Code   RO         1413    .text               mc_w.l(llshl.o)
    0x08011b58   0x08011b58   0x00000020   Code   RO         1415    .text               mc_w.l(llushr.o)
    0x08011b78   0x08011b78   0x00000024   Code   RO         1417    .text               mc_w.l(llsshr.o)
    0x08011b9c   0x08011b9c   0x00000028   Code   RO         1428    .text               mc_w.l(scanf_char.o)
    0x08011bc4   0x08011bc4   0x00000040   Code   RO         1430    .text               mc_w.l(_sgetc.o)
    0x08011c04   0x08011c04   0x0000009c   Code   RO         1432    .text               mc_w.l(strtod.o)
    0x08011ca0   0x08011ca0   0x00000000   Code   RO         1434    .text               mc_w.l(iusefp.o)
    0x08011ca0   0x08011ca0   0x0000006e   Code   RO         1435    .text               mf_w.l(fepilogue.o)
    0x08011d0e   0x08011d0e   0x000000ba   Code   RO         1437    .text               mf_w.l(depilogue.o)
    0x08011dc8   0x08011dc8   0x000000de   Code   RO         1439    .text               mf_w.l(ddiv.o)
    0x08011ea6   0x08011ea6   0x000000a2   Code   RO         1441    .text               mf_w.l(dsqrt.o)
    0x08011f48   0x08011f48   0x00000018   Code   RO         1443    .text               mf_w.l(dfltul.o)
    0x08011f60   0x08011f60   0x00000030   Code   RO         1445    .text               mf_w.l(dfixul.o)
    0x08011f90   0x08011f90   0x00000038   Code   RO         1447    .text               mf_w.l(d2f.o)
    0x08011fc8   0x08011fc8   0x00000024   Code   RO         1449    .text               mc_w.l(init.o)
    0x08011fec   0x08011fec   0x0000000a   Code   RO         1451    .text               mc_w.l(isspace_c.o)
    0x08011ff6   0x08011ff6   0x00000002   PAD
    0x08011ff8   0x08011ff8   0x0000032c   Code   RO         1453    .text               mc_w.l(_scanf.o)
    0x08012324   0x08012324   0x00000028   Code   RO         1455    .text               mc_w.l(ctype_c.o)
    0x0801234c   0x0801234c   0x00000056   Code   RO         1466    .text               mc_w.l(__dczerorl2.o)
    0x080123a2   0x080123a2   0x00000002   PAD
    0x080123a4   0x080123a4   0x00000020   Code   RO         1299    i.__0printf         mc_w.l(printfa.o)
    0x080123c4   0x080123c4   0x00000028   Code   RO         1301    i.__0sprintf        mc_w.l(printfa.o)
    0x080123ec   0x080123ec   0x00000024   Code   RO         1305    i.__0vsprintf       mc_w.l(printfa.o)
    0x08012410   0x08012410   0x0000005c   Code   RO         1331    i.__free$realloc    mc_w.l(mallocr.o)
    0x0801246c   0x0801246c   0x00000050   Code   RO         1332    i.__malloc$realloc  mc_w.l(mallocr.o)
    0x080124bc   0x080124bc   0x0000000e   Code   RO         1460    i.__scatterload_copy  mc_w.l(handlers.o)
    0x080124ca   0x080124ca   0x00000002   Code   RO         1461    i.__scatterload_null  mc_w.l(handlers.o)
    0x080124cc   0x080124cc   0x0000000e   Code   RO         1462    i.__scatterload_zeroinit  mc_w.l(handlers.o)
    0x080124da   0x080124da   0x00000002   PAD
    0x080124dc   0x080124dc   0x0000000c   Code   RO         1423    i.__set_errno       mc_w.l(errno.o)
    0x080124e8   0x080124e8   0x00000184   Code   RO         1306    i._fp_digits        mc_w.l(printfa.o)
    0x0801266c   0x0801266c   0x0000000e   Code   RO         1359    i._is_digit         mc_w.l(scanf_fp.o)
    0x0801267a   0x0801267a   0x00000002   PAD
    0x0801267c   0x0801267c   0x000006dc   Code   RO         1307    i._printf_core      mc_w.l(printfa.o)
    0x08012d58   0x08012d58   0x00000024   Code   RO         1308    i._printf_post_padding  mc_w.l(printfa.o)
    0x08012d7c   0x08012d7c   0x0000002e   Code   RO         1309    i._printf_pre_padding  mc_w.l(printfa.o)
    0x08012daa   0x08012daa   0x0000000a   Code   RO         1311    i._sputc            mc_w.l(printfa.o)
    0x08012db4   0x08012db4   0x00000050   Code   RO         1333    i.internal_alloc    mc_w.l(mallocr.o)
    0x08012e04   0x08012e04   0x0000006c   Code   RO         1334    i.realloc           mc_w.l(mallocr.o)
    0x08012e70   0x08012e70   0x0000004c   Code   RO         1030    i.sqrt              m_ws.l(sqrt.o)
    0x08012ebc   0x08012ebc   0x0000001c   Code   RO         1038    i.strtod            m_ws.l(strtod.o)
    0x08012ed8   0x08012ed8   0x000017c0   Data   RO          301    .constdata          lcd.o
    0x08014698   0x08014698   0x0000000c   Data   RO          422    .constdata          touch.o
    0x080146a4   0x080146a4   0x0000000a   Data   RO          474    .constdata          ott2001a.o
    0x080146ae   0x080146ae   0x0000000a   Data   RO          520    .constdata          ft5206.o
    0x080146b8   0x080146b8   0x000000c2   Data   RO          536    .constdata          gt9147.o
    0x0801477a   0x0801477a   0x000003c0   Data   RO          939    .constdata          mycc936.o
    0x08014b3a   0x08014b3a   0x00000002   PAD
    0x08014b3c   0x08014b3c   0x0000000c   Data   RO          996    .constdata          sim900a.o
    0x08014b48   0x08014b48   0x00000040   Data   RO         1456    .constdata          mc_w.l(ctype_c.o)
    0x08014b88   0x08014b88   0x00000079   Data   RO          423    .conststring        touch.o
    0x08014c01   0x08014c01   0x00000003   PAD
    0x08014c04   0x08014c04   0x000000c9   Data   RO          997    .conststring        sim900a.o
    0x08014ccd   0x08014ccd   0x00000003   PAD
    0x08014cd0   0x08014cd0   0x00000020   Data   RO         1458    Region$$Table       anon$$obj.o


    Execution Region RW_IRAM1 (Exec base: 0x20000000, Load base: 0x08014cf0, Size: 0x0000bfe0, Max: 0x0000c000, ABSOLUTE, COMPRESSED[0x0000008c])

    Exec Addr    Load Addr    Size         Type   Attr      Idx    E Section Name        Object

    0x20000000   COMPRESSED   0x00000014   Data   RW          200    .data               system_stm32f10x.o
    0x20000014   COMPRESSED   0x00000040   Data   RW          218    .data               md5.o
    0x20000054   COMPRESSED   0x00000001   Data   RW          281    .data               key.o
    0x20000055   COMPRESSED   0x00000001   PAD
    0x20000056   COMPRESSED   0x00000004   Data   RW          302    .data               lcd.o
    0x2000005a   COMPRESSED   0x00000002   Data   RW          352    .data               flash.o
    0x2000005c   COMPRESSED   0x0000003c   Data   RW          424    .data               touch.o
    0x20000098   COMPRESSED   0x00000001   Data   RW          475    .data               ott2001a.o
    0x20000099   COMPRESSED   0x00000001   PAD
    0x2000009a   COMPRESSED   0x00000002   Data   RW          495    .data               usart2.o
    0x2000009c   COMPRESSED   0x00000001   Data   RW          521    .data               ft5206.o
    0x2000009d   COMPRESSED   0x00000001   Data   RW          537    .data               gt9147.o
    0x2000009e   COMPRESSED   0x00000002   Data   RW          553    .data               usart3.o
    0x200000a0   COMPRESSED   0x00000002   Data   RW          572    .data               usart4.o
    0x200000a2   COMPRESSED   0x00000002   PAD
    0x200000a4   COMPRESSED   0x00000014   Data   RW          591    .data               cjson.o
    0x200000b8   COMPRESSED   0x00000004   Data   RW          647    .data               delay.o
    0x200000bc   COMPRESSED   0x00000006   Data   RW          679    .data               usart.o
    0x200000c2   COMPRESSED   0x00000014   Data   RW          730    .data               stm32f10x_rcc.o
    0x200000d6   COMPRESSED   0x00000002   PAD
    0x200000d8   COMPRESSED   0x00000014   Data   RW          821    .data               malloc.o
    0x200000ec   COMPRESSED   0x00000081   Data   RW          998    .data               sim900a.o
    0x2000016d   COMPRESSED   0x00000003   PAD
    0x20000170   COMPRESSED   0x00000004   Data   RW         1419    .data               mc_w.l(mvars.o)
    0x20000174   COMPRESSED   0x00000004   Data   RW         1420    .data               mc_w.l(mvars.o)
    0x20000178   COMPRESSED   0x00000004   Data   RW         1424    .data               mc_w.l(errno.o)
    0x2000017c        -       0x0000000e   Zero   RW          300    .bss                lcd.o
    0x2000018a        -       0x00000012   Zero   RW          334    .bss                spi.o
    0x2000019c   COMPRESSED   0x00000004   PAD
    0x200001a0        -       0x00000800   Zero   RW          494    .bss                usart2.o
    0x200009a0        -       0x00000800   Zero   RW          552    .bss                usart3.o
    0x200011a0        -       0x00000800   Zero   RW          571    .bss                usart4.o
    0x200019a0        -       0x0000000f   Zero   RW          590    .bss                cjson.o
    0x200019af        -       0x000000c8   Zero   RW          678    .bss                usart.o
    0x20001a77   COMPRESSED   0x00000001   PAD
    0x20001a78        -       0x000094c0   Zero   RW          819    .bss                malloc.o
    0x2000af38        -       0x00000021   Zero   RW          956    .bss                fontupd.o
    0x2000af59        -       0x00000085   Zero   RW          995    .bss                sim900a.o
    0x2000afde   COMPRESSED   0x00000002   PAD
    0x2000afe0        -       0x00000c00   Zero   RW          711    HEAP                startup_stm32f10x_hd.o
    0x2000bbe0        -       0x00000400   Zero   RW          710    STACK               startup_stm32f10x_hd.o


==============================================================================

Image component sizes


      Code (inc. data)   RO Data    RW Data    ZI Data      Debug   Object Name

       378          0          0          0          0       3074   24cxx.o
      8348        162          0         20         15      40614   cjson.o
       608         18          0          0          0       2161   ctiic.o
       212         18          0          4          0       1315   delay.o
         0          0          0          0          0       3276   exfuns.o
       960         16          0          2          0       5240   flash.o
         0          0          0          0         33       1745   fontupd.o
       820         36         10          1          0       2939   ft5206.o
       996         70        194          1          0       3346   gt9147.o
       252         16          0          1          0        972   key.o
     22598        208       6080          4         14      25691   lcd.o
      1456        178          0          0          0       5684   lcd_u4.o
       160         10          0          0          0     206479   led.o
       680        192          0          0          0     228131   main.o
       416          6          0         20      38080       4533   malloc.o
      2372        264          0         64          0       4688   md5.o
       220         22          0          0          0       2073   misc.o
       204         12        960          0          0       1877   mycc936.o
       600         12          0          0          0       2012   myiic.o
       876         56         10          1          0       3107   ott2001a.o
     12588       3536        213        129        133      17507   sim900a.o
       232         12          0          0         18       1577   spi.o
        36          8        304          0       4096        888   startup_stm32f10x_hd.o
       596          8          0          0          0       4634   stm32f10x_dma.o
       860         38          0          0          0       6005   stm32f10x_gpio.o
        26          0          0          0          0      62386   stm32f10x_it.o
       932         36          0         20          0       9316   stm32f10x_rcc.o
       780         14          0          0          0       6886   stm32f10x_spi.o
      3610         88          0          0          0      23112   stm32f10x_tim.o
      1032         22          0          0          0       8728   stm32f10x_usart.o
         0          0          0          0          0         32   sys.o
       480         38          0         20          0       2147   system_stm32f10x.o
       724         16          0          0          0       3352   text.o
      3236        202        133         60          0       7279   touch.o
       320         16          0          6        200       3582   usart.o
       632         28          0          2       2048       4125   usart2.o
       612         26          0          2       2048       3399   usart3.o
       628         68          0          2       2048       3484   usart4.o

    ----------------------------------------------------------------------
     69488       5452       7944        368      48740     717396   Object Totals
         0          0         32          0          0          0   (incl. Generated)
         8          0          8          9          7          0   (incl. Padding)

    ----------------------------------------------------------------------

      Code (inc. data)   RO Data    RW Data    ZI Data      Debug   Library Member Name

        76          0          0          0          0         84   sqrt.o
        28          0          0          0          0         80   strtod.o
        56          8          0          0          0         84   __0sscanf.o
        86          0          0          0          0          0   __dczerorl2.o
       812          4          0          0          0        112   _scanf.o
        64          0          0          0          0         84   _sgetc.o
        40          6         64          0          0         68   ctype_c.o
         0          0          0          0          0          0   entry.o
         0          0          0          0          0          0   entry10a.o
         0          0          0          0          0          0   entry11a.o
         8          4          0          0          0          0   entry2.o
         4          0          0          0          0          0   entry5.o
         0          0          0          0          0          0   entry7b.o
         0          0          0          0          0          0   entry8b.o
         8          4          0          0          0          0   entry9a.o
        12          6          0          4          0         68   errno.o
        30          0          0          0          0          0   handlers.o
        36          8          0          0          0         68   init.o
        10          0          0          0          0         68   isspace_c.o
         0          0          0          0          0          0   iusefp.o
        30          0          0          0          0         68   llshl.o
        36          0          0          0          0         68   llsshr.o
        32          0          0          0          0         68   llushr.o
       360         30          0          0          0        356   mallocr.o
        36          0          0          0          0         68   memcpya.o
        36          0          0          0          0        108   memseta.o
         0          0          0          8          0          0   mvars.o
      2344        102          0          0          0        684   printfa.o
        40          8          0          0          0         84   scanf_char.o
       878         12          0          0          0        216   scanf_fp.o
        20          0          0          0          0         68   strchr.o
        28          0          0          0          0         76   strcmp.o
        18          0          0          0          0         68   strcpy.o
        14          0          0          0          0         68   strlen.o
        30          0          0          0          0         80   strncmp.o
        36          0          0          0          0         80   strstr.o
       156         12          0          0          0        120   strtod.o
        12          0          0          0          0         68   tolower.o
        12          0          0          0          0         68   toupper.o
        44          0          0          0          0         80   uidiv.o
        98          0          0          0          0         92   uldiv.o
        48          0          0          0          0         68   cdcmple.o
        48          0          0          0          0         68   cdrcmple.o
        56          0          0          0          0         88   d2f.o
       334          0          0          0          0        148   dadd.o
       222          0          0          0          0        100   ddiv.o
       186          0          0          0          0        176   depilogue.o
        62          0          0          0          0         80   dfixi.o
        50          0          0          0          0         76   dfixui.o
        48          0          0          0          0         68   dfixul.o
        34          0          0          0          0         76   dflti.o
        26          0          0          0          0         76   dfltui.o
        24          0          0          0          0         76   dfltul.o
       228          0          0          0          0         96   dmul.o
       162          0          0          0          0        100   dsqrt.o
        38          0          0          0          0         68   f2d.o
       176          0          0          0          0        140   fadd.o
       124          0          0          0          0         88   fdiv.o
       110          0          0          0          0        168   fepilogue.o
        50          0          0          0          0         68   ffixi.o
        40          0          0          0          0         68   ffixui.o
        18          0          0          0          0         68   fflti.o
        10          0          0          0          0         68   ffltui.o
       100          0          0          0          0         76   fmul.o

    ----------------------------------------------------------------------
      7736        204         64         12          0       5412   Library Totals
        12          0          0          0          0          0   (incl. Padding)

    ----------------------------------------------------------------------

      Code (inc. data)   RO Data    RW Data    ZI Data      Debug   Library Name

       104          0          0          0          0        164   m_ws.l
      5426        204         64         12          0       3140   mc_w.l
      2194          0          0          0          0       2108   mf_w.l

    ----------------------------------------------------------------------
      7736        204         64         12          0       5412   Library Totals

    ----------------------------------------------------------------------

==============================================================================


      Code (inc. data)   RO Data    RW Data    ZI Data      Debug   

     77224       5656       8008        380      48740     717060   Grand Totals
     77224       5656       8008        140      48740     717060   ELF Image Totals (compressed)
     77224       5656       8008        140          0          0   ROM Totals

==============================================================================

    Total RO  Size (Code + RO Data)                85232 (  83.23kB)
    Total RW  Size (RW Data + ZI Data)             49120 (  47.97kB)
    Total ROM Size (Code + RO Data + RW Data)      85372 (  83.37kB)

==============================================================================

